Archive member included to satisfy reference by file (symbol)

/usr/lib/gcc/arm-none-eabi/4.9.3/armv7-m/libgcc.a(_arm_addsubdf3.o)
                              obj_cc26x0-cc13x0/ble-hal-cc26xx.o (__aeabi_ui2d)
/usr/lib/gcc/arm-none-eabi/4.9.3/armv7-m/libgcc.a(_arm_muldivdf3.o)
                              obj_cc26x0-cc13x0/ble-hal-cc26xx.o (__aeabi_dmul)
/usr/lib/gcc/arm-none-eabi/4.9.3/armv7-m/libgcc.a(_arm_fixunsdfsi.o)
                              obj_cc26x0-cc13x0/ble-hal-cc26xx.o (__aeabi_d2uiz)
/usr/lib/gcc/arm-none-eabi/4.9.3/armv7-m/libgcc.a(_aeabi_uldivmod.o)
                              obj_cc26x0-cc13x0/rf-core.o (__aeabi_uldivmod)
/usr/lib/gcc/arm-none-eabi/4.9.3/armv7-m/libgcc.a(bpabi.o)
                              /usr/lib/gcc/arm-none-eabi/4.9.3/armv7-m/libgcc.a(_aeabi_uldivmod.o) (__gnu_uldivmod_helper)
/usr/lib/gcc/arm-none-eabi/4.9.3/armv7-m/libgcc.a(_dvmd_tls.o)
                              /usr/lib/gcc/arm-none-eabi/4.9.3/armv7-m/libgcc.a(_aeabi_uldivmod.o) (__aeabi_ldiv0)
/usr/lib/gcc/arm-none-eabi/4.9.3/armv7-m/libgcc.a(_divdi3.o)
                              /usr/lib/gcc/arm-none-eabi/4.9.3/armv7-m/libgcc.a(bpabi.o) (__divdi3)
/usr/lib/gcc/arm-none-eabi/4.9.3/armv7-m/libgcc.a(_udivdi3.o)
                              /usr/lib/gcc/arm-none-eabi/4.9.3/armv7-m/libgcc.a(bpabi.o) (__udivdi3)
/usr/lib/gcc/arm-none-eabi/4.9.3/../../../arm-none-eabi/lib/armv7-m/libc.a(lib_a-abs.o)
                              app.o (abs)
/usr/lib/gcc/arm-none-eabi/4.9.3/../../../arm-none-eabi/lib/armv7-m/libc.a(lib_a-atoi.o)
                              obj_cc26x0-cc13x0/lpm-mode.o (atoi)
/usr/lib/gcc/arm-none-eabi/4.9.3/../../../arm-none-eabi/lib/armv7-m/libc.a(lib_a-ctype_.o)
                              obj_cc26x0-cc13x0/resolv.o (__ctype_ptr__)
/usr/lib/gcc/arm-none-eabi/4.9.3/../../../arm-none-eabi/lib/armv7-m/libc.a(lib_a-memchr.o)
                              obj_cc26x0-cc13x0/coap.o (memchr)
/usr/lib/gcc/arm-none-eabi/4.9.3/../../../arm-none-eabi/lib/armv7-m/libc.a(lib_a-memcmp.o)
                              obj_cc26x0-cc13x0/coap-observe.o (memcmp)
/usr/lib/gcc/arm-none-eabi/4.9.3/../../../arm-none-eabi/lib/armv7-m/libc.a(lib_a-memcpy.o)
                              obj_cc26x0-cc13x0/prop-mode.o (memcpy)
/usr/lib/gcc/arm-none-eabi/4.9.3/../../../arm-none-eabi/lib/armv7-m/libc.a(lib_a-memmove.o)
                              obj_cc26x0-cc13x0/coap.o (memmove)
/usr/lib/gcc/arm-none-eabi/4.9.3/../../../arm-none-eabi/lib/armv7-m/libc.a(lib_a-memset.o)
                              obj_cc26x0-cc13x0/prop-mode.o (memset)
/usr/lib/gcc/arm-none-eabi/4.9.3/../../../arm-none-eabi/lib/armv7-m/libc.a(lib_a-rand.o)
                              obj_cc26x0-cc13x0/coap-transactions.o (rand)
/usr/lib/gcc/arm-none-eabi/4.9.3/../../../arm-none-eabi/lib/armv7-m/libc.a(lib_a-reent.o)
                              obj_cc26x0-cc13x0/syscalls.o (errno)
/usr/lib/gcc/arm-none-eabi/4.9.3/../../../arm-none-eabi/lib/armv7-m/libc.a(lib_a-strcasecmp.o)
                              obj_cc26x0-cc13x0/resolv.o (strcasecmp)
/usr/lib/gcc/arm-none-eabi/4.9.3/../../../arm-none-eabi/lib/armv7-m/libc.a(lib_a-strchr.o)
                              obj_cc26x0-cc13x0/coap.o (strchr)
/usr/lib/gcc/arm-none-eabi/4.9.3/../../../arm-none-eabi/lib/armv7-m/libc.a(lib_a-strcmp.o)
                              obj_cc26x0-cc13x0/log.o (strcmp)
/usr/lib/gcc/arm-none-eabi/4.9.3/../../../arm-none-eabi/lib/armv7-m/libc.a(lib_a-strlen.o)
                              obj_cc26x0-cc13x0/rf-ble.o (strlen)
/usr/lib/gcc/arm-none-eabi/4.9.3/../../../arm-none-eabi/lib/armv7-m/libc.a(lib_a-strncasecmp.o)
                              obj_cc26x0-cc13x0/resolv.o (strncasecmp)
/usr/lib/gcc/arm-none-eabi/4.9.3/../../../arm-none-eabi/lib/armv7-m/libc.a(lib_a-strncat.o)
                              obj_cc26x0-cc13x0/resolv.o (strncat)
/usr/lib/gcc/arm-none-eabi/4.9.3/../../../arm-none-eabi/lib/armv7-m/libc.a(lib_a-strncmp.o)
                              obj_cc26x0-cc13x0/coap-engine.o (strncmp)
/usr/lib/gcc/arm-none-eabi/4.9.3/../../../arm-none-eabi/lib/armv7-m/libc.a(lib_a-strncpy.o)
                              obj_cc26x0-cc13x0/coap-observe.o (strncpy)
/usr/lib/gcc/arm-none-eabi/4.9.3/../../../arm-none-eabi/lib/armv7-m/libc.a(lib_a-strtol.o)
                              /usr/lib/gcc/arm-none-eabi/4.9.3/../../../arm-none-eabi/lib/armv7-m/libc.a(lib_a-atoi.o) (_strtol_r)
/usr/lib/gcc/arm-none-eabi/4.9.3/../../../arm-none-eabi/lib/armv7-m/libc.a(lib_a-freer.o)
                              /usr/lib/gcc/arm-none-eabi/4.9.3/../../../arm-none-eabi/lib/armv7-m/libc.a(lib_a-reent.o) (_free_r)
/usr/lib/gcc/arm-none-eabi/4.9.3/../../../arm-none-eabi/lib/armv7-m/libc.a(lib_a-impure.o)
                              /usr/lib/gcc/arm-none-eabi/4.9.3/../../../arm-none-eabi/lib/armv7-m/libc.a(lib_a-rand.o) (_impure_ptr)
/usr/lib/gcc/arm-none-eabi/4.9.3/../../../arm-none-eabi/lib/armv7-m/libc.a(lib_a-mallocr.o)
[...]
Memory Configuration

Name             Origin             Length             Attributes
FLASH            0x0000000000000000 0x000000000001ffa8 xr
FLASH_CCFG       0x000000000001ffa8 0x0000000000000058 xr
SRAM             0x0000000020000000 0x0000000000005000 xrw
GPRAM            0x0000000011000000 0x0000000000002000 xrw
*default*        0x0000000000000000 0xffffffffffffffff

Linker script and memory map

LOAD obj_cc26x0-cc13x0/fault-handlers.o
LOAD obj_cc26x0-cc13x0/ccfg.o
LOAD obj_cc26x0-cc13x0/startup_gcc.o
LOAD obj_cc26x0-cc13x0/platform.o
LOAD obj_cc26x0-cc13x0/leds-arch.o
LOAD obj_cc26x0-cc13x0/board.o
LOAD obj_cc26x0-cc13x0/board-buttons.o
LOAD obj_cc26x0-cc13x0/xmem.o
LOAD obj_cc26x0-cc13x0/smartrf-settings.o
LOAD obj_cc26x0-cc13x0/prop-mode.o
LOAD obj_cc26x0-cc13x0/prop-mode-tx-power.o
LOAD obj_cc26x0-cc13x0/cc13xx-50kbps-tsch.o
LOAD obj_cc26x0-cc13x0/clock.o
LOAD obj_cc26x0-cc13x0/rtimer-arch.o
LOAD obj_cc26x0-cc13x0/soc-rtc.o
LOAD obj_cc26x0-cc13x0/uart.o
LOAD obj_cc26x0-cc13x0/contiki-watchdog.o
LOAD obj_cc26x0-cc13x0/aux-ctrl.o
LOAD obj_cc26x0-cc13x0/dbg.o
LOAD obj_cc26x0-cc13x0/ieee-addr.o
LOAD obj_cc26x0-cc13x0/batmon-sensor.o
LOAD obj_cc26x0-cc13x0/adc-sensor.o
LOAD obj_cc26x0-cc13x0/slip-arch.o
LOAD obj_cc26x0-cc13x0/slip.o
LOAD obj_cc26x0-cc13x0/cc26xx-uart.o
LOAD obj_cc26x0-cc13x0/lpm.o
LOAD obj_cc26x0-cc13x0/gpio-interrupt.o
LOAD obj_cc26x0-cc13x0/gpio-hal-arch.o
LOAD obj_cc26x0-cc13x0/oscillators.o
LOAD obj_cc26x0-cc13x0/rf-core.o
LOAD obj_cc26x0-cc13x0/rf-ble.o
LOAD obj_cc26x0-cc13x0/ieee-mode.o
LOAD obj_cc26x0-cc13x0/ble-cc2650.o
LOAD obj_cc26x0-cc13x0/ble-hal-cc26xx.o
LOAD obj_cc26x0-cc13x0/ble-addr.o
LOAD obj_cc26x0-cc13x0/rf-ble-cmd.o
LOAD obj_cc26x0-cc13x0/random.o
LOAD obj_cc26x0-cc13x0/soc-trng.o
LOAD obj_cc26x0-cc13x0/int-master.o
LOAD obj_cc26x0-cc13x0/spi-arch.o
LOAD obj_cc26x0-cc13x0/coap-observe-client.o
LOAD obj_cc26x0-cc13x0/coap-blocking-api.o
LOAD obj_cc26x0-cc13x0/coap-callback-api.o
LOAD obj_cc26x0-cc13x0/coap-engine.o
LOAD obj_cc26x0-cc13x0/coap-separate.o
LOAD obj_cc26x0-cc13x0/coap-observe.o
LOAD obj_cc26x0-cc13x0/coap-timer-default.o
LOAD obj_cc26x0-cc13x0/coap-transactions.o
LOAD obj_cc26x0-cc13x0/coap-res-well-known-core.o
LOAD obj_cc26x0-cc13x0/coap-keystore-simple.o
LOAD obj_cc26x0-cc13x0/coap-log.o
LOAD obj_cc26x0-cc13x0/coap-uip.o
LOAD obj_cc26x0-cc13x0/coap-timer.o
LOAD obj_cc26x0-cc13x0/coap-block1.o
LOAD obj_cc26x0-cc13x0/coap.o
LOAD obj_cc26x0-cc13x0/contiki-main.o
LOAD obj_cc26x0-cc13x0/stimer.o
LOAD obj_cc26x0-cc13x0/log.o
LOAD obj_cc26x0-cc13x0/autostart.o
LOAD obj_cc26x0-cc13x0/energest.o
LOAD obj_cc26x0-cc13x0/etimer.o
LOAD obj_cc26x0-cc13x0/node-id.o
LOAD obj_cc26x0-cc13x0/mutex.o
LOAD obj_cc26x0-cc13x0/ctimer.o
LOAD obj_cc26x0-cc13x0/compower.o
LOAD obj_cc26x0-cc13x0/process.o
LOAD obj_cc26x0-cc13x0/rtimer.o
LOAD obj_cc26x0-cc13x0/timer.o
LOAD obj_cc26x0-cc13x0/stack-check.o
LOAD obj_cc26x0-cc13x0/button-hal.o
LOAD obj_cc26x0-cc13x0/serial-line.o
LOAD obj_cc26x0-cc13x0/spi.o
LOAD obj_cc26x0-cc13x0/leds.o
LOAD obj_cc26x0-cc13x0/nullradio.o
LOAD obj_cc26x0-cc13x0/gpio-hal.o
LOAD obj_cc26x0-cc13x0/dbl-circ-list.o
LOAD obj_cc26x0-cc13x0/crc16.o
LOAD obj_cc26x0-cc13x0/ifft.o
LOAD obj_cc26x0-cc13x0/ccm-star.o
LOAD obj_cc26x0-cc13x0/sensors.o
LOAD obj_cc26x0-cc13x0/dbl-list.o
LOAD obj_cc26x0-cc13x0/ringbufindex.o
LOAD obj_cc26x0-cc13x0/list.o
LOAD obj_cc26x0-cc13x0/circular-list.o
LOAD obj_cc26x0-cc13x0/aes-128.o
LOAD obj_cc26x0-cc13x0/trickle-timer.o
LOAD obj_cc26x0-cc13x0/memb.o
LOAD obj_cc26x0-cc13x0/heapmem.o
LOAD obj_cc26x0-cc13x0/assert.o
LOAD obj_cc26x0-cc13x0/ringbuf.o
LOAD obj_cc26x0-cc13x0/queuebuf.o
LOAD obj_cc26x0-cc13x0/nbr-table.o
LOAD obj_cc26x0-cc13x0/packetbuf.o
LOAD obj_cc26x0-cc13x0/netstack.o
LOAD obj_cc26x0-cc13x0/linkaddr.o
LOAD obj_cc26x0-cc13x0/net-debug.o
LOAD obj_cc26x0-cc13x0/link-stats.o
LOAD obj_cc26x0-cc13x0/mac-sequence.o
LOAD obj_cc26x0-cc13x0/mac.o
LOAD obj_cc26x0-cc13x0/frame802154e-ie.o
LOAD obj_cc26x0-cc13x0/framer-802154.o
LOAD obj_cc26x0-cc13x0/nullframer.o
LOAD obj_cc26x0-cc13x0/frame802154.o
LOAD obj_cc26x0-cc13x0/ext-flash.o
LOAD obj_cc26x0-cc13x0/driverlib_release.o
LOAD obj_cc26x0-cc13x0/udma.o
LOAD obj_cc26x0-cc13x0/ssi.o
LOAD obj_cc26x0-cc13x0/aux_wuc.o
LOAD obj_cc26x0-cc13x0/rom_crypto.o
LOAD obj_cc26x0-cc13x0/watchdog.o
LOAD obj_cc26x0-cc13x0/aon_rtc.o
LOAD obj_cc26x0-cc13x0/osc.o
LOAD obj_cc26x0-cc13x0/smph.o
LOAD obj_cc26x0-cc13x0/aon_ioc.o
LOAD obj_cc26x0-cc13x0/i2c.o
LOAD obj_cc26x0-cc13x0/aon_wuc.o
LOAD obj_cc26x0-cc13x0/crypto.o
LOAD obj_cc26x0-cc13x0/adi.o
LOAD obj_cc26x0-cc13x0/rfc.o
LOAD obj_cc26x0-cc13x0/ioc.o
LOAD obj_cc26x0-cc13x0/ddi.o
LOAD obj_cc26x0-cc13x0/setup.o
LOAD obj_cc26x0-cc13x0/aon_batmon.o
LOAD obj_cc26x0-cc13x0/sys_ctrl.o
LOAD obj_cc26x0-cc13x0/interrupt.o
LOAD obj_cc26x0-cc13x0/aux_tdc.o
LOAD obj_cc26x0-cc13x0/ccfgread.o
LOAD obj_cc26x0-cc13x0/flash.o
LOAD obj_cc26x0-cc13x0/vims.o
LOAD obj_cc26x0-cc13x0/gpio.o
LOAD obj_cc26x0-cc13x0/cpu.o
LOAD obj_cc26x0-cc13x0/pwr_ctrl.o
LOAD obj_cc26x0-cc13x0/event.o
LOAD obj_cc26x0-cc13x0/setup_rom.o
LOAD obj_cc26x0-cc13x0/aon_event.o
LOAD obj_cc26x0-cc13x0/prcm.o
LOAD obj_cc26x0-cc13x0/aux_timer.o
LOAD obj_cc26x0-cc13x0/i2s.o
LOAD obj_cc26x0-cc13x0/systick.o
LOAD obj_cc26x0-cc13x0/aux_smph.o
LOAD obj_cc26x0-cc13x0/aux_adc.o
LOAD obj_cc26x0-cc13x0/chipinfo.o
LOAD obj_cc26x0-cc13x0/trng.o
LOAD obj_cc26x0-cc13x0/syscalls.o
LOAD obj_cc26x0-cc13x0/strformat.o
LOAD obj_cc26x0-cc13x0/printf.o
LOAD obj_cc26x0-cc13x0/sprintf.o
LOAD obj_cc26x0-cc13x0/snprintf.o
LOAD obj_cc26x0-cc13x0/puts.o
LOAD obj_cc26x0-cc13x0/putchar.o
LOAD obj_cc26x0-cc13x0/csma.o
LOAD obj_cc26x0-cc13x0/csma-output.o
LOAD obj_cc26x0-cc13x0/uipbuf.o
LOAD obj_cc26x0-cc13x0/uip-icmp6.o
LOAD obj_cc26x0-cc13x0/uip-sr.o
LOAD obj_cc26x0-cc13x0/uip-ds6.o
LOAD obj_cc26x0-cc13x0/uip-packetqueue.o
LOAD obj_cc26x0-cc13x0/tcp-socket.o
LOAD obj_cc26x0-cc13x0/uiplib.o
LOAD obj_cc26x0-cc13x0/ip64-addr.o
LOAD obj_cc26x0-cc13x0/uip-udp-packet.o
LOAD obj_cc26x0-cc13x0/uip-ds6-route.o
LOAD obj_cc26x0-cc13x0/psock.o
LOAD obj_cc26x0-cc13x0/tcpip.o
LOAD obj_cc26x0-cc13x0/uip6.o
LOAD obj_cc26x0-cc13x0/resolv.o
LOAD obj_cc26x0-cc13x0/uip-ds6-nbr.o
LOAD obj_cc26x0-cc13x0/uip-nameserver.o
LOAD obj_cc26x0-cc13x0/uip-nd6.o
LOAD obj_cc26x0-cc13x0/udp-socket.o
LOAD obj_cc26x0-cc13x0/simple-udp.o
LOAD obj_cc26x0-cc13x0/sicslowpan.o
LOAD obj_cc26x0-cc13x0/rpl-nbr-policy.o
LOAD obj_cc26x0-cc13x0/rpl-of0.o
LOAD obj_cc26x0-cc13x0/rpl-neighbor.o
LOAD obj_cc26x0-cc13x0/rpl-dag.o
LOAD obj_cc26x0-cc13x0/rpl-timers.o
LOAD obj_cc26x0-cc13x0/rpl-ext-header.o
LOAD obj_cc26x0-cc13x0/rpl.o
LOAD obj_cc26x0-cc13x0/rpl-mrhof.o
LOAD obj_cc26x0-cc13x0/rpl-icmp6.o
LOAD obj_cc26x0-cc13x0/rpl-dag-root.o
LOAD app.o
LOAD obj_cc26x0-cc13x0/pressure.o
LOAD obj_cc26x0-cc13x0/lpm-mode.o
START GROUP
LOAD /usr/lib/gcc/arm-none-eabi/4.9.3/../../../arm-none-eabi/lib/armv7-m/libm.a
END GROUP
START GROUP
LOAD /usr/lib/gcc/arm-none-eabi/4.9.3/armv7-m/libgcc.a
LOAD /usr/lib/gcc/arm-none-eabi/4.9.3/../../../arm-none-eabi/lib/armv7-m/libc.a
END GROUP
                0x0000000020005000                _estack = (ORIGIN (SRAM) + LENGTH (SRAM))
                0x0000000000000000                _Min_Heap_Size = 0x0
                0x0000000000000400                _Min_Stack_Size = 0x400

.text           0x0000000000000000    0x118f0
                0x0000000000000000                _text = .
 *(SORT(.vectors))
 .vectors       0x0000000000000000       0xc8 obj_cc26x0-cc13x0/startup_gcc.o
                0x0000000000000000                g_pfnVectors
 *(SORT(.text*))
 .text.FaultISR
                0x00000000000000c8       0x18 obj_cc26x0-cc13x0/fault-handlers.o
                0x00000000000000c8                FaultISR
 .text.NmiSRHandler
                0x00000000000000e0        0x4 obj_cc26x0-cc13x0/startup_gcc.o
                0x00000000000000e0                NmiSR
 .text.IntDefaultHandler
                0x00000000000000e4        0x4 obj_cc26x0-cc13x0/startup_gcc.o
                0x00000000000000e4                SSI0IntHandler
                0x00000000000000e4                SWEvent0IntHandler
                0x00000000000000e4                uDMAIntHandler
                0x00000000000000e4                WatchdogIntHandler
                0x00000000000000e4                RFCHardwareIntHandler
                0x00000000000000e4                Timer1BIntHandler
                0x00000000000000e4                I2SIntHandler
                0x00000000000000e4                Timer2BIntHandler
                0x00000000000000e4                Timer2AIntHandler
                0x00000000000000e4                Timer1AIntHandler
                0x00000000000000e4                AONIntHandler
                0x00000000000000e4                AUXSWEvent0IntHandler
                0x00000000000000e4                AUXADCIntHandler
                0x00000000000000e4                PendSVIntHandler
                0x00000000000000e4                AUXSWEvent1IntHandler
                0x00000000000000e4                SVCallIntHandler
                0x00000000000000e4                MPUFaultIntHandler
                0x00000000000000e4                SysTickIntHandler
                0x00000000000000e4                BusFaultIntHandler
                0x00000000000000e4                AONProgIntHandler
                0x00000000000000e4                AUXCompAIntHandler
                0x00000000000000e4                SSI1IntHandler
                0x00000000000000e4                FlashIntHandler
                0x00000000000000e4                uDMAErrIntHandler
                0x00000000000000e4                UsageFaultIntHandler
                0x00000000000000e4                RFCCmdAckIntHandler
                0x00000000000000e4                CryptoIntHandler
                0x00000000000000e4                Timer0AIntHandler
                0x00000000000000e4                I2CIntHandler
                0x00000000000000e4                DebugMonIntHandler
                0x00000000000000e4                Timer0BIntHandler
                0x00000000000000e4                AUXCombEventIntHandler
                0x00000000000000e4                Timer3AIntHandler
                0x00000000000000e4                DynProgIntHandler
                0x00000000000000e4                Timer3BIntHandler
 .text.ResetISR
                0x00000000000000e8       0x5c obj_cc26x0-cc13x0/startup_gcc.o
                0x00000000000000e8                ResetISR
 .text.fade     0x0000000000000144       0x64 obj_cc26x0-cc13x0/platform.o
 .text.platform_init_stage_one
                0x00000000000001a8       0x7c obj_cc26x0-cc13x0/platform.o
                0x00000000000001a8                platform_init_stage_one
 .text.platform_init_stage_two
                0x0000000000000224       0x2c obj_cc26x0-cc13x0/platform.o
                0x0000000000000224                platform_init_stage_two
 .text.platform_init_stage_three
                0x0000000000000250       0xf0 obj_cc26x0-cc13x0/platform.o
                0x0000000000000250                platform_init_stage_three
 .text.platform_idle
                0x0000000000000340        0x4 obj_cc26x0-cc13x0/platform.o
                0x0000000000000340                platform_idle
 .text.wakeup_handler
                0x0000000000000344       0x20 obj_cc26x0-cc13x0/board.o
 .text.board_init
                0x0000000000000364       0x9c obj_cc26x0-cc13x0/board.o
                0x0000000000000364                board_init
 .text.set_object
                0x0000000000000400        0x4 obj_cc26x0-cc13x0/prop-mode.o
 .text.rf_is_on
                0x0000000000000404       0x1c obj_cc26x0-cc13x0/prop-mode.o
 .text.request  0x0000000000000420       0x20 obj_cc26x0-cc13x0/prop-mode.o
 .text.soft_off_prop
                0x0000000000000440       0x54 obj_cc26x0-cc13x0/prop-mode.o
 .text.rx_on_prop
                0x0000000000000494       0x9c obj_cc26x0-cc13x0/prop-mode.o
 .text.prepare  0x0000000000000530       0x1c obj_cc26x0-cc13x0/prop-mode.o
 .text.pending_packet
                0x000000000000054c       0x48 obj_cc26x0-cc13x0/prop-mode.o
 .text.release_data_entry
                0x0000000000000594       0x40 obj_cc26x0-cc13x0/prop-mode.o
 .text.read_frame
                0x00000000000005d4       0xdc obj_cc26x0-cc13x0/prop-mode.o
 .text.get_object
                0x00000000000006b0       0x24 obj_cc26x0-cc13x0/prop-mode.o
 .text.rx_off_prop
                0x00000000000006d4       0x94 obj_cc26x0-cc13x0/prop-mode.o
 .text.prop_div_radio_setup
                0x0000000000000768       0x50 obj_cc26x0-cc13x0/prop-mode.o
 .text.prop_fs  0x00000000000007b8       0x34 obj_cc26x0-cc13x0/prop-mode.o
 .text.soft_on_prop
                0x00000000000007ec       0x20 obj_cc26x0-cc13x0/prop-mode.o
 .text.off      0x000000000000080c       0x40 obj_cc26x0-cc13x0/prop-mode.o
 .text.on       0x000000000000084c      0x1fc obj_cc26x0-cc13x0/prop-mode.o
 .text.set_value
                0x0000000000000a48      0x1b8 obj_cc26x0-cc13x0/prop-mode.o
 .text.get_value
                0x0000000000000c00      0x1cc obj_cc26x0-cc13x0/prop-mode.o
 .text.transmit
                0x0000000000000dcc       0xb0 obj_cc26x0-cc13x0/prop-mode.o
 .text.send     0x0000000000000e7c       0x24 obj_cc26x0-cc13x0/prop-mode.o
 .text.channel_clear
                0x0000000000000ea0       0x74 obj_cc26x0-cc13x0/prop-mode.o
 .text.receiving_packet
                0x0000000000000f14       0x54 obj_cc26x0-cc13x0/prop-mode.o
 .text.init     0x0000000000000f68       0xb0 obj_cc26x0-cc13x0/prop-mode.o
 .text.power_domain_on
                0x0000000000001018       0x20 obj_cc26x0-cc13x0/clock.o
 .text.clock_init
                0x0000000000001038       0x98 obj_cc26x0-cc13x0/clock.o
                0x0000000000001038                clock_init
 .text.clock_time
                0x00000000000010d0       0x34 obj_cc26x0-cc13x0/clock.o
                0x00000000000010d0                clock_time
 .text.clock_update
                0x0000000000001104       0x3c obj_cc26x0-cc13x0/clock.o
                0x0000000000001104                clock_update
 .text.clock_seconds
                0x0000000000001140       0x18 obj_cc26x0-cc13x0/clock.o
                0x0000000000001140                clock_seconds
 .text.clock_wait
                0x0000000000001158       0x58 obj_cc26x0-cc13x0/clock.o
                0x0000000000001158                clock_wait
 .text.rtimer_arch_init
                0x00000000000011b0        0x4 obj_cc26x0-cc13x0/rtimer-arch.o
                0x00000000000011b0                rtimer_arch_init
 .text.rtimer_arch_schedule
                0x00000000000011b4        0x8 obj_cc26x0-cc13x0/rtimer-arch.o
                0x00000000000011b4                rtimer_arch_schedule
 .text.rtimer_arch_now
                0x00000000000011bc        0x4 obj_cc26x0-cc13x0/rtimer-arch.o
                0x00000000000011bc                rtimer_arch_now
 .text.soc_rtc_init
                0x00000000000011c0       0xa0 obj_cc26x0-cc13x0/soc-rtc.o
                0x00000000000011c0                soc_rtc_init
 .text.soc_rtc_schedule_one_shot
                0x0000000000001260       0x70 obj_cc26x0-cc13x0/soc-rtc.o
                0x0000000000001260                soc_rtc_schedule_one_shot
 .text.soc_rtc_last_isr_time
                0x00000000000012d0        0xc obj_cc26x0-cc13x0/soc-rtc.o
                0x00000000000012d0                soc_rtc_last_isr_time
 .text.AONRTCIntHandler
                0x00000000000012dc       0x88 obj_cc26x0-cc13x0/soc-rtc.o
                0x00000000000012dc                AONRTCIntHandler
 .text.lock_config
                0x0000000000001364       0x18 obj_cc26x0-cc13x0/contiki-watchdog.o
 .text.unlock_config
                0x000000000000137c       0x2c obj_cc26x0-cc13x0/contiki-watchdog.o
 .text.watchdog_init
                0x00000000000013a8       0x1c obj_cc26x0-cc13x0/contiki-watchdog.o
                0x00000000000013a8                watchdog_init
 .text.watchdog_start
                0x00000000000013c4       0x30 obj_cc26x0-cc13x0/contiki-watchdog.o
                0x00000000000013c4                watchdog_start
 .text.watchdog_periodic
                0x00000000000013f4       0x1c obj_cc26x0-cc13x0/contiki-watchdog.o
                0x00000000000013f4                watchdog_periodic
 .text.aux_ctrl_power_up
                0x0000000000001410       0x28 obj_cc26x0-cc13x0/aux-ctrl.o
                0x0000000000001410                aux_ctrl_power_up
 .text.aux_ctrl_register_consumer
                0x0000000000001438       0x40 obj_cc26x0-cc13x0/aux-ctrl.o
                0x0000000000001438                aux_ctrl_register_consumer
 .text.aux_ctrl_power_down
                0x0000000000001478       0x6c obj_cc26x0-cc13x0/aux-ctrl.o
                0x0000000000001478                aux_ctrl_power_down
 .text.aux_ctrl_unregister_consumer
                0x00000000000014e4       0x28 obj_cc26x0-cc13x0/aux-ctrl.o
                0x00000000000014e4                aux_ctrl_unregister_consumer
 .text.dbg_send_bytes
                0x000000000000150c       0x40 obj_cc26x0-cc13x0/dbg.o
                0x000000000000150c                dbg_send_bytes
 .text.ieee_addr_cpy_to
                0x000000000000154c       0x40 obj_cc26x0-cc13x0/ieee-addr.o
                0x000000000000154c                ieee_addr_cpy_to
 .text.configure
                0x000000000000158c       0x34 obj_cc26x0-cc13x0/batmon-sensor.o
 .text.status   0x00000000000015c0       0x14 obj_cc26x0-cc13x0/batmon-sensor.o
 .text.value    0x00000000000015d4       0x24 obj_cc26x0-cc13x0/batmon-sensor.o
 .text.power_and_clock
                0x00000000000015f8       0x40 obj_cc26x0-cc13x0/cc26xx-uart.o
 .text.enable   0x0000000000001638       0xf0 obj_cc26x0-cc13x0/cc26xx-uart.o
 .text.accessible
                0x0000000000001728       0x24 obj_cc26x0-cc13x0/cc26xx-uart.o
 .text.lpm_drop_handler
                0x000000000000174c       0xc8 obj_cc26x0-cc13x0/cc26xx-uart.o
 .text.cc26xx_uart_init
                0x0000000000001814       0x28 obj_cc26x0-cc13x0/cc26xx-uart.o
                0x0000000000001814                cc26xx_uart_init
 .text.cc26xx_uart_write_byte
                0x000000000000183c       0x28 obj_cc26x0-cc13x0/cc26xx-uart.o
                0x000000000000183c                cc26xx_uart_write_byte
 .text.cc26xx_uart_busy
                0x0000000000001864       0x18 obj_cc26x0-cc13x0/cc26xx-uart.o
                0x0000000000001864                cc26xx_uart_busy
 .text.UART0IntHandler
                0x000000000000187c       0x54 obj_cc26x0-cc13x0/cc26xx-uart.o
                0x000000000000187c                UART0IntHandler
 .text.lpm_sleep
                0x00000000000018d0       0x14 obj_cc26x0-cc13x0/lpm.o
                0x00000000000018d0                lpm_sleep
 .text.lpm_drop
                0x00000000000018e4      0x25c obj_cc26x0-cc13x0/lpm.o
                0x00000000000018e4                lpm_drop
 .text.lpm_register_module
                0x0000000000001b40        0xc obj_cc26x0-cc13x0/lpm.o
                0x0000000000001b40                lpm_register_module
 .text.lpm_unregister_module
                0x0000000000001b4c        0xc obj_cc26x0-cc13x0/lpm.o
                0x0000000000001b4c                lpm_unregister_module
 .text.lpm_init
                0x0000000000001b58       0x20 obj_cc26x0-cc13x0/lpm.o
                0x0000000000001b58                lpm_init
 .text.lpm_pin_set_default_state
                0x0000000000001b78       0x2c obj_cc26x0-cc13x0/lpm.o
                0x0000000000001b78                lpm_pin_set_default_state
 .text.GPIOIntHandler
                0x0000000000001ba4       0x10 obj_cc26x0-cc13x0/gpio-interrupt.o
                0x0000000000001ba4                GPIOIntHandler
 .text.gpio_hal_arch_pin_cfg_set
                0x0000000000001bb4       0x74 obj_cc26x0-cc13x0/gpio-hal-arch.o
                0x0000000000001bb4                gpio_hal_arch_pin_cfg_set
 .text.gpio_hal_arch_read_pin
                0x0000000000001c28       0x28 obj_cc26x0-cc13x0/gpio-hal-arch.o
                0x0000000000001c28                gpio_hal_arch_read_pin
 .text.oscillators_select_lf_xosc
                0x0000000000001c50       0x58 obj_cc26x0-cc13x0/oscillators.o
                0x0000000000001c50                oscillators_select_lf_xosc
 .text.oscillators_request_hf_xosc
                0x0000000000001ca8       0x30 obj_cc26x0-cc13x0/oscillators.o
                0x0000000000001ca8                oscillators_request_hf_xosc
 .text.oscillators_switch_to_hf_xosc
                0x0000000000001cd8       0x34 obj_cc26x0-cc13x0/oscillators.o
                0x0000000000001cd8                oscillators_switch_to_hf_xosc
 .text.oscillators_switch_to_hf_rc
                0x0000000000001d0c       0x38 obj_cc26x0-cc13x0/oscillators.o
                0x0000000000001d0c                oscillators_switch_to_hf_rc
 .text.process_thread_rf_core_process
                0x0000000000001d44       0x58 obj_cc26x0-cc13x0/rf-core.o
 .text.rf_core_is_accessible
                0x0000000000001d9c       0x10 obj_cc26x0-cc13x0/rf-core.o
                0x0000000000001d9c                rf_core_is_accessible
 .text.rf_core_send_cmd
                0x0000000000001dac       0xa4 obj_cc26x0-cc13x0/rf-core.o
                0x0000000000001dac                rf_core_send_cmd
 .text.rf_core_wait_cmd_done
                0x0000000000001e50       0x30 obj_cc26x0-cc13x0/rf-core.o
                0x0000000000001e50                rf_core_wait_cmd_done
 .text.rf_core_power_up
                0x0000000000001e80       0xcc obj_cc26x0-cc13x0/rf-core.o
                0x0000000000001e80                rf_core_power_up
 .text.rf_core_start_rat
                0x0000000000001f4c       0x70 obj_cc26x0-cc13x0/rf-core.o
                0x0000000000001f4c                rf_core_start_rat
 .text.rf_core_stop_rat
                0x0000000000001fbc       0x88 obj_cc26x0-cc13x0/rf-core.o
                0x0000000000001fbc                rf_core_stop_rat
 .text.rf_core_power_down
                0x0000000000002044       0xf4 obj_cc26x0-cc13x0/rf-core.o
                0x0000000000002044                rf_core_power_down
 .text.rf_core_set_modesel
                0x0000000000002138       0x44 obj_cc26x0-cc13x0/rf-core.o
                0x0000000000002138                rf_core_set_modesel
 .text.rf_core_restart_rat
                0x000000000000217c       0x18 obj_cc26x0-cc13x0/rf-core.o
                0x000000000000217c                rf_core_restart_rat
 .text.rf_core_setup_interrupts
                0x0000000000002194       0x80 obj_cc26x0-cc13x0/rf-core.o
                0x0000000000002194                rf_core_setup_interrupts
 .text.rf_core_cmd_done_en
                0x0000000000002214       0x3c obj_cc26x0-cc13x0/rf-core.o
                0x0000000000002214                rf_core_cmd_done_en
 .text.rf_core_cmd_done_dis
                0x0000000000002250       0x20 obj_cc26x0-cc13x0/rf-core.o
                0x0000000000002250                rf_core_cmd_done_dis
 .text.rf_core_get_last_radio_op
                0x0000000000002270        0xc obj_cc26x0-cc13x0/rf-core.o
                0x0000000000002270                rf_core_get_last_radio_op
 .text.rf_core_primary_mode_register
                0x000000000000227c        0xc obj_cc26x0-cc13x0/rf-core.o
                0x000000000000227c                rf_core_primary_mode_register
 .text.rf_core_rat_init
                0x0000000000002288       0x2c obj_cc26x0-cc13x0/rf-core.o
                0x0000000000002288                rf_core_rat_init
 .text.rf_core_check_rat_overflow
                0x00000000000022b4       0x70 obj_cc26x0-cc13x0/rf-core.o
                0x00000000000022b4                rf_core_check_rat_overflow
 .text.rat_overflow_check_timer_cb
                0x0000000000002324       0x60 obj_cc26x0-cc13x0/rf-core.o
 .text.rf_core_convert_rat_to_rtimer
                0x0000000000002384       0xa0 obj_cc26x0-cc13x0/rf-core.o
                0x0000000000002384                rf_core_convert_rat_to_rtimer
 .text.RFCCPE1IntHandler
                0x0000000000002424       0x54 obj_cc26x0-cc13x0/rf-core.o
                0x0000000000002424                RFCCPE1IntHandler
 .text.RFCCPE0IntHandler
                0x0000000000002478       0x5c obj_cc26x0-cc13x0/rf-core.o
                0x0000000000002478                RFCCPE0IntHandler
 .text.rf_ble_is_active
                0x00000000000024d4        0xc obj_cc26x0-cc13x0/rf-ble.o
                0x00000000000024d4                rf_ble_is_active
 .text.random_rand
                0x00000000000024e0        0xc obj_cc26x0-cc13x0/random.o
                0x00000000000024e0                random_rand
 .text.random_init
                0x00000000000024ec        0x4 obj_cc26x0-cc13x0/random.o
                0x00000000000024ec                random_init
 .text.power_up
                0x00000000000024f0       0x40 obj_cc26x0-cc13x0/soc-trng.o
 .text.request  0x0000000000002530       0x14 obj_cc26x0-cc13x0/soc-trng.o
 .text.process_thread_soc_trng_process
                0x0000000000002544       0x94 obj_cc26x0-cc13x0/soc-trng.o
 .text.accessible
                0x00000000000025d8       0x24 obj_cc26x0-cc13x0/soc-trng.o
 .text.soc_trng_rand_synchronous
                0x00000000000025fc       0xc4 obj_cc26x0-cc13x0/soc-trng.o
                0x00000000000025fc                soc_trng_rand_synchronous
 .text.TRNGIntHandler
                0x00000000000026c0       0x50 obj_cc26x0-cc13x0/soc-trng.o
                0x00000000000026c0                TRNGIntHandler
 .text.soc_trng_init
                0x0000000000002710       0x28 obj_cc26x0-cc13x0/soc-trng.o
                0x0000000000002710                soc_trng_init
 .text.int_master_read_and_disable
                0x0000000000002738       0x10 obj_cc26x0-cc13x0/int-master.o
                0x0000000000002738                int_master_read_and_disable
 .text.int_master_status_set
                0x0000000000002748        0x8 obj_cc26x0-cc13x0/int-master.o
                0x0000000000002748                int_master_status_set
 .text.spi_arch_has_lock
                0x0000000000002750       0x18 obj_cc26x0-cc13x0/spi-arch.o
                0x0000000000002750                spi_arch_has_lock
 .text.spi_arch_lock_and_open
                0x0000000000002768      0x140 obj_cc26x0-cc13x0/spi-arch.o
                0x0000000000002768                spi_arch_lock_and_open
 .text.spi_arch_close_and_unlock
                0x00000000000028a8       0xa0 obj_cc26x0-cc13x0/spi-arch.o
                0x00000000000028a8                spi_arch_close_and_unlock
 .text.spi_arch_transfer
                0x0000000000002948       0xec obj_cc26x0-cc13x0/spi-arch.o
                0x0000000000002948                spi_arch_transfer
 .text.process_callback
                0x0000000000002a34       0x40 obj_cc26x0-cc13x0/coap-engine.o
 .text.coap_call_handlers
                0x0000000000002a74       0x60 obj_cc26x0-cc13x0/coap-engine.o
                0x0000000000002a74                coap_call_handlers
 .text.coap_receive
                0x0000000000002ad4      0x3d8 obj_cc26x0-cc13x0/coap-engine.o
                0x0000000000002ad4                coap_receive
 .text.coap_activate_resource
                0x0000000000002eac       0x44 obj_cc26x0-cc13x0/coap-engine.o
                0x0000000000002eac                coap_activate_resource
 .text.coap_engine_init
                0x0000000000002ef0       0x44 obj_cc26x0-cc13x0/coap-engine.o
                0x0000000000002ef0                coap_engine_init
 .text.coap_get_first_resource
                0x0000000000002f34        0xc obj_cc26x0-cc13x0/coap-engine.o
                0x0000000000002f34                coap_get_first_resource
 .text.coap_get_next_resource
                0x0000000000002f40        0x4 obj_cc26x0-cc13x0/coap-engine.o
                0x0000000000002f40                coap_get_next_resource
 .text.coap_remove_observer
                0x0000000000002f44       0x20 obj_cc26x0-cc13x0/coap-observe.o
                0x0000000000002f44                coap_remove_observer
 .text.coap_remove_observer_by_client
                0x0000000000002f64       0x40 obj_cc26x0-cc13x0/coap-observe.o
                0x0000000000002f64                coap_remove_observer_by_client
 .text.coap_remove_observer_by_token
                0x0000000000002fa4       0x58 obj_cc26x0-cc13x0/coap-observe.o
                0x0000000000002fa4                coap_remove_observer_by_token
 .text.coap_remove_observer_by_uri
                0x0000000000002ffc       0x5c obj_cc26x0-cc13x0/coap-observe.o
                0x0000000000002ffc                coap_remove_observer_by_uri
 .text.coap_remove_observer_by_mid
                0x0000000000003058       0x40 obj_cc26x0-cc13x0/coap-observe.o
                0x0000000000003058                coap_remove_observer_by_mid
 .text.coap_observe_handler
                0x0000000000003098       0xe0 obj_cc26x0-cc13x0/coap-observe.o
                0x0000000000003098                coap_observe_handler
 .text.update   0x0000000000003178        0xc obj_cc26x0-cc13x0/coap-timer-default.o
 .text.process_thread_coap_timer_process
                0x0000000000003184       0x90 obj_cc26x0-cc13x0/coap-timer-default.o
 .text.uptime   0x0000000000003214       0x48 obj_cc26x0-cc13x0/coap-timer-default.o
 .text.init     0x000000000000325c        0xc obj_cc26x0-cc13x0/coap-timer-default.o
 .text.coap_new_transaction
                0x0000000000003268       0x34 obj_cc26x0-cc13x0/coap-transactions.o
                0x0000000000003268                coap_new_transaction
 .text.coap_clear_transaction
                0x000000000000329c       0x2c obj_cc26x0-cc13x0/coap-transactions.o
                0x000000000000329c                coap_clear_transaction
 .text.coap_send_transaction
                0x00000000000032c8       0xb0 obj_cc26x0-cc13x0/coap-transactions.o
                0x00000000000032c8                coap_send_transaction
 .text.coap_retransmit_transaction
                0x0000000000003378       0x18 obj_cc26x0-cc13x0/coap-transactions.o
 .text.coap_get_transaction_by_mid
                0x0000000000003390       0x28 obj_cc26x0-cc13x0/coap-transactions.o
                0x0000000000003390                coap_get_transaction_by_mid
 .text.well_known_core_get_handler
                0x00000000000033b8      0x17c obj_cc26x0-cc13x0/coap-res-well-known-core.o
 .text.process_thread_coap_engine
                0x0000000000003534       0xa0 obj_cc26x0-cc13x0/coap-uip.o
 .text.coap_endpoint_copy
                0x00000000000035d4       0x20 obj_cc26x0-cc13x0/coap-uip.o
                0x00000000000035d4                coap_endpoint_copy
 .text.coap_endpoint_cmp
                0x00000000000035f4       0x2c obj_cc26x0-cc13x0/coap-uip.o
                0x00000000000035f4                coap_endpoint_cmp
 .text.coap_transport_init
                0x0000000000003620        0xc obj_cc26x0-cc13x0/coap-uip.o
                0x0000000000003620                coap_transport_init
 .text.coap_sendto
                0x000000000000362c       0x48 obj_cc26x0-cc13x0/coap-uip.o
                0x000000000000362c                coap_sendto
 .text.coap_timer_init.part.0
                0x0000000000003674       0x28 obj_cc26x0-cc13x0/coap-timer.o
 .text.add_timer
                0x000000000000369c       0x90 obj_cc26x0-cc13x0/coap-timer.o
 .text.coap_timer_stop
                0x000000000000372c       0x24 obj_cc26x0-cc13x0/coap-timer.o
                0x000000000000372c                coap_timer_stop
 .text.coap_timer_set
                0x0000000000003750       0x24 obj_cc26x0-cc13x0/coap-timer.o
                0x0000000000003750                coap_timer_set
 .text.coap_timer_time_to_next_expiration
                0x0000000000003774       0x3c obj_cc26x0-cc13x0/coap-timer.o
                0x0000000000003774                coap_timer_time_to_next_expiration
 .text.coap_timer_run
                0x00000000000037b0       0x68 obj_cc26x0-cc13x0/coap-timer.o
                0x00000000000037b0                coap_timer_run
 .text.coap_set_option_header
                0x0000000000003818       0x8c obj_cc26x0-cc13x0/coap.o
 .text.coap_serialize_int_option
                0x00000000000038a4       0x68 obj_cc26x0-cc13x0/coap.o
 .text.coap_merge_multi_option
                0x000000000000390c       0x34 obj_cc26x0-cc13x0/coap.o
 .text.coap_get_variable
                0x0000000000003940       0x78 obj_cc26x0-cc13x0/coap.o
 .text.coap_serialize_array_option.part.1
                0x00000000000039b8       0x20 obj_cc26x0-cc13x0/coap.o
 .text.coap_serialize_array_option
                0x00000000000039d8       0x94 obj_cc26x0-cc13x0/coap.o
 .text.coap_init_connection
                0x0000000000003a6c       0x10 obj_cc26x0-cc13x0/coap.o
                0x0000000000003a6c                coap_init_connection
 .text.coap_get_mid
                0x0000000000003a7c       0x10 obj_cc26x0-cc13x0/coap.o
                0x0000000000003a7c                coap_get_mid
 .text.coap_init_message
                0x0000000000003a8c       0x1c obj_cc26x0-cc13x0/coap.o
                0x0000000000003a8c                coap_init_message
 .text.coap_serialize_message
                0x0000000000003aa8      0x2d4 obj_cc26x0-cc13x0/coap.o
                0x0000000000003aa8                coap_serialize_message
 .text.coap_parse_message
                0x0000000000003d7c      0x398 obj_cc26x0-cc13x0/coap.o
                0x0000000000003d7c                coap_parse_message
 .text.coap_get_post_variable
                0x0000000000004114       0x20 obj_cc26x0-cc13x0/coap.o
                0x0000000000004114                coap_get_post_variable
 .text.coap_set_status_code
                0x0000000000004134        0xc obj_cc26x0-cc13x0/coap.o
                0x0000000000004134                coap_set_status_code
 .text.coap_set_token
                0x0000000000004140       0x18 obj_cc26x0-cc13x0/coap.o
                0x0000000000004140                coap_set_token
 .text.coap_set_header_content_format
                0x0000000000004158       0x10 obj_cc26x0-cc13x0/coap.o
                0x0000000000004158                coap_set_header_content_format
 .text.coap_get_header_accept
                0x0000000000004168       0x14 obj_cc26x0-cc13x0/coap.o
                0x0000000000004168                coap_get_header_accept
 .text.coap_get_header_uri_path
                0x000000000000417c       0x14 obj_cc26x0-cc13x0/coap.o
                0x000000000000417c                coap_get_header_uri_path
 .text.coap_set_header_observe
                0x0000000000004190       0x10 obj_cc26x0-cc13x0/coap.o
                0x0000000000004190                coap_set_header_observe
 .text.coap_get_header_block2
                0x00000000000041a0       0x34 obj_cc26x0-cc13x0/coap.o
                0x00000000000041a0                coap_get_header_block2
 .text.coap_set_header_block2
                0x00000000000041d4       0x3c obj_cc26x0-cc13x0/coap.o
                0x00000000000041d4                coap_set_header_block2
 .text.coap_set_payload
                0x0000000000004210       0x14 obj_cc26x0-cc13x0/coap.o
                0x0000000000004210                coap_set_payload
 .text.startup.main
                0x0000000000004224      0x264 obj_cc26x0-cc13x0/contiki-main.o
                0x0000000000004224                main
 .text.stimer_set
                0x0000000000004488       0x10 obj_cc26x0-cc13x0/stimer.o
                0x0000000000004488                stimer_set
 .text.stimer_expired
                0x0000000000004498       0x20 obj_cc26x0-cc13x0/stimer.o
                0x0000000000004498                stimer_expired
 .text.log_6addr
                0x00000000000044b8       0x20 obj_cc26x0-cc13x0/log.o
                0x00000000000044b8                log_6addr
 .text.log_lladdr
                0x00000000000044d8       0x54 obj_cc26x0-cc13x0/log.o
                0x00000000000044d8                log_lladdr
 .text.autostart_start
                0x000000000000452c       0x18 obj_cc26x0-cc13x0/autostart.o
                0x000000000000452c                autostart_start
 .text.energest_init
                0x0000000000004544        0x4 obj_cc26x0-cc13x0/energest.o
                0x0000000000004544                energest_init
 .text.update_time
                0x0000000000004548       0x44 obj_cc26x0-cc13x0/etimer.o
 .text.process_thread_etimer_process
                0x000000000000458c       0xc8 obj_cc26x0-cc13x0/etimer.o
 .text.add_timer
                0x0000000000004654       0x54 obj_cc26x0-cc13x0/etimer.o
 .text.etimer_request_poll
                0x00000000000046a8        0xc obj_cc26x0-cc13x0/etimer.o
                0x00000000000046a8                etimer_request_poll
 .text.etimer_set
                0x00000000000046b4       0x14 obj_cc26x0-cc13x0/etimer.o
                0x00000000000046b4                etimer_set
 .text.etimer_reset
                0x00000000000046c8       0x14 obj_cc26x0-cc13x0/etimer.o
                0x00000000000046c8                etimer_reset
 .text.etimer_expired
                0x00000000000046dc        0xc obj_cc26x0-cc13x0/etimer.o
                0x00000000000046dc                etimer_expired
 .text.etimer_pending
                0x00000000000046e8       0x10 obj_cc26x0-cc13x0/etimer.o
                0x00000000000046e8                etimer_pending
 .text.etimer_next_expiration_time
                0x00000000000046f8       0x14 obj_cc26x0-cc13x0/etimer.o
                0x00000000000046f8                etimer_next_expiration_time
 .text.etimer_stop
                0x000000000000470c       0x4c obj_cc26x0-cc13x0/etimer.o
                0x000000000000470c                etimer_stop
 .text.node_id_init
                0x0000000000004758       0x18 obj_cc26x0-cc13x0/node-id.o
                0x0000000000004758                node_id_init
 .text.process_thread_ctimer_process
                0x0000000000004770       0x94 obj_cc26x0-cc13x0/ctimer.o
 .text.ctimer_init
                0x0000000000004804       0x28 obj_cc26x0-cc13x0/ctimer.o
                0x0000000000004804                ctimer_init
 .text.ctimer_set_with_process
                0x000000000000482c       0x4c obj_cc26x0-cc13x0/ctimer.o
                0x000000000000482c                ctimer_set_with_process
 .text.ctimer_set
                0x0000000000004878       0x18 obj_cc26x0-cc13x0/ctimer.o
                0x0000000000004878                ctimer_set
 .text.ctimer_reset
                0x0000000000004890       0x38 obj_cc26x0-cc13x0/ctimer.o
                0x0000000000004890                ctimer_reset
 .text.ctimer_stop
                0x00000000000048c8       0x34 obj_cc26x0-cc13x0/ctimer.o
                0x00000000000048c8                ctimer_stop
 .text.ctimer_expired
                0x00000000000048fc       0x38 obj_cc26x0-cc13x0/ctimer.o
                0x00000000000048fc                ctimer_expired
 .text.exit_process
                0x0000000000004934       0xb0 obj_cc26x0-cc13x0/process.o
 .text.call_process.part.0
                0x00000000000049e4       0x38 obj_cc26x0-cc13x0/process.o
 .text.do_poll  0x0000000000004a1c       0x3c obj_cc26x0-cc13x0/process.o
 .text.process_alloc_event
                0x0000000000004a58       0x10 obj_cc26x0-cc13x0/process.o
                0x0000000000004a58                process_alloc_event
 .text.process_init
                0x0000000000004a68       0x34 obj_cc26x0-cc13x0/process.o
                0x0000000000004a68                process_init
 .text.process_run
                0x0000000000004a9c       0xac obj_cc26x0-cc13x0/process.o
                0x0000000000004a9c                process_run
 .text.process_nevents
                0x0000000000004b48       0x14 obj_cc26x0-cc13x0/process.o
                0x0000000000004b48                process_nevents
 .text.process_post
                0x0000000000004b5c       0x40 obj_cc26x0-cc13x0/process.o
                0x0000000000004b5c                process_post
 .text.process_post_synch
                0x0000000000004b9c       0x18 obj_cc26x0-cc13x0/process.o
                0x0000000000004b9c                process_post_synch
 .text.process_start
                0x0000000000004bb4       0x40 obj_cc26x0-cc13x0/process.o
                0x0000000000004bb4                process_start
 .text.process_poll
                0x0000000000004bf4       0x18 obj_cc26x0-cc13x0/process.o
                0x0000000000004bf4                process_poll
 .text.rtimer_init
                0x0000000000004c0c        0x4 obj_cc26x0-cc13x0/rtimer.o
                0x0000000000004c0c                rtimer_init
 .text.rtimer_run_next
                0x0000000000004c10       0x28 obj_cc26x0-cc13x0/rtimer.o
                0x0000000000004c10                rtimer_run_next
 .text.timer_set
                0x0000000000004c38       0x10 obj_cc26x0-cc13x0/timer.o
                0x0000000000004c38                timer_set
 .text.timer_reset
                0x0000000000004c48       0x1c obj_cc26x0-cc13x0/timer.o
                0x0000000000004c48                timer_reset
 .text.timer_expired
                0x0000000000004c64       0x1c obj_cc26x0-cc13x0/timer.o
                0x0000000000004c64                timer_expired
 .text.stack_check_init
                0x0000000000004c80       0x3c obj_cc26x0-cc13x0/stack-check.o
                0x0000000000004c80                stack_check_init
 .text.stack_check_get_usage
                0x0000000000004cbc       0x58 obj_cc26x0-cc13x0/stack-check.o
                0x0000000000004cbc                stack_check_get_usage
 .text.process_thread_stack_check_process
                0x0000000000004d14       0xa0 obj_cc26x0-cc13x0/stack-check.o
 .text.duration_exceeded_callback
                0x0000000000004db4       0x34 obj_cc26x0-cc13x0/button-hal.o
 .text.process_thread_button_hal_process
                0x0000000000004de8       0x7c obj_cc26x0-cc13x0/button-hal.o
 .text.press_release_handler
                0x0000000000004e64       0x18 obj_cc26x0-cc13x0/button-hal.o
 .text.button_hal_get_state
                0x0000000000004e7c       0x24 obj_cc26x0-cc13x0/button-hal.o
                0x0000000000004e7c                button_hal_get_state
 .text.debounce_handler
                0x0000000000004ea0       0x68 obj_cc26x0-cc13x0/button-hal.o
 .text.button_hal_init
                0x0000000000004f08       0xc0 obj_cc26x0-cc13x0/button-hal.o
                0x0000000000004f08                button_hal_init
 .text.process_thread_serial_line_process
                0x0000000000004fc8       0xac obj_cc26x0-cc13x0/serial-line.o
 .text.serial_line_init
                0x0000000000005074       0x24 obj_cc26x0-cc13x0/serial-line.o
                0x0000000000005074                serial_line_init
 .text.spi_acquire
                0x0000000000005098       0x10 obj_cc26x0-cc13x0/spi.o
                0x0000000000005098                spi_acquire
 .text.spi_release
                0x00000000000050a8       0x10 obj_cc26x0-cc13x0/spi.o
                0x00000000000050a8                spi_release
 .text.spi_select
                0x00000000000050b8       0x20 obj_cc26x0-cc13x0/spi.o
                0x00000000000050b8                spi_select
 .text.spi_deselect
                0x00000000000050d8       0x14 obj_cc26x0-cc13x0/spi.o
                0x00000000000050d8                spi_deselect
 .text.spi_write_byte
                0x00000000000050ec       0x38 obj_cc26x0-cc13x0/spi.o
                0x00000000000050ec                spi_write_byte
 .text.spi_write
                0x0000000000005124       0x3c obj_cc26x0-cc13x0/spi.o
                0x0000000000005124                spi_write
 .text.spi_read
                0x0000000000005160       0x3c obj_cc26x0-cc13x0/spi.o
                0x0000000000005160                spi_read
 .text.leds_on  0x000000000000519c       0x48 obj_cc26x0-cc13x0/leds.o
                0x000000000000519c                leds_on
 .text.leds_off
                0x00000000000051e4       0x48 obj_cc26x0-cc13x0/leds.o
                0x00000000000051e4                leds_off
 .text.leds_init
                0x000000000000522c       0x28 obj_cc26x0-cc13x0/leds.o
                0x000000000000522c                leds_init
 .text.gpio_hal_register_handler
                0x0000000000005254        0xc obj_cc26x0-cc13x0/gpio-hal.o
                0x0000000000005254                gpio_hal_register_handler
 .text.gpio_hal_event_handler
                0x0000000000005260       0x28 obj_cc26x0-cc13x0/gpio-hal.o
                0x0000000000005260                gpio_hal_event_handler
 .text.gpio_hal_init
                0x0000000000005288        0xc obj_cc26x0-cc13x0/gpio-hal.o
                0x0000000000005288                gpio_hal_init
 .text.list_init
                0x0000000000005294        0x8 obj_cc26x0-cc13x0/list.o
                0x0000000000005294                list_init
 .text.list_head
                0x000000000000529c        0x4 obj_cc26x0-cc13x0/list.o
                0x000000000000529c                list_head
 .text.list_add
                0x00000000000052a0       0x48 obj_cc26x0-cc13x0/list.o
                0x00000000000052a0                list_add
 .text.list_push
                0x00000000000052e8       0x40 obj_cc26x0-cc13x0/list.o
                0x00000000000052e8                list_push
 .text.list_remove
                0x0000000000005328       0x2c obj_cc26x0-cc13x0/list.o
                0x0000000000005328                list_remove
 .text.list_length
                0x0000000000005354       0x14 obj_cc26x0-cc13x0/list.o
                0x0000000000005354                list_length
 .text.list_insert
                0x0000000000005368       0x40 obj_cc26x0-cc13x0/list.o
                0x0000000000005368                list_insert
 .text.list_item_next
                0x00000000000053a8        0x8 obj_cc26x0-cc13x0/list.o
                0x00000000000053a8                list_item_next
 .text.memb_init
                0x00000000000053b0       0x24 obj_cc26x0-cc13x0/memb.o
                0x00000000000053b0                memb_init
 .text.memb_alloc
                0x00000000000053d4       0x3c obj_cc26x0-cc13x0/memb.o
                0x00000000000053d4                memb_alloc
 .text.memb_free
                0x0000000000005410       0x44 obj_cc26x0-cc13x0/memb.o
                0x0000000000005410                memb_free
 .text.memb_inmemb
                0x0000000000005454       0x1c obj_cc26x0-cc13x0/memb.o
                0x0000000000005454                memb_inmemb
 .text.memb_numfree
                0x0000000000005470       0x1c obj_cc26x0-cc13x0/memb.o
                0x0000000000005470                memb_numfree
 .text.ringbuf_init
                0x000000000000548c       0x10 obj_cc26x0-cc13x0/ringbuf.o
                0x000000000000548c                ringbuf_init
 .text.ringbuf_get
                0x000000000000549c       0x28 obj_cc26x0-cc13x0/ringbuf.o
                0x000000000000549c                ringbuf_get
 .text.queuebuf_init
                0x00000000000054c4       0x1c obj_cc26x0-cc13x0/queuebuf.o
                0x00000000000054c4                queuebuf_init
 .text.queuebuf_numfree
                0x00000000000054e0        0xc obj_cc26x0-cc13x0/queuebuf.o
                0x00000000000054e0                queuebuf_numfree
 .text.queuebuf_new_from_packetbuf
                0x00000000000054ec       0x48 obj_cc26x0-cc13x0/queuebuf.o
                0x00000000000054ec                queuebuf_new_from_packetbuf
 .text.queuebuf_update_attr_from_packetbuf
                0x0000000000005534        0xc obj_cc26x0-cc13x0/queuebuf.o
                0x0000000000005534                queuebuf_update_attr_from_packetbuf
 .text.queuebuf_free
                0x0000000000005540       0x2c obj_cc26x0-cc13x0/queuebuf.o
                0x0000000000005540                queuebuf_free
 .text.queuebuf_to_packetbuf
                0x000000000000556c       0x30 obj_cc26x0-cc13x0/queuebuf.o
                0x000000000000556c                queuebuf_to_packetbuf
 .text.queuebuf_attr
                0x000000000000559c        0xc obj_cc26x0-cc13x0/queuebuf.o
                0x000000000000559c                queuebuf_attr
 .text.nbr_set_bit
                0x00000000000055a8       0x4c obj_cc26x0-cc13x0/nbr-table.o
 .text.index_from_lladdr
                0x00000000000055f4       0x50 obj_cc26x0-cc13x0/nbr-table.o
 .text.nbr_get_bit.constprop.0
                0x0000000000005644       0x2c obj_cc26x0-cc13x0/nbr-table.o
 .text.nbr_table_register
                0x0000000000005670       0x44 obj_cc26x0-cc13x0/nbr-table.o
                0x0000000000005670                nbr_table_register
 .text.nbr_table_next
                0x00000000000056b4       0x70 obj_cc26x0-cc13x0/nbr-table.o
                0x00000000000056b4                nbr_table_next
 .text.nbr_table_head
                0x0000000000005724       0x58 obj_cc26x0-cc13x0/nbr-table.o
                0x0000000000005724                nbr_table_head
 .text.nbr_table_add_lladdr
                0x000000000000577c      0x1d8 obj_cc26x0-cc13x0/nbr-table.o
                0x000000000000577c                nbr_table_add_lladdr
 .text.nbr_table_get_from_lladdr
                0x0000000000005954       0x34 obj_cc26x0-cc13x0/nbr-table.o
                0x0000000000005954                nbr_table_get_from_lladdr
 .text.nbr_table_remove
                0x0000000000005988       0x2c obj_cc26x0-cc13x0/nbr-table.o
                0x0000000000005988                nbr_table_remove
 .text.nbr_table_lock
                0x00000000000059b4       0x14 obj_cc26x0-cc13x0/nbr-table.o
                0x00000000000059b4                nbr_table_lock
 .text.nbr_table_unlock
                0x00000000000059c8       0x14 obj_cc26x0-cc13x0/nbr-table.o
                0x00000000000059c8                nbr_table_unlock
 .text.nbr_table_get_lladdr
                0x00000000000059dc       0x30 obj_cc26x0-cc13x0/nbr-table.o
                0x00000000000059dc                nbr_table_get_lladdr
 .text.packetbuf_copyto
                0x0000000000005a0c       0x4c obj_cc26x0-cc13x0/packetbuf.o
                0x0000000000005a0c                packetbuf_copyto
 .text.packetbuf_hdralloc
                0x0000000000005a58       0x58 obj_cc26x0-cc13x0/packetbuf.o
                0x0000000000005a58                packetbuf_hdralloc
 .text.packetbuf_hdrreduce
                0x0000000000005ab0       0x2c obj_cc26x0-cc13x0/packetbuf.o
                0x0000000000005ab0                packetbuf_hdrreduce
 .text.packetbuf_set_datalen
                0x0000000000005adc        0xc obj_cc26x0-cc13x0/packetbuf.o
                0x0000000000005adc                packetbuf_set_datalen
 .text.packetbuf_dataptr
                0x0000000000005ae8       0x20 obj_cc26x0-cc13x0/packetbuf.o
                0x0000000000005ae8                packetbuf_dataptr
 .text.packetbuf_hdrptr
                0x0000000000005b08        0x8 obj_cc26x0-cc13x0/packetbuf.o
                0x0000000000005b08                packetbuf_hdrptr
 .text.packetbuf_datalen
                0x0000000000005b10        0xc obj_cc26x0-cc13x0/packetbuf.o
                0x0000000000005b10                packetbuf_datalen
 .text.packetbuf_totlen
                0x0000000000005b1c       0x24 obj_cc26x0-cc13x0/packetbuf.o
                0x0000000000005b1c                packetbuf_totlen
 .text.packetbuf_attr_clear
                0x0000000000005b40       0x34 obj_cc26x0-cc13x0/packetbuf.o
                0x0000000000005b40                packetbuf_attr_clear
 .text.packetbuf_clear
                0x0000000000005b74       0x20 obj_cc26x0-cc13x0/packetbuf.o
                0x0000000000005b74                packetbuf_clear
 .text.packetbuf_copyfrom
                0x0000000000005b94       0x40 obj_cc26x0-cc13x0/packetbuf.o
                0x0000000000005b94                packetbuf_copyfrom
 .text.packetbuf_attr_copyto
                0x0000000000005bd4       0x24 obj_cc26x0-cc13x0/packetbuf.o
                0x0000000000005bd4                packetbuf_attr_copyto
 .text.packetbuf_attr_copyfrom
                0x0000000000005bf8       0x28 obj_cc26x0-cc13x0/packetbuf.o
                0x0000000000005bf8                packetbuf_attr_copyfrom
 .text.packetbuf_set_attr
                0x0000000000005c20       0x10 obj_cc26x0-cc13x0/packetbuf.o
                0x0000000000005c20                packetbuf_set_attr
 .text.packetbuf_attr
                0x0000000000005c30        0xc obj_cc26x0-cc13x0/packetbuf.o
                0x0000000000005c30                packetbuf_attr
 .text.packetbuf_set_addr
                0x0000000000005c3c       0x18 obj_cc26x0-cc13x0/packetbuf.o
                0x0000000000005c3c                packetbuf_set_addr
 .text.packetbuf_addr
                0x0000000000005c54       0x10 obj_cc26x0-cc13x0/packetbuf.o
                0x0000000000005c54                packetbuf_addr
 .text.packetbuf_holds_broadcast
                0x0000000000005c64       0x10 obj_cc26x0-cc13x0/packetbuf.o
                0x0000000000005c64                packetbuf_holds_broadcast
 .text.netstack_process_ip_callback
                0x0000000000005c74       0x44 obj_cc26x0-cc13x0/netstack.o
                0x0000000000005c74                netstack_process_ip_callback
 .text.netstack_init
                0x0000000000005cb8       0x24 obj_cc26x0-cc13x0/netstack.o
                0x0000000000005cb8                netstack_init
 .text.linkaddr_copy
                0x0000000000005cdc        0x8 obj_cc26x0-cc13x0/linkaddr.o
                0x0000000000005cdc                linkaddr_copy
 .text.linkaddr_cmp
                0x0000000000005ce4       0x10 obj_cc26x0-cc13x0/linkaddr.o
                0x0000000000005ce4                linkaddr_cmp
 .text.periodic
                0x0000000000005cf4       0x2c obj_cc26x0-cc13x0/link-stats.o
 .text.link_stats_from_lladdr
                0x0000000000005d20        0xc obj_cc26x0-cc13x0/link-stats.o
                0x0000000000005d20                link_stats_from_lladdr
 .text.link_stats_is_fresh
                0x0000000000005d2c       0x28 obj_cc26x0-cc13x0/link-stats.o
                0x0000000000005d2c                link_stats_is_fresh
 .text.link_stats_packet_sent
                0x0000000000005d54       0xec obj_cc26x0-cc13x0/link-stats.o
                0x0000000000005d54                link_stats_packet_sent
 .text.link_stats_input_callback
                0x0000000000005e40       0x8c obj_cc26x0-cc13x0/link-stats.o
                0x0000000000005e40                link_stats_input_callback
 .text.link_stats_reset
                0x0000000000005ecc       0x28 obj_cc26x0-cc13x0/link-stats.o
                0x0000000000005ecc                link_stats_reset
 .text.link_stats_init
                0x0000000000005ef4       0x28 obj_cc26x0-cc13x0/link-stats.o
                0x0000000000005ef4                link_stats_init
 .text.mac_sequence_is_duplicate
                0x0000000000005f1c       0x4c obj_cc26x0-cc13x0/mac-sequence.o
                0x0000000000005f1c                mac_sequence_is_duplicate
 .text.mac_sequence_register_seqno
                0x0000000000005f68       0x70 obj_cc26x0-cc13x0/mac-sequence.o
                0x0000000000005f68                mac_sequence_register_seqno
 .text.mac_call_sent_callback
                0x0000000000005fd8       0x10 obj_cc26x0-cc13x0/mac.o
                0x0000000000005fd8                mac_call_sent_callback
 .text.parse    0x0000000000005fe8       0x94 obj_cc26x0-cc13x0/framer-802154.o
 .text.framer_802154_setup_params
                0x000000000000607c       0x80 obj_cc26x0-cc13x0/framer-802154.o
                0x000000000000607c                framer_802154_setup_params
 .text.create_frame
                0x00000000000060fc       0xe0 obj_cc26x0-cc13x0/framer-802154.o
 .text.create   0x00000000000061dc        0x8 obj_cc26x0-cc13x0/framer-802154.o
 .text.hdr_length
                0x00000000000061e4        0x8 obj_cc26x0-cc13x0/framer-802154.o
 .text.frame802154_get_pan_id
                0x00000000000061ec        0xc obj_cc26x0-cc13x0/frame802154.o
                0x00000000000061ec                frame802154_get_pan_id
 .text.frame802154_has_panid
                0x00000000000061f8       0xb8 obj_cc26x0-cc13x0/frame802154.o
                0x00000000000061f8                frame802154_has_panid
 .text.field_len
                0x00000000000062b0       0x8c obj_cc26x0-cc13x0/frame802154.o
 .text.frame802154_is_broadcast_addr
                0x000000000000633c       0x20 obj_cc26x0-cc13x0/frame802154.o
                0x000000000000633c                frame802154_is_broadcast_addr
 .text.frame802154_hdrlen
                0x000000000000635c       0x34 obj_cc26x0-cc13x0/frame802154.o
                0x000000000000635c                frame802154_hdrlen
 .text.frame802154_create_fcf
                0x0000000000006390       0x64 obj_cc26x0-cc13x0/frame802154.o
                0x0000000000006390                frame802154_create_fcf
 .text.frame802154_create
                0x00000000000063f4       0xb8 obj_cc26x0-cc13x0/frame802154.o
                0x00000000000063f4                frame802154_create
 .text.frame802154_parse_fcf
                0x00000000000064ac       0x68 obj_cc26x0-cc13x0/frame802154.o
                0x00000000000064ac                frame802154_parse_fcf
 .text.frame802154_parse
                0x0000000000006514      0x134 obj_cc26x0-cc13x0/frame802154.o
                0x0000000000006514                frame802154_parse
 .text.verify_part
                0x0000000000006648       0x74 obj_cc26x0-cc13x0/ext-flash.o
 .text.wait_ready
                0x00000000000066bc       0x50 obj_cc26x0-cc13x0/ext-flash.o
 .text.ext_flash_open
                0x000000000000670c       0x68 obj_cc26x0-cc13x0/ext-flash.o
                0x000000000000670c                ext_flash_open
 .text.ext_flash_close
                0x0000000000006774       0x64 obj_cc26x0-cc13x0/ext-flash.o
                0x0000000000006774                ext_flash_close
 .text.ext_flash_init
                0x00000000000067d8       0x18 obj_cc26x0-cc13x0/ext-flash.o
                0x00000000000067d8                ext_flash_init
 .text.NOROM_AONRTCCurrentCompareValueGet
                0x00000000000067f0       0x24 obj_cc26x0-cc13x0/aon_rtc.o
                0x00000000000067f0                NOROM_AONRTCCurrentCompareValueGet
 .text.NOROM_OSCClockSourceSet
                0x0000000000006814       0x60 obj_cc26x0-cc13x0/osc.o
                0x0000000000006814                NOROM_OSCClockSourceSet
 .text.NOROM_OSCClockSourceGet
                0x0000000000006874       0x2c obj_cc26x0-cc13x0/osc.o
                0x0000000000006874                NOROM_OSCClockSourceGet
 .text.SafeHapiVoid
                0x00000000000068a0       0x2c obj_cc26x0-cc13x0/adi.o
                0x00000000000068a0                SafeHapiVoid
 .text.SafeHapiAuxAdiSelect
                0x00000000000068cc       0x30 obj_cc26x0-cc13x0/adi.o
                0x00000000000068cc                SafeHapiAuxAdiSelect
 .text.NOROM_RFCRTrim
                0x00000000000068fc      0x138 obj_cc26x0-cc13x0/rfc.o
                0x00000000000068fc                NOROM_RFCRTrim
 .text.NOROM_RFCAdi3VcoLdoVoltageMode
                0x0000000000006a34       0x20 obj_cc26x0-cc13x0/rfc.o
                0x0000000000006a34                NOROM_RFCAdi3VcoLdoVoltageMode
 .text.NOROM_DDI32RegWrite
                0x0000000000006a54       0x34 obj_cc26x0-cc13x0/ddi.o
                0x0000000000006a54                NOROM_DDI32RegWrite
 .text.TrimAfterColdResetWakeupFromShutDown
                0x0000000000006a88       0xd8 obj_cc26x0-cc13x0/setup.o
 .text.NOROM_SetupTrimDevice
                0x0000000000006b60       0xa4 obj_cc26x0-cc13x0/setup.o
                0x0000000000006b60                NOROM_SetupTrimDevice
 .text.NOROM_AONBatMonTemperatureGetDegC
                0x0000000000006c04       0x30 obj_cc26x0-cc13x0/aon_batmon.o
                0x0000000000006c04                NOROM_AONBatMonTemperatureGetDegC
 .text.NOROM_SysCtrlSetRechargeBeforePowerDown
                0x0000000000006c34      0x2b0 obj_cc26x0-cc13x0/sys_ctrl.o
                0x0000000000006c34                NOROM_SysCtrlSetRechargeBeforePowerDown
 .text.NOROM_SysCtrlAdjustRechargeAfterPowerDown
                0x0000000000006ee4       0x64 obj_cc26x0-cc13x0/sys_ctrl.o
                0x0000000000006ee4                NOROM_SysCtrlAdjustRechargeAfterPowerDown
 .text.NOROM_SysCtrl_DCDC_VoltageConditionalControl
                0x0000000000006f48       0x7c obj_cc26x0-cc13x0/sys_ctrl.o
                0x0000000000006f48                NOROM_SysCtrl_DCDC_VoltageConditionalControl
 .text.NOROM_SysCtrlResetSourceGet
                0x0000000000006fc4       0x18 obj_cc26x0-cc13x0/sys_ctrl.o
                0x0000000000006fc4                NOROM_SysCtrlResetSourceGet
 .text.NOROM_CPUcpsid
                0x0000000000006fdc        0x8 obj_cc26x0-cc13x0/cpu.o
                0x0000000000006fdc                NOROM_CPUcpsid
 .text.NOROM_CPUcpsie
                0x0000000000006fe4        0x8 obj_cc26x0-cc13x0/cpu.o
                0x0000000000006fe4                NOROM_CPUcpsie
 .text.NOROM_PowerCtrlSourceSet
                0x0000000000006fec       0x30 obj_cc26x0-cc13x0/pwr_ctrl.o
                0x0000000000006fec                NOROM_PowerCtrlSourceSet
 .text.NOROM_SetupGetTrimForXoscHfCtl.part.3
                0x000000000000701c       0x20 obj_cc26x0-cc13x0/setup_rom.o
 .text.NOROM_SetupGetTrimForRadcExtCfg.part.4
                0x000000000000703c       0x20 obj_cc26x0-cc13x0/setup_rom.o
 .text.NOROM_SetupSetVddrLevel
                0x000000000000705c       0xa4 obj_cc26x0-cc13x0/setup_rom.o
                0x000000000000705c                NOROM_SetupSetVddrLevel
 .text.NOROM_SetupAfterColdResetWakeupFromShutDownCfg1
                0x0000000000007100       0xc0 obj_cc26x0-cc13x0/setup_rom.o
                0x0000000000007100                NOROM_SetupAfterColdResetWakeupFromShutDownCfg1
 .text.NOROM_SetupAfterColdResetWakeupFromShutDownCfg3
                0x00000000000071c0      0x194 obj_cc26x0-cc13x0/setup_rom.o
                0x00000000000071c0                NOROM_SetupAfterColdResetWakeupFromShutDownCfg3
 .text.NOROM_SetupGetTrimForAnabypassValue1
                0x0000000000007354       0x64 obj_cc26x0-cc13x0/setup_rom.o
                0x0000000000007354                NOROM_SetupGetTrimForAnabypassValue1
 .text.NOROM_SetupGetTrimForAmpcompCtrl
                0x00000000000073b8       0x74 obj_cc26x0-cc13x0/setup_rom.o
                0x00000000000073b8                NOROM_SetupGetTrimForAmpcompCtrl
 .text.NOROM_SetupAfterColdResetWakeupFromShutDownCfg2
                0x000000000000742c      0x19c obj_cc26x0-cc13x0/setup_rom.o
                0x000000000000742c                NOROM_SetupAfterColdResetWakeupFromShutDownCfg2
 .text.NOROM_SetupSetCacheModeAccordingToCcfgSetting
                0x00000000000075c8       0x6c obj_cc26x0-cc13x0/setup_rom.o
                0x00000000000075c8                NOROM_SetupSetCacheModeAccordingToCcfgSetting
 .text.NOROM_AUXADCDisable
                0x0000000000007634       0x80 obj_cc26x0-cc13x0/aux_adc.o
                0x0000000000007634                NOROM_AUXADCDisable
 .text.NOROM_AUXADCEnableSync
                0x00000000000076b4       0xbc obj_cc26x0-cc13x0/aux_adc.o
                0x00000000000076b4                NOROM_AUXADCEnableSync
 .text.NOROM_AUXADCReadFifo
                0x0000000000007770       0x18 obj_cc26x0-cc13x0/aux_adc.o
                0x0000000000007770                NOROM_AUXADCReadFifo
 .text.NOROM_AUXADCGetAdjustmentGain
                0x0000000000007788       0x1c obj_cc26x0-cc13x0/aux_adc.o
                0x0000000000007788                NOROM_AUXADCGetAdjustmentGain
 .text.NOROM_AUXADCGetAdjustmentOffset
                0x00000000000077a4       0x1c obj_cc26x0-cc13x0/aux_adc.o
                0x00000000000077a4                NOROM_AUXADCGetAdjustmentOffset
 .text.NOROM_AUXADCAdjustValueForGainAndOffset
                0x00000000000077c0       0x18 obj_cc26x0-cc13x0/aux_adc.o
                0x00000000000077c0                NOROM_AUXADCAdjustValueForGainAndOffset
 .text.NOROM_ChipInfo_GetChipFamily
                0x00000000000077d8       0x50 obj_cc26x0-cc13x0/chipinfo.o
                0x00000000000077d8                NOROM_ChipInfo_GetChipFamily
 .text.NOROM_ChipInfo_GetChipType
                0x0000000000007828       0x30 obj_cc26x0-cc13x0/chipinfo.o
                0x0000000000007828                NOROM_ChipInfo_GetChipType
 .text.NOROM_ChipInfo_GetHwRevision
                0x0000000000007858       0x70 obj_cc26x0-cc13x0/chipinfo.o
                0x0000000000007858                NOROM_ChipInfo_GetHwRevision
 .text.NOROM_ThisCodeIsBuiltForCC13xxHwRev20AndLater_HaltIfViolated
                0x00000000000078c8       0x18 obj_cc26x0-cc13x0/chipinfo.o
                0x00000000000078c8                NOROM_ThisCodeIsBuiltForCC13xxHwRev20AndLater_HaltIfViolated
 .text.NOROM_TRNGConfigure
                0x00000000000078e0       0x38 obj_cc26x0-cc13x0/trng.o
                0x00000000000078e0                NOROM_TRNGConfigure
 .text.fill_space
                0x0000000000007918       0x3c obj_cc26x0-cc13x0/strformat.o
 .text.format_str_v
                0x0000000000007954      0x95c obj_cc26x0-cc13x0/strformat.o
                0x0000000000007954                format_str_v
 .text.write_str
                0x00000000000082b0       0x14 obj_cc26x0-cc13x0/printf.o
 .text.printf   0x00000000000082c4       0x24 obj_cc26x0-cc13x0/printf.o
                0x00000000000082c4                printf
 .text.buffer_str
                0x00000000000082e8       0x28 obj_cc26x0-cc13x0/snprintf.o
 .text.snprintf
                0x0000000000008310       0x38 obj_cc26x0-cc13x0/snprintf.o
                0x0000000000008310                snprintf
 .text.on       0x0000000000008348        0xc obj_cc26x0-cc13x0/csma.o
 .text.off      0x0000000000008354        0xc obj_cc26x0-cc13x0/csma.o
 .text.input_packet
                0x0000000000008360       0xc4 obj_cc26x0-cc13x0/csma.o
 .text.send_packet
                0x0000000000008424        0x4 obj_cc26x0-cc13x0/csma.o
 .text.init     0x0000000000008428       0x14 obj_cc26x0-cc13x0/csma.o
 .text.schedule_transmission
                0x000000000000843c       0x38 obj_cc26x0-cc13x0/csma-output.o
 .text.tx_done  0x0000000000008474       0x94 obj_cc26x0-cc13x0/csma-output.o
 .text.transmit_from_queue
                0x0000000000008508      0x214 obj_cc26x0-cc13x0/csma-output.o
 .text.csma_output_packet
                0x000000000000871c      0x15c obj_cc26x0-cc13x0/csma-output.o
                0x000000000000871c                csma_output_packet
 .text.csma_output_init
                0x0000000000008878       0x28 obj_cc26x0-cc13x0/csma-output.o
                0x0000000000008878                csma_output_init
 .text.uipbuf_get_attr
                0x00000000000088a0       0x14 obj_cc26x0-cc13x0/uipbuf.o
                0x00000000000088a0                uipbuf_get_attr
 .text.uipbuf_clear_attr
                0x00000000000088b4       0x18 obj_cc26x0-cc13x0/uipbuf.o
                0x00000000000088b4                uipbuf_clear_attr
 .text.echo_reply_input
                0x00000000000088cc       0xb4 obj_cc26x0-cc13x0/uip-icmp6.o
 .text.echo_request_input
                0x0000000000008980       0xb8 obj_cc26x0-cc13x0/uip-icmp6.o
 .text.uip_icmp6_input
                0x0000000000008a38       0x3c obj_cc26x0-cc13x0/uip-icmp6.o
                0x0000000000008a38                uip_icmp6_input
 .text.uip_icmp6_register_input_handler
                0x0000000000008a74        0xc obj_cc26x0-cc13x0/uip-icmp6.o
                0x0000000000008a74                uip_icmp6_register_input_handler
 .text.uip_icmp6_error_output
                0x0000000000008a80      0x168 obj_cc26x0-cc13x0/uip-icmp6.o
                0x0000000000008a80                uip_icmp6_error_output
 .text.uip_icmp6_send
                0x0000000000008be8       0x88 obj_cc26x0-cc13x0/uip-icmp6.o
                0x0000000000008be8                uip_icmp6_send
 .text.uip_icmp6_init
                0x0000000000008c70       0x24 obj_cc26x0-cc13x0/uip-icmp6.o
                0x0000000000008c70                uip_icmp6_init
 .text.node_matches_address.part.0
                0x0000000000008c94       0x28 obj_cc26x0-cc13x0/uip-sr.o
 .text.uip_sr_get_node
                0x0000000000008cbc       0x3c obj_cc26x0-cc13x0/uip-sr.o
                0x0000000000008cbc                uip_sr_get_node
 .text.uip_sr_is_addr_reachable
                0x0000000000008cf8       0x4c obj_cc26x0-cc13x0/uip-sr.o
                0x0000000000008cf8                uip_sr_is_addr_reachable
 .text.uip_sr_expire_parent
                0x0000000000008d44       0x2c obj_cc26x0-cc13x0/uip-sr.o
                0x0000000000008d44                uip_sr_expire_parent
 .text.uip_sr_update_node
                0x0000000000008d70       0xb0 obj_cc26x0-cc13x0/uip-sr.o
                0x0000000000008d70                uip_sr_update_node
 .text.uip_sr_init
                0x0000000000008e20       0x24 obj_cc26x0-cc13x0/uip-sr.o
                0x0000000000008e20                uip_sr_init
 .text.uip_sr_periodic
                0x0000000000008e44       0x88 obj_cc26x0-cc13x0/uip-sr.o
                0x0000000000008e44                uip_sr_periodic
 .text.uip_sr_free_all
                0x0000000000008ecc       0x40 obj_cc26x0-cc13x0/uip-sr.o
                0x0000000000008ecc                uip_sr_free_all
 .text.uip_ds6_list_loop
                0x0000000000008f0c       0x60 obj_cc26x0-cc13x0/uip-ds6.o
                0x0000000000008f0c                uip_ds6_list_loop
 .text.uip_ds6_prefix_add
                0x0000000000008f6c       0x6c obj_cc26x0-cc13x0/uip-ds6.o
                0x0000000000008f6c                uip_ds6_prefix_add
 .text.uip_ds6_is_addr_onlink
                0x0000000000008fd8       0x44 obj_cc26x0-cc13x0/uip-ds6.o
                0x0000000000008fd8                uip_ds6_is_addr_onlink
 .text.uip_ds6_addr_lookup
                0x000000000000901c       0x30 obj_cc26x0-cc13x0/uip-ds6.o
                0x000000000000901c                uip_ds6_addr_lookup
 .text.uip_ds6_get_link_local
                0x000000000000904c       0x44 obj_cc26x0-cc13x0/uip-ds6.o
                0x000000000000904c                uip_ds6_get_link_local
 .text.uip_ds6_maddr_add
                0x0000000000009090       0x50 obj_cc26x0-cc13x0/uip-ds6.o
                0x0000000000009090                uip_ds6_maddr_add
 .text.uip_ds6_addr_add
                0x00000000000090e0       0xa8 obj_cc26x0-cc13x0/uip-ds6.o
                0x00000000000090e0                uip_ds6_addr_add
 .text.uip_ds6_maddr_lookup
                0x0000000000009188       0x30 obj_cc26x0-cc13x0/uip-ds6.o
                0x0000000000009188                uip_ds6_maddr_lookup
 .text.uip_ds6_addr_rm
                0x00000000000091b8       0x48 obj_cc26x0-cc13x0/uip-ds6.o
                0x00000000000091b8                uip_ds6_addr_rm
 .text.uip_ds6_periodic
                0x0000000000009200       0x5c obj_cc26x0-cc13x0/uip-ds6.o
                0x0000000000009200                uip_ds6_periodic
 .text.uip_ds6_select_src
                0x000000000000925c       0xf4 obj_cc26x0-cc13x0/uip-ds6.o
                0x000000000000925c                uip_ds6_select_src
 .text.uip_ds6_set_addr_iid
                0x0000000000009350       0x18 obj_cc26x0-cc13x0/uip-ds6.o
                0x0000000000009350                uip_ds6_set_addr_iid
 .text.uip_ds6_set_lladdr_from_iid
                0x0000000000009368       0x18 obj_cc26x0-cc13x0/uip-ds6.o
                0x0000000000009368                uip_ds6_set_lladdr_from_iid
 .text.uip_ds6_compute_reachable_time
                0x0000000000009380       0x28 obj_cc26x0-cc13x0/uip-ds6.o
                0x0000000000009380                uip_ds6_compute_reachable_time
 .text.uip_ds6_init
                0x00000000000093a8       0xf8 obj_cc26x0-cc13x0/uip-ds6.o
                0x00000000000093a8                uip_ds6_init
 .text.uiplib_ipaddr_snprint
                0x00000000000094a0       0xfc obj_cc26x0-cc13x0/uiplib.o
                0x00000000000094a0                uiplib_ipaddr_snprint
 .text.uip_udp_packet_send
                0x000000000000959c       0x40 obj_cc26x0-cc13x0/uip-udp-packet.o
                0x000000000000959c                uip_udp_packet_send
 .text.uip_udp_packet_sendto
                0x00000000000095dc       0x48 obj_cc26x0-cc13x0/uip-udp-packet.o
                0x00000000000095dc                uip_udp_packet_sendto
 .text.uip_ds6_route_init
                0x0000000000009624       0x1c obj_cc26x0-cc13x0/uip-ds6-route.o
                0x0000000000009624                uip_ds6_route_init
 .text.uip_ds6_route_nexthop
                0x0000000000009640        0x4 obj_cc26x0-cc13x0/uip-ds6-route.o
                0x0000000000009640                uip_ds6_route_nexthop
 .text.uip_ds6_route_lookup
                0x0000000000009644        0x4 obj_cc26x0-cc13x0/uip-ds6-route.o
                0x0000000000009644                uip_ds6_route_lookup
 .text.uip_ds6_route_rm
                0x0000000000009648        0x4 obj_cc26x0-cc13x0/uip-ds6-route.o
                0x0000000000009648                uip_ds6_route_rm
 .text.uip_ds6_defrt_rm
                0x000000000000964c       0x3c obj_cc26x0-cc13x0/uip-ds6-route.o
                0x000000000000964c                uip_ds6_defrt_rm
 .text.uip_ds6_defrt_lookup
                0x0000000000009688       0x3c obj_cc26x0-cc13x0/uip-ds6-route.o
                0x0000000000009688                uip_ds6_defrt_lookup
 .text.uip_ds6_defrt_add
                0x00000000000096c4       0x5c obj_cc26x0-cc13x0/uip-ds6-route.o
                0x00000000000096c4                uip_ds6_defrt_add
 .text.uip_ds6_defrt_choose
                0x0000000000009720       0x34 obj_cc26x0-cc13x0/uip-ds6-route.o
                0x0000000000009720                uip_ds6_defrt_choose
 .text.uip_ds6_defrt_periodic
                0x0000000000009754       0x3c obj_cc26x0-cc13x0/uip-ds6-route.o
                0x0000000000009754                uip_ds6_defrt_periodic
 .text.tcpip_output
                0x0000000000009790       0x40 obj_cc26x0-cc13x0/tcpip.o
                0x0000000000009790                tcpip_output
 .text.udp_new  0x00000000000097d0       0x18 obj_cc26x0-cc13x0/tcpip.o
                0x00000000000097d0                udp_new
 .text.tcpip_input
                0x00000000000097e8       0x34 obj_cc26x0-cc13x0/tcpip.o
                0x00000000000097e8                tcpip_input
 .text.tcpip_ipv6_output
                0x000000000000981c      0x100 obj_cc26x0-cc13x0/tcpip.o
                0x000000000000981c                tcpip_ipv6_output
 .text.packet_input.part.4
                0x000000000000991c       0x1c obj_cc26x0-cc13x0/tcpip.o
 .text.process_thread_tcpip_process
                0x0000000000009938       0xd8 obj_cc26x0-cc13x0/tcpip.o
 .text.tcpip_uipcall
                0x0000000000009a10       0x2c obj_cc26x0-cc13x0/tcpip.o
                0x0000000000009a10                tcpip_uipcall
 .text.chksum   0x0000000000009a3c       0x50 obj_cc26x0-cc13x0/uip6.o
 .text.upper_layer_chksum
                0x0000000000009a8c       0x58 obj_cc26x0-cc13x0/uip6.o
 .text.ext_hdr_options_process
                0x0000000000009ae4       0xd8 obj_cc26x0-cc13x0/uip6.o
 .text.uip_icmp6chksum
                0x0000000000009bbc        0x8 obj_cc26x0-cc13x0/uip6.o
                0x0000000000009bbc                uip_icmp6chksum
 .text.uip_init
                0x0000000000009bc4       0x30 obj_cc26x0-cc13x0/uip6.o
                0x0000000000009bc4                uip_init
 .text.remove_ext_hdr
                0x0000000000009bf4       0x64 obj_cc26x0-cc13x0/uip6.o
                0x0000000000009bf4                remove_ext_hdr
 .text.uip_udp_new
                0x0000000000009c58       0x98 obj_cc26x0-cc13x0/uip6.o
                0x0000000000009c58                uip_udp_new
 .text.uip_process
                0x0000000000009cf0      0x5bc obj_cc26x0-cc13x0/uip6.o
                0x0000000000009cf0                uip_process
 .text.uip_htonl
                0x000000000000a2ac       0x14 obj_cc26x0-cc13x0/uip6.o
                0x000000000000a2ac                uip_htonl
 .text.uip_ds6_nbr_rm
                0x000000000000a2c0       0x24 obj_cc26x0-cc13x0/uip-ds6-nbr.o
                0x000000000000a2c0                uip_ds6_nbr_rm
 .text.uip_ds6_neighbors_init
                0x000000000000a2e4       0x1c obj_cc26x0-cc13x0/uip-ds6-nbr.o
                0x000000000000a2e4                uip_ds6_neighbors_init
 .text.uip_ds6_nbr_add
                0x000000000000a300       0x40 obj_cc26x0-cc13x0/uip-ds6-nbr.o
                0x000000000000a300                uip_ds6_nbr_add
 .text.uip_ds6_nbr_update_ll
                0x000000000000a340       0x64 obj_cc26x0-cc13x0/uip-ds6-nbr.o
                0x000000000000a340                uip_ds6_nbr_update_ll
 .text.uip_ds6_nbr_get_ll
                0x000000000000a3a4        0xc obj_cc26x0-cc13x0/uip-ds6-nbr.o
                0x000000000000a3a4                uip_ds6_nbr_get_ll
 .text.uip_ds6_nbr_head
                0x000000000000a3b0        0xc obj_cc26x0-cc13x0/uip-ds6-nbr.o
                0x000000000000a3b0                uip_ds6_nbr_head
 .text.uip_ds6_nbr_next
                0x000000000000a3bc        0xc obj_cc26x0-cc13x0/uip-ds6-nbr.o
                0x000000000000a3bc                uip_ds6_nbr_next
 .text.uip_ds6_nbr_lookup
                0x000000000000a3c8       0x3c obj_cc26x0-cc13x0/uip-ds6-nbr.o
                0x000000000000a3c8                uip_ds6_nbr_lookup
 .text.uip_ds6_nbr_ipaddr_from_lladdr
                0x000000000000a404        0xc obj_cc26x0-cc13x0/uip-ds6-nbr.o
                0x000000000000a404                uip_ds6_nbr_ipaddr_from_lladdr
 .text.uip_ds6_nbr_lladdr_from_ipaddr
                0x000000000000a410       0x1c obj_cc26x0-cc13x0/uip-ds6-nbr.o
                0x000000000000a410                uip_ds6_nbr_lladdr_from_ipaddr
 .text.uip_ds6_link_callback
                0x000000000000a42c        0x4 obj_cc26x0-cc13x0/uip-ds6-nbr.o
                0x000000000000a42c                uip_ds6_link_callback
 .text.ns_input
                0x000000000000a430      0x29c obj_cc26x0-cc13x0/uip-nd6.o
 .text.uip_nd6_init
                0x000000000000a6cc        0xc obj_cc26x0-cc13x0/uip-nd6.o
                0x000000000000a6cc                uip_nd6_init
 .text.process_thread_simple_udp_process
                0x000000000000a6d8       0xa8 obj_cc26x0-cc13x0/simple-udp.o
 .text.simple_udp_sendto
                0x000000000000a780       0x1c obj_cc26x0-cc13x0/simple-udp.o
                0x000000000000a780                simple_udp_sendto
 .text.simple_udp_register
                0x000000000000a79c       0x74 obj_cc26x0-cc13x0/simple-udp.o
                0x000000000000a79c                simple_udp_register
 .text.sicslowpan_init
                0x000000000000a810       0x18 obj_cc26x0-cc13x0/sicslowpan.o
                0x000000000000a810                sicslowpan_init
 .text.set_packet_attrs
                0x000000000000a828       0x4c obj_cc26x0-cc13x0/sicslowpan.o
 .text.compress_addr_64
                0x000000000000a874       0xa0 obj_cc26x0-cc13x0/sicslowpan.o
 .text.addr_context_lookup_by_prefix
                0x000000000000a914       0x24 obj_cc26x0-cc13x0/sicslowpan.o
 .text.send_packet
                0x000000000000a938       0x24 obj_cc26x0-cc13x0/sicslowpan.o
 .text.fragment_copy_payload_and_send
                0x000000000000a95c       0x6c obj_cc26x0-cc13x0/sicslowpan.o
 .text.output   0x000000000000a9c8      0x8dc obj_cc26x0-cc13x0/sicslowpan.o
 .text.packet_sent
                0x000000000000b2a4       0x5c obj_cc26x0-cc13x0/sicslowpan.o
 .text.store_fragment
                0x000000000000b300       0x68 obj_cc26x0-cc13x0/sicslowpan.o
 .text.add_fragment
                0x000000000000b368      0x19c obj_cc26x0-cc13x0/sicslowpan.o
 .text.uncompress_addr
                0x000000000000b504       0xb0 obj_cc26x0-cc13x0/sicslowpan.o
 .text.input    0x000000000000b5b4      0x844 obj_cc26x0-cc13x0/sicslowpan.o
 .text.update_state
                0x000000000000bdf8       0xa0 obj_cc26x0-cc13x0/rpl-nbr-policy.o
 .text.rpl_nbr_policy_find_removable
                0x000000000000be98       0x58 obj_cc26x0-cc13x0/rpl-nbr-policy.o
                0x000000000000be98                rpl_nbr_policy_find_removable
 .text.remove_neighbor
                0x000000000000bef0       0x3c obj_cc26x0-cc13x0/rpl-neighbor.o
 .text.rpl_neighbor_get_from_lladdr
                0x000000000000bf2c       0x10 obj_cc26x0-cc13x0/rpl-neighbor.o
                0x000000000000bf2c                rpl_neighbor_get_from_lladdr
 .text.rpl_neighbor_rank_via_nbr
                0x000000000000bf3c       0x18 obj_cc26x0-cc13x0/rpl-neighbor.o
                0x000000000000bf3c                rpl_neighbor_rank_via_nbr
 .text.rpl_neighbor_get_ipaddr
                0x000000000000bf54       0x18 obj_cc26x0-cc13x0/rpl-neighbor.o
                0x000000000000bf54                rpl_neighbor_get_ipaddr
 .text.rpl_neighbor_get_link_stats
                0x000000000000bf6c       0x18 obj_cc26x0-cc13x0/rpl-neighbor.o
                0x000000000000bf6c                rpl_neighbor_get_link_stats
 .text.best_parent
                0x000000000000bf84       0xac obj_cc26x0-cc13x0/rpl-neighbor.o
 .text.rpl_neighbor_is_fresh
                0x000000000000c030       0x10 obj_cc26x0-cc13x0/rpl-neighbor.o
                0x000000000000c030                rpl_neighbor_is_fresh
 .text.rpl_neighbor_is_parent
                0x000000000000c040       0x18 obj_cc26x0-cc13x0/rpl-neighbor.o
                0x000000000000c040                rpl_neighbor_is_parent
 .text.rpl_neighbor_set_preferred_parent
                0x000000000000c058       0x44 obj_cc26x0-cc13x0/rpl-neighbor.o
                0x000000000000c058                rpl_neighbor_set_preferred_parent
 .text.rpl_neighbor_remove_all
                0x000000000000c09c       0x30 obj_cc26x0-cc13x0/rpl-neighbor.o
                0x000000000000c09c                rpl_neighbor_remove_all
 .text.rpl_neighbor_get_from_ipaddr
                0x000000000000c0cc       0x1c obj_cc26x0-cc13x0/rpl-neighbor.o
                0x000000000000c0cc                rpl_neighbor_get_from_ipaddr
 .text.rpl_neighbor_select_best
                0x000000000000c0e8       0x5c obj_cc26x0-cc13x0/rpl-neighbor.o
                0x000000000000c0e8                rpl_neighbor_select_best
 .text.rpl_neighbor_init
                0x000000000000c144       0x14 obj_cc26x0-cc13x0/rpl-neighbor.o
                0x000000000000c144                rpl_neighbor_init
 .text.init_dag
                0x000000000000c158       0xf8 obj_cc26x0-cc13x0/rpl-dag.o
 .text.init_dag_from_dio
                0x000000000000c250       0x98 obj_cc26x0-cc13x0/rpl-dag.o
 .text.rpl_local_repair.part.2
                0x000000000000c2e8       0x30 obj_cc26x0-cc13x0/rpl-dag.o
 .text.rpl_global_repair.part.3
                0x000000000000c318       0x2c obj_cc26x0-cc13x0/rpl-dag.o
 .text.rpl_dag_update_state.part.4
                0x000000000000c344      0x144 obj_cc26x0-cc13x0/rpl-dag.o
 .text.rpl_dag_get_root_ipaddr
                0x000000000000c488       0x30 obj_cc26x0-cc13x0/rpl-dag.o
                0x000000000000c488                rpl_dag_get_root_ipaddr
 .text.rpl_dag_leave
                0x000000000000c4b8       0x54 obj_cc26x0-cc13x0/rpl-dag.o
                0x000000000000c4b8                rpl_dag_leave
 .text.rpl_dag_poison_and_leave
                0x000000000000c50c       0x10 obj_cc26x0-cc13x0/rpl-dag.o
                0x000000000000c50c                rpl_dag_poison_and_leave
 .text.rpl_dag_periodic
                0x000000000000c51c       0x48 obj_cc26x0-cc13x0/rpl-dag.o
                0x000000000000c51c                rpl_dag_periodic
 .text.rpl_is_addr_in_our_dag
                0x000000000000c564       0x28 obj_cc26x0-cc13x0/rpl-dag.o
                0x000000000000c564                rpl_is_addr_in_our_dag
 .text.rpl_global_repair
                0x000000000000c58c       0x14 obj_cc26x0-cc13x0/rpl-dag.o
                0x000000000000c58c                rpl_global_repair
 .text.rpl_local_repair
                0x000000000000c5a0       0x10 obj_cc26x0-cc13x0/rpl-dag.o
                0x000000000000c5a0                rpl_local_repair
 .text.rpl_dag_ready_to_advertise
                0x000000000000c5b0       0x24 obj_cc26x0-cc13x0/rpl-dag.o
                0x000000000000c5b0                rpl_dag_ready_to_advertise
 .text.rpl_dag_update_state
                0x000000000000c5d4       0x10 obj_cc26x0-cc13x0/rpl-dag.o
                0x000000000000c5d4                rpl_dag_update_state
 .text.rpl_process_dio
                0x000000000000c5e4      0x284 obj_cc26x0-cc13x0/rpl-dag.o
                0x000000000000c5e4                rpl_process_dio
 .text.rpl_process_dis
                0x000000000000c868       0x28 obj_cc26x0-cc13x0/rpl-dag.o
                0x000000000000c868                rpl_process_dis
 .text.rpl_process_dao
                0x000000000000c890       0x78 obj_cc26x0-cc13x0/rpl-dag.o
                0x000000000000c890                rpl_process_dao
 .text.rpl_process_hbh
                0x000000000000c908       0x2c obj_cc26x0-cc13x0/rpl-dag.o
                0x000000000000c908                rpl_process_hbh
 .text.rpl_dag_init_root
                0x000000000000c934       0xb8 obj_cc26x0-cc13x0/rpl-dag.o
                0x000000000000c934                rpl_dag_init_root
 .text.rpl_dag_init
                0x000000000000c9ec       0x10 obj_cc26x0-cc13x0/rpl-dag.o
                0x000000000000c9ec                rpl_dag_init
 .text.new_dio_interval
                0x000000000000c9fc       0x60 obj_cc26x0-cc13x0/rpl-timers.o
 .text.handle_unicast_dio_timer
                0x000000000000ca5c       0x1c obj_cc26x0-cc13x0/rpl-timers.o
 .text.handle_leaving_timer
                0x000000000000ca78       0x10 obj_cc26x0-cc13x0/rpl-timers.o
 .text.handle_state_update
                0x000000000000ca88        0x4 obj_cc26x0-cc13x0/rpl-timers.o
 .text.handle_dio_timer
                0x000000000000ca8c       0x9c obj_cc26x0-cc13x0/rpl-timers.o
 .text.rpl_schedule_probing.part.4
                0x000000000000cb28       0x38 obj_cc26x0-cc13x0/rpl-timers.o
 .text.rpl_timers_schedule_periodic_dis
                0x000000000000cb60       0x44 obj_cc26x0-cc13x0/rpl-timers.o
                0x000000000000cb60                rpl_timers_schedule_periodic_dis
 .text.handle_dis_timer
                0x000000000000cba4       0x34 obj_cc26x0-cc13x0/rpl-timers.o
 .text.handle_periodic_timer
                0x000000000000cbd8       0x54 obj_cc26x0-cc13x0/rpl-timers.o
 .text.rpl_timers_dio_reset
                0x000000000000cc2c       0x2c obj_cc26x0-cc13x0/rpl-timers.o
                0x000000000000cc2c                rpl_timers_dio_reset
 .text.handle_dao_timer
                0x000000000000cc58       0x98 obj_cc26x0-cc13x0/rpl-timers.o
 .text.rpl_timers_schedule_unicast_dio
                0x000000000000ccf0       0x2c obj_cc26x0-cc13x0/rpl-timers.o
                0x000000000000ccf0                rpl_timers_schedule_unicast_dio
 .text.rpl_timers_schedule_dao
                0x000000000000cd1c       0x4c obj_cc26x0-cc13x0/rpl-timers.o
                0x000000000000cd1c                rpl_timers_schedule_dao
 .text.get_probing_target
                0x000000000000cd68       0xe0 obj_cc26x0-cc13x0/rpl-timers.o
                0x000000000000cd68                get_probing_target
 .text.handle_probing_timer
                0x000000000000ce48       0x30 obj_cc26x0-cc13x0/rpl-timers.o
 .text.rpl_schedule_probing
                0x000000000000ce78       0x10 obj_cc26x0-cc13x0/rpl-timers.o
                0x000000000000ce78                rpl_schedule_probing
 .text.rpl_schedule_probing_now
                0x000000000000ce88       0x2c obj_cc26x0-cc13x0/rpl-timers.o
                0x000000000000ce88                rpl_schedule_probing_now
 .text.rpl_timers_unschedule_leaving
                0x000000000000ceb4       0x28 obj_cc26x0-cc13x0/rpl-timers.o
                0x000000000000ceb4                rpl_timers_unschedule_leaving
 .text.rpl_timers_schedule_leaving
                0x000000000000cedc       0x34 obj_cc26x0-cc13x0/rpl-timers.o
                0x000000000000cedc                rpl_timers_schedule_leaving
 .text.rpl_timers_init
                0x000000000000cf10       0x20 obj_cc26x0-cc13x0/rpl-timers.o
                0x000000000000cf10                rpl_timers_init
 .text.rpl_timers_stop_dag_timers
                0x000000000000cf30       0x3c obj_cc26x0-cc13x0/rpl-timers.o
                0x000000000000cf30                rpl_timers_stop_dag_timers
 .text.rpl_timers_unschedule_state_update
                0x000000000000cf6c       0x14 obj_cc26x0-cc13x0/rpl-timers.o
                0x000000000000cf6c                rpl_timers_unschedule_state_update
 .text.rpl_timers_schedule_state_update
                0x000000000000cf80       0x1c obj_cc26x0-cc13x0/rpl-timers.o
                0x000000000000cf80                rpl_timers_schedule_state_update
 .text.update_hbh_header
                0x000000000000cf9c       0xd4 obj_cc26x0-cc13x0/rpl-ext-header.o
 .text.rpl_ext_header_srh_get_next_hop
                0x000000000000d070       0xdc obj_cc26x0-cc13x0/rpl-ext-header.o
                0x000000000000d070                rpl_ext_header_srh_get_next_hop
 .text.rpl_ext_header_srh_update
                0x000000000000d14c       0xe8 obj_cc26x0-cc13x0/rpl-ext-header.o
                0x000000000000d14c                rpl_ext_header_srh_update
 .text.rpl_ext_header_hbh_update
                0x000000000000d234      0x168 obj_cc26x0-cc13x0/rpl-ext-header.o
                0x000000000000d234                rpl_ext_header_hbh_update
 .text.rpl_ext_header_remove
                0x000000000000d39c       0xc8 obj_cc26x0-cc13x0/rpl-ext-header.o
                0x000000000000d39c                rpl_ext_header_remove
 .text.rpl_ext_header_update
                0x000000000000d464      0x42c obj_cc26x0-cc13x0/rpl-ext-header.o
                0x000000000000d464                rpl_ext_header_update
 .text.rpl_has_joined
                0x000000000000d890       0x18 obj_cc26x0-cc13x0/rpl.o
                0x000000000000d890                rpl_has_joined
 .text.rpl_is_reachable
                0x000000000000d8a8       0x1c obj_cc26x0-cc13x0/rpl.o
                0x000000000000d8a8                rpl_is_reachable
 .text.neighbor_state_changed
                0x000000000000d8c4        0x4 obj_cc26x0-cc13x0/rpl.o
 .text.drop_route
                0x000000000000d8c8        0x4 obj_cc26x0-cc13x0/rpl.o
 .text.get_sr_node_ipaddr
                0x000000000000d8cc       0x30 obj_cc26x0-cc13x0/rpl.o
 .text.set_ip_from_prefix
                0x000000000000d8fc       0x2c obj_cc26x0-cc13x0/rpl.o
 .text.init     0x000000000000d928       0x40 obj_cc26x0-cc13x0/rpl.o
 .text.rpl_link_callback
                0x000000000000d968       0x74 obj_cc26x0-cc13x0/rpl.o
                0x000000000000d968                rpl_link_callback
 .text.rpl_lollipop_greater_than
                0x000000000000d9dc       0x3c obj_cc26x0-cc13x0/rpl.o
                0x000000000000d9dc                rpl_lollipop_greater_than
 .text.rpl_get_global_address
                0x000000000000da18       0x6c obj_cc26x0-cc13x0/rpl.o
                0x000000000000da18                rpl_get_global_address
 .text.rpl_reset_prefix
                0x000000000000da84       0x2c obj_cc26x0-cc13x0/rpl.o
                0x000000000000da84                rpl_reset_prefix
 .text.rpl_set_prefix_from_addr
                0x000000000000dab0       0x78 obj_cc26x0-cc13x0/rpl.o
                0x000000000000dab0                rpl_set_prefix_from_addr
 .text.rpl_get_leaf_only
                0x000000000000db28        0xc obj_cc26x0-cc13x0/rpl.o
                0x000000000000db28                rpl_get_leaf_only
 .text.reset    0x000000000000db34        0x4 obj_cc26x0-cc13x0/rpl-mrhof.o
 .text.update_metric_container
                0x000000000000db38        0xc obj_cc26x0-cc13x0/rpl-mrhof.o
 .text.nbr_link_metric
                0x000000000000db44       0x14 obj_cc26x0-cc13x0/rpl-mrhof.o
 .text.nbr_has_usable_link
                0x000000000000db58       0x18 obj_cc26x0-cc13x0/rpl-mrhof.o
 .text.nbr_path_cost.part.0
                0x000000000000db70       0x3c obj_cc26x0-cc13x0/rpl-mrhof.o
 .text.nbr_path_cost
                0x000000000000dbac        0xc obj_cc26x0-cc13x0/rpl-mrhof.o
 .text.within_hysteresis
                0x000000000000dbb8       0x4c obj_cc26x0-cc13x0/rpl-mrhof.o
 .text.rank_via_nbr
                0x000000000000dc04       0x30 obj_cc26x0-cc13x0/rpl-mrhof.o
 .text.nbr_is_acceptable_parent
                0x000000000000dc34       0x34 obj_cc26x0-cc13x0/rpl-mrhof.o
 .text.best_parent
                0x000000000000dc68       0x80 obj_cc26x0-cc13x0/rpl-mrhof.o
 .text.get32    0x000000000000dce8       0x20 obj_cc26x0-cc13x0/rpl-icmp6.o
 .text.dao_input
                0x000000000000dd08      0x1b0 obj_cc26x0-cc13x0/rpl-icmp6.o
 .text.dio_input
                0x000000000000deb8      0x2b8 obj_cc26x0-cc13x0/rpl-icmp6.o
 .text.dis_input
                0x000000000000e170       0x40 obj_cc26x0-cc13x0/rpl-icmp6.o
 .text.rpl_icmp6_update_nbr_table
                0x000000000000e1b0       0xb0 obj_cc26x0-cc13x0/rpl-icmp6.o
                0x000000000000e1b0                rpl_icmp6_update_nbr_table
 .text.rpl_icmp6_dis_output
                0x000000000000e260       0x3c obj_cc26x0-cc13x0/rpl-icmp6.o
                0x000000000000e260                rpl_icmp6_dis_output
 .text.rpl_icmp6_dio_output
                0x000000000000e29c      0x2dc obj_cc26x0-cc13x0/rpl-icmp6.o
                0x000000000000e29c                rpl_icmp6_dio_output
 .text.rpl_icmp6_dao_output
                0x000000000000e578       0xcc obj_cc26x0-cc13x0/rpl-icmp6.o
                0x000000000000e578                rpl_icmp6_dao_output
 .text.rpl_icmp6_init
                0x000000000000e644       0x24 obj_cc26x0-cc13x0/rpl-icmp6.o
                0x000000000000e644                rpl_icmp6_init
 .text.set_global_address