Archive member included to satisfy reference by file (symbol)

/usr/lib/gcc/arm-none-eabi/4.9.3/armv7-m/libgcc.a(_arm_addsubdf3.o)
                              obj_cc26x0-cc13x0/ble-hal-cc26xx.o (__aeabi_ui2d)
/usr/lib/gcc/arm-none-eabi/4.9.3/armv7-m/libgcc.a(_arm_muldivdf3.o)
                              obj_cc26x0-cc13x0/ble-hal-cc26xx.o (__aeabi_dmul)
/usr/lib/gcc/arm-none-eabi/4.9.3/armv7-m/libgcc.a(_arm_fixunsdfsi.o)
                              obj_cc26x0-cc13x0/ble-hal-cc26xx.o (__aeabi_d2uiz)
/usr/lib/gcc/arm-none-eabi/4.9.3/armv7-m/libgcc.a(_arm_addsubsf3.o)
                              app.o (__aeabi_ui2f)
/usr/lib/gcc/arm-none-eabi/4.9.3/armv7-m/libgcc.a(_aeabi_uldivmod.o)
                              obj_cc26x0-cc13x0/rf-core.o (__aeabi_uldivmod)
/usr/lib/gcc/arm-none-eabi/4.9.3/armv7-m/libgcc.a(bpabi.o)
                              /usr/lib/gcc/arm-none-eabi/4.9.3/armv7-m/libgcc.a(_aeabi_uldivmod.o) (__gnu_uldivmod_helper)
/usr/lib/gcc/arm-none-eabi/4.9.3/armv7-m/libgcc.a(_dvmd_tls.o)
                              /usr/lib/gcc/arm-none-eabi/4.9.3/armv7-m/libgcc.a(_aeabi_uldivmod.o) (__aeabi_ldiv0)
/usr/lib/gcc/arm-none-eabi/4.9.3/armv7-m/libgcc.a(_divdi3.o)
                              /usr/lib/gcc/arm-none-eabi/4.9.3/armv7-m/libgcc.a(bpabi.o) (__divdi3)
/usr/lib/gcc/arm-none-eabi/4.9.3/armv7-m/libgcc.a(_udivdi3.o)
                              /usr/lib/gcc/arm-none-eabi/4.9.3/armv7-m/libgcc.a(bpabi.o) (__udivdi3)
/usr/lib/gcc/arm-none-eabi/4.9.3/../../../arm-none-eabi/lib/armv7-m/libc.a(lib_a-atoi.o)
                              obj_cc26x0-cc13x0/lpm-mode.o (atoi)
/usr/lib/gcc/arm-none-eabi/4.9.3/../../../arm-none-eabi/lib/armv7-m/libc.a(lib_a-ctype_.o)
                              obj_cc26x0-cc13x0/resolv.o (__ctype_ptr__)
/usr/lib/gcc/arm-none-eabi/4.9.3/../../../arm-none-eabi/lib/armv7-m/libc.a(lib_a-memchr.o)
                              obj_cc26x0-cc13x0/coap.o (memchr)
/usr/lib/gcc/arm-none-eabi/4.9.3/../../../arm-none-eabi/lib/armv7-m/libc.a(lib_a-memcmp.o)
                              obj_cc26x0-cc13x0/coap-observe.o (memcmp)
/usr/lib/gcc/arm-none-eabi/4.9.3/../../../arm-none-eabi/lib/armv7-m/libc.a(lib_a-memcpy.o)
                              obj_cc26x0-cc13x0/prop-mode.o (memcpy)
/usr/lib/gcc/arm-none-eabi/4.9.3/../../../arm-none-eabi/lib/armv7-m/libc.a(lib_a-memmove.o)
                              obj_cc26x0-cc13x0/coap.o (memmove)
/usr/lib/gcc/arm-none-eabi/4.9.3/../../../arm-none-eabi/lib/armv7-m/libc.a(lib_a-memset.o)
                              obj_cc26x0-cc13x0/prop-mode.o (memset)
/usr/lib/gcc/arm-none-eabi/4.9.3/../../../arm-none-eabi/lib/armv7-m/libc.a(lib_a-rand.o)
                              obj_cc26x0-cc13x0/coap-transactions.o (rand)
/usr/lib/gcc/arm-none-eabi/4.9.3/../../../arm-none-eabi/lib/armv7-m/libc.a(lib_a-reent.o)
                              obj_cc26x0-cc13x0/syscalls.o (errno)
/usr/lib/gcc/arm-none-eabi/4.9.3/../../../arm-none-eabi/lib/armv7-m/libc.a(lib_a-strcasecmp.o)
                              obj_cc26x0-cc13x0/resolv.o (strcasecmp)
/usr/lib/gcc/arm-none-eabi/4.9.3/../../../arm-none-eabi/lib/armv7-m/libc.a(lib_a-strchr.o)
                              obj_cc26x0-cc13x0/coap.o (strchr)
/usr/lib/gcc/arm-none-eabi/4.9.3/../../../arm-none-eabi/lib/armv7-m/libc.a(lib_a-strcmp.o)
                              obj_cc26x0-cc13x0/log.o (strcmp)
/usr/lib/gcc/arm-none-eabi/4.9.3/../../../arm-none-eabi/lib/armv7-m/libc.a(lib_a-strlen.o)
                              obj_cc26x0-cc13x0/rf-ble.o (strlen)
/usr/lib/gcc/arm-none-eabi/4.9.3/../../../arm-none-eabi/lib/armv7-m/libc.a(lib_a-strncasecmp.o)
                              obj_cc26x0-cc13x0/resolv.o (strncasecmp)
/usr/lib/gcc/arm-none-eabi/4.9.3/../../../arm-none-eabi/lib/armv7-m/libc.a(lib_a-strncat.o)
                              obj_cc26x0-cc13x0/resolv.o (strncat)
/usr/lib/gcc/arm-none-eabi/4.9.3/../../../arm-none-eabi/lib/armv7-m/libc.a(lib_a-strncmp.o)
                              obj_cc26x0-cc13x0/coap-engine.o (strncmp)
/usr/lib/gcc/arm-none-eabi/4.9.3/../../../arm-none-eabi/lib/armv7-m/libc.a(lib_a-strncpy.o)
                              obj_cc26x0-cc13x0/coap-observe.o (strncpy)
/usr/lib/gcc/arm-none-eabi/4.9.3/../../../arm-none-eabi/lib/armv7-m/libc.a(lib_a-strtol.o)
                              /usr/lib/gcc/arm-none-eabi/4.9.3/../../../arm-none-eabi/lib/armv7-m/libc.a(lib_a-atoi.o) (_strtol_r)
/usr/lib/gcc/arm-none-eabi/4.9.3/../../../arm-none-eabi/lib/armv7-m/libc.a(lib_a-freer.o)
                              /usr/lib/gcc/arm-none-eabi/4.9.3/../../../arm-none-eabi/lib/armv7-m/libc.a(lib_a-reent.o) (_free_r)
/usr/lib/gcc/arm-none-eabi/4.9.3/../../../arm-none-eabi/lib/armv7-m/libc.a(lib_a-impure.o)
                              /usr/lib/gcc/arm-none-eabi/4.9.3/../../../arm-none-eabi/lib/armv7-m/libc.a(lib_a-rand.o) (_impure_ptr)
/usr/lib/gcc/arm-none-eabi/4.9.3/../../../arm-none-eabi/lib/armv7-m/libc.a(lib_a-mallocr.o)
[...]
Memory Configuration

Name             Origin             Length             Attributes
FLASH            0x0000000000000000 0x000000000001ffa8 xr
FLASH_CCFG       0x000000000001ffa8 0x0000000000000058 xr
SRAM             0x0000000020000000 0x0000000000005000 xrw
GPRAM            0x0000000011000000 0x0000000000002000 xrw
*default*        0x0000000000000000 0xffffffffffffffff

Linker script and memory map

LOAD obj_cc26x0-cc13x0/fault-handlers.o
LOAD obj_cc26x0-cc13x0/ccfg.o
LOAD obj_cc26x0-cc13x0/startup_gcc.o
LOAD obj_cc26x0-cc13x0/platform.o
LOAD obj_cc26x0-cc13x0/leds-arch.o
LOAD obj_cc26x0-cc13x0/board.o
LOAD obj_cc26x0-cc13x0/board-buttons.o
LOAD obj_cc26x0-cc13x0/xmem.o
LOAD obj_cc26x0-cc13x0/smartrf-settings.o
LOAD obj_cc26x0-cc13x0/prop-mode.o
LOAD obj_cc26x0-cc13x0/prop-mode-tx-power.o
LOAD obj_cc26x0-cc13x0/cc13xx-50kbps-tsch.o
LOAD obj_cc26x0-cc13x0/clock.o
LOAD obj_cc26x0-cc13x0/rtimer-arch.o
LOAD obj_cc26x0-cc13x0/soc-rtc.o
LOAD obj_cc26x0-cc13x0/uart.o
LOAD obj_cc26x0-cc13x0/contiki-watchdog.o
LOAD obj_cc26x0-cc13x0/aux-ctrl.o
LOAD obj_cc26x0-cc13x0/dbg.o
LOAD obj_cc26x0-cc13x0/ieee-addr.o
LOAD obj_cc26x0-cc13x0/batmon-sensor.o
LOAD obj_cc26x0-cc13x0/adc-sensor.o
LOAD obj_cc26x0-cc13x0/slip-arch.o
LOAD obj_cc26x0-cc13x0/slip.o
LOAD obj_cc26x0-cc13x0/cc26xx-uart.o
LOAD obj_cc26x0-cc13x0/lpm.o
LOAD obj_cc26x0-cc13x0/gpio-interrupt.o
LOAD obj_cc26x0-cc13x0/gpio-hal-arch.o
LOAD obj_cc26x0-cc13x0/oscillators.o
LOAD obj_cc26x0-cc13x0/rf-core.o
LOAD obj_cc26x0-cc13x0/rf-ble.o
LOAD obj_cc26x0-cc13x0/ieee-mode.o
LOAD obj_cc26x0-cc13x0/ble-cc2650.o
LOAD obj_cc26x0-cc13x0/ble-hal-cc26xx.o
LOAD obj_cc26x0-cc13x0/ble-addr.o
LOAD obj_cc26x0-cc13x0/rf-ble-cmd.o
LOAD obj_cc26x0-cc13x0/random.o
LOAD obj_cc26x0-cc13x0/soc-trng.o
LOAD obj_cc26x0-cc13x0/int-master.o
LOAD obj_cc26x0-cc13x0/spi-arch.o
LOAD obj_cc26x0-cc13x0/coap-observe-client.o
LOAD obj_cc26x0-cc13x0/coap-blocking-api.o
LOAD obj_cc26x0-cc13x0/coap-callback-api.o
LOAD obj_cc26x0-cc13x0/coap-engine.o
LOAD obj_cc26x0-cc13x0/coap-separate.o
LOAD obj_cc26x0-cc13x0/coap-observe.o
LOAD obj_cc26x0-cc13x0/coap-timer-default.o
LOAD obj_cc26x0-cc13x0/coap-transactions.o
LOAD obj_cc26x0-cc13x0/coap-res-well-known-core.o
LOAD obj_cc26x0-cc13x0/coap-keystore-simple.o
LOAD obj_cc26x0-cc13x0/coap-log.o
LOAD obj_cc26x0-cc13x0/coap-uip.o
LOAD obj_cc26x0-cc13x0/coap-timer.o
LOAD obj_cc26x0-cc13x0/coap-block1.o
LOAD obj_cc26x0-cc13x0/coap.o
LOAD obj_cc26x0-cc13x0/contiki-main.o
LOAD obj_cc26x0-cc13x0/stimer.o
LOAD obj_cc26x0-cc13x0/log.o
LOAD obj_cc26x0-cc13x0/autostart.o
LOAD obj_cc26x0-cc13x0/energest.o
LOAD obj_cc26x0-cc13x0/etimer.o
LOAD obj_cc26x0-cc13x0/node-id.o
LOAD obj_cc26x0-cc13x0/mutex.o
LOAD obj_cc26x0-cc13x0/ctimer.o
LOAD obj_cc26x0-cc13x0/compower.o
LOAD obj_cc26x0-cc13x0/process.o
LOAD obj_cc26x0-cc13x0/rtimer.o
LOAD obj_cc26x0-cc13x0/timer.o
LOAD obj_cc26x0-cc13x0/stack-check.o
LOAD obj_cc26x0-cc13x0/button-hal.o
LOAD obj_cc26x0-cc13x0/serial-line.o
LOAD obj_cc26x0-cc13x0/spi.o
LOAD obj_cc26x0-cc13x0/leds.o
LOAD obj_cc26x0-cc13x0/nullradio.o
LOAD obj_cc26x0-cc13x0/gpio-hal.o
LOAD obj_cc26x0-cc13x0/dbl-circ-list.o
LOAD obj_cc26x0-cc13x0/crc16.o
LOAD obj_cc26x0-cc13x0/ifft.o
LOAD obj_cc26x0-cc13x0/ccm-star.o
LOAD obj_cc26x0-cc13x0/sensors.o
LOAD obj_cc26x0-cc13x0/dbl-list.o
LOAD obj_cc26x0-cc13x0/ringbufindex.o
LOAD obj_cc26x0-cc13x0/list.o
LOAD obj_cc26x0-cc13x0/circular-list.o
LOAD obj_cc26x0-cc13x0/aes-128.o
LOAD obj_cc26x0-cc13x0/trickle-timer.o
LOAD obj_cc26x0-cc13x0/memb.o
LOAD obj_cc26x0-cc13x0/heapmem.o
LOAD obj_cc26x0-cc13x0/assert.o
LOAD obj_cc26x0-cc13x0/ringbuf.o
LOAD obj_cc26x0-cc13x0/queuebuf.o
LOAD obj_cc26x0-cc13x0/nbr-table.o
LOAD obj_cc26x0-cc13x0/packetbuf.o
LOAD obj_cc26x0-cc13x0/netstack.o
LOAD obj_cc26x0-cc13x0/linkaddr.o
LOAD obj_cc26x0-cc13x0/net-debug.o
LOAD obj_cc26x0-cc13x0/link-stats.o
LOAD obj_cc26x0-cc13x0/mac-sequence.o
LOAD obj_cc26x0-cc13x0/mac.o
LOAD obj_cc26x0-cc13x0/frame802154e-ie.o
LOAD obj_cc26x0-cc13x0/framer-802154.o
LOAD obj_cc26x0-cc13x0/nullframer.o
LOAD obj_cc26x0-cc13x0/frame802154.o
LOAD obj_cc26x0-cc13x0/ext-flash.o
LOAD obj_cc26x0-cc13x0/driverlib_release.o
LOAD obj_cc26x0-cc13x0/udma.o
LOAD obj_cc26x0-cc13x0/ssi.o
LOAD obj_cc26x0-cc13x0/aux_wuc.o
LOAD obj_cc26x0-cc13x0/rom_crypto.o
LOAD obj_cc26x0-cc13x0/watchdog.o
LOAD obj_cc26x0-cc13x0/aon_rtc.o
LOAD obj_cc26x0-cc13x0/osc.o
LOAD obj_cc26x0-cc13x0/smph.o
LOAD obj_cc26x0-cc13x0/aon_ioc.o
LOAD obj_cc26x0-cc13x0/i2c.o
LOAD obj_cc26x0-cc13x0/aon_wuc.o
LOAD obj_cc26x0-cc13x0/crypto.o
LOAD obj_cc26x0-cc13x0/adi.o
LOAD obj_cc26x0-cc13x0/rfc.o
LOAD obj_cc26x0-cc13x0/ioc.o
LOAD obj_cc26x0-cc13x0/ddi.o
LOAD obj_cc26x0-cc13x0/setup.o
LOAD obj_cc26x0-cc13x0/aon_batmon.o
LOAD obj_cc26x0-cc13x0/sys_ctrl.o
LOAD obj_cc26x0-cc13x0/interrupt.o
LOAD obj_cc26x0-cc13x0/aux_tdc.o
LOAD obj_cc26x0-cc13x0/ccfgread.o
LOAD obj_cc26x0-cc13x0/flash.o
LOAD obj_cc26x0-cc13x0/vims.o
LOAD obj_cc26x0-cc13x0/gpio.o
LOAD obj_cc26x0-cc13x0/cpu.o
LOAD obj_cc26x0-cc13x0/pwr_ctrl.o
LOAD obj_cc26x0-cc13x0/event.o
LOAD obj_cc26x0-cc13x0/setup_rom.o
LOAD obj_cc26x0-cc13x0/aon_event.o
LOAD obj_cc26x0-cc13x0/prcm.o
LOAD obj_cc26x0-cc13x0/aux_timer.o
LOAD obj_cc26x0-cc13x0/i2s.o
LOAD obj_cc26x0-cc13x0/systick.o
LOAD obj_cc26x0-cc13x0/aux_smph.o
LOAD obj_cc26x0-cc13x0/aux_adc.o
LOAD obj_cc26x0-cc13x0/chipinfo.o
LOAD obj_cc26x0-cc13x0/trng.o
LOAD obj_cc26x0-cc13x0/syscalls.o
LOAD obj_cc26x0-cc13x0/strformat.o
LOAD obj_cc26x0-cc13x0/printf.o
LOAD obj_cc26x0-cc13x0/sprintf.o
LOAD obj_cc26x0-cc13x0/snprintf.o
LOAD obj_cc26x0-cc13x0/puts.o
LOAD obj_cc26x0-cc13x0/putchar.o
LOAD obj_cc26x0-cc13x0/csma.o
LOAD obj_cc26x0-cc13x0/csma-output.o
LOAD obj_cc26x0-cc13x0/uipbuf.o
LOAD obj_cc26x0-cc13x0/uip-icmp6.o
LOAD obj_cc26x0-cc13x0/uip-sr.o
LOAD obj_cc26x0-cc13x0/uip-ds6.o
LOAD obj_cc26x0-cc13x0/uip-packetqueue.o
LOAD obj_cc26x0-cc13x0/tcp-socket.o
LOAD obj_cc26x0-cc13x0/uiplib.o
LOAD obj_cc26x0-cc13x0/ip64-addr.o
LOAD obj_cc26x0-cc13x0/uip-udp-packet.o
LOAD obj_cc26x0-cc13x0/uip-ds6-route.o
LOAD obj_cc26x0-cc13x0/psock.o
LOAD obj_cc26x0-cc13x0/tcpip.o
LOAD obj_cc26x0-cc13x0/uip6.o
LOAD obj_cc26x0-cc13x0/resolv.o
LOAD obj_cc26x0-cc13x0/uip-ds6-nbr.o
LOAD obj_cc26x0-cc13x0/uip-nameserver.o
LOAD obj_cc26x0-cc13x0/uip-nd6.o
LOAD obj_cc26x0-cc13x0/udp-socket.o
LOAD obj_cc26x0-cc13x0/simple-udp.o
LOAD obj_cc26x0-cc13x0/sicslowpan.o
LOAD obj_cc26x0-cc13x0/rpl-nbr-policy.o
LOAD obj_cc26x0-cc13x0/rpl-of0.o
LOAD obj_cc26x0-cc13x0/rpl-neighbor.o
LOAD obj_cc26x0-cc13x0/rpl-dag.o
LOAD obj_cc26x0-cc13x0/rpl-timers.o
LOAD obj_cc26x0-cc13x0/rpl-ext-header.o
LOAD obj_cc26x0-cc13x0/rpl.o
LOAD obj_cc26x0-cc13x0/rpl-mrhof.o
LOAD obj_cc26x0-cc13x0/rpl-icmp6.o
LOAD obj_cc26x0-cc13x0/rpl-dag-root.o
LOAD app.o
LOAD obj_cc26x0-cc13x0/lpm-mode.o
START GROUP
LOAD /usr/lib/gcc/arm-none-eabi/4.9.3/../../../arm-none-eabi/lib/armv7-m/libm.a
END GROUP
START GROUP
LOAD /usr/lib/gcc/arm-none-eabi/4.9.3/armv7-m/libgcc.a
LOAD /usr/lib/gcc/arm-none-eabi/4.9.3/../../../arm-none-eabi/lib/armv7-m/libc.a
END GROUP
                0x0000000020005000                _estack = (ORIGIN (SRAM) + LENGTH (SRAM))
                0x0000000000000000                _Min_Heap_Size = 0x0
                0x0000000000000400                _Min_Stack_Size = 0x400

.text           0x0000000000000000    0x11948
                0x0000000000000000                _text = .
 *(SORT(.vectors))
 .vectors       0x0000000000000000       0xc8 obj_cc26x0-cc13x0/startup_gcc.o
                0x0000000000000000                g_pfnVectors
 *(SORT(.text*))
 .text.FaultISR
                0x00000000000000c8       0x18 obj_cc26x0-cc13x0/fault-handlers.o
                0x00000000000000c8                FaultISR
 .text.NmiSRHandler
                0x00000000000000e0        0x4 obj_cc26x0-cc13x0/startup_gcc.o
                0x00000000000000e0                NmiSR
 .text.IntDefaultHandler
                0x00000000000000e4        0x4 obj_cc26x0-cc13x0/startup_gcc.o
                0x00000000000000e4                SSI0IntHandler
                0x00000000000000e4                SWEvent0IntHandler
                0x00000000000000e4                uDMAIntHandler
                0x00000000000000e4                WatchdogIntHandler
                0x00000000000000e4                RFCHardwareIntHandler
                0x00000000000000e4                Timer1BIntHandler
                0x00000000000000e4                I2SIntHandler
                0x00000000000000e4                Timer2BIntHandler
                0x00000000000000e4                Timer2AIntHandler
                0x00000000000000e4                Timer1AIntHandler
                0x00000000000000e4                AONIntHandler
                0x00000000000000e4                AUXSWEvent0IntHandler
                0x00000000000000e4                AUXADCIntHandler
                0x00000000000000e4                PendSVIntHandler
                0x00000000000000e4                AUXSWEvent1IntHandler
                0x00000000000000e4                SVCallIntHandler
                0x00000000000000e4                MPUFaultIntHandler
                0x00000000000000e4                SysTickIntHandler
                0x00000000000000e4                BusFaultIntHandler
                0x00000000000000e4                AONProgIntHandler
                0x00000000000000e4                AUXCompAIntHandler
                0x00000000000000e4                SSI1IntHandler
                0x00000000000000e4                FlashIntHandler
                0x00000000000000e4                uDMAErrIntHandler
                0x00000000000000e4                UsageFaultIntHandler
                0x00000000000000e4                RFCCmdAckIntHandler
                0x00000000000000e4                CryptoIntHandler
                0x00000000000000e4                Timer0AIntHandler
                0x00000000000000e4                I2CIntHandler
                0x00000000000000e4                DebugMonIntHandler
                0x00000000000000e4                Timer0BIntHandler
                0x00000000000000e4                AUXCombEventIntHandler
                0x00000000000000e4                Timer3AIntHandler
                0x00000000000000e4                DynProgIntHandler
                0x00000000000000e4                Timer3BIntHandler
 .text.ResetISR
                0x00000000000000e8       0x5c obj_cc26x0-cc13x0/startup_gcc.o
                0x00000000000000e8                ResetISR
 .text.fade     0x0000000000000144       0x64 obj_cc26x0-cc13x0/platform.o
 .text.platform_init_stage_one
                0x00000000000001a8       0x7c obj_cc26x0-cc13x0/platform.o
                0x00000000000001a8                platform_init_stage_one
 .text.platform_init_stage_two
                0x0000000000000224       0x2c obj_cc26x0-cc13x0/platform.o
                0x0000000000000224                platform_init_stage_two
 .text.platform_init_stage_three
                0x0000000000000250       0xf0 obj_cc26x0-cc13x0/platform.o
                0x0000000000000250                platform_init_stage_three
 .text.platform_idle
                0x0000000000000340        0x4 obj_cc26x0-cc13x0/platform.o
                0x0000000000000340                platform_idle
 .text.wakeup_handler
                0x0000000000000344       0x20 obj_cc26x0-cc13x0/board.o
 .text.board_init
                0x0000000000000364       0x9c obj_cc26x0-cc13x0/board.o
                0x0000000000000364                board_init
 .text.set_object
                0x0000000000000400        0x4 obj_cc26x0-cc13x0/prop-mode.o
 .text.rf_is_on
                0x0000000000000404       0x1c obj_cc26x0-cc13x0/prop-mode.o
 .text.request  0x0000000000000420       0x20 obj_cc26x0-cc13x0/prop-mode.o
 .text.soft_off_prop
                0x0000000000000440       0x54 obj_cc26x0-cc13x0/prop-mode.o
 .text.rx_on_prop
                0x0000000000000494       0x9c obj_cc26x0-cc13x0/prop-mode.o
 .text.prepare  0x0000000000000530       0x1c obj_cc26x0-cc13x0/prop-mode.o
 .text.pending_packet
                0x000000000000054c       0x48 obj_cc26x0-cc13x0/prop-mode.o
 .text.release_data_entry
                0x0000000000000594       0x40 obj_cc26x0-cc13x0/prop-mode.o
 .text.read_frame
                0x00000000000005d4       0xdc obj_cc26x0-cc13x0/prop-mode.o
 .text.get_object
                0x00000000000006b0       0x24 obj_cc26x0-cc13x0/prop-mode.o
 .text.rx_off_prop
                0x00000000000006d4       0x94 obj_cc26x0-cc13x0/prop-mode.o
 .text.prop_div_radio_setup
                0x0000000000000768       0x50 obj_cc26x0-cc13x0/prop-mode.o
 .text.prop_fs  0x00000000000007b8       0x34 obj_cc26x0-cc13x0/prop-mode.o
 .text.soft_on_prop
                0x00000000000007ec       0x20 obj_cc26x0-cc13x0/prop-mode.o
 .text.off      0x000000000000080c       0x40 obj_cc26x0-cc13x0/prop-mode.o
 .text.on       0x000000000000084c      0x1fc obj_cc26x0-cc13x0/prop-mode.o
 .text.set_value
                0x0000000000000a48      0x1b8 obj_cc26x0-cc13x0/prop-mode.o
 .text.get_value
                0x0000000000000c00      0x1cc obj_cc26x0-cc13x0/prop-mode.o
 .text.transmit
                0x0000000000000dcc       0xb0 obj_cc26x0-cc13x0/prop-mode.o
 .text.send     0x0000000000000e7c       0x24 obj_cc26x0-cc13x0/prop-mode.o
 .text.channel_clear
                0x0000000000000ea0       0x74 obj_cc26x0-cc13x0/prop-mode.o
 .text.receiving_packet
                0x0000000000000f14       0x54 obj_cc26x0-cc13x0/prop-mode.o
 .text.init     0x0000000000000f68       0xb0 obj_cc26x0-cc13x0/prop-mode.o
 .text.power_domain_on
                0x0000000000001018       0x20 obj_cc26x0-cc13x0/clock.o
 .text.clock_init
                0x0000000000001038       0x98 obj_cc26x0-cc13x0/clock.o
                0x0000000000001038                clock_init
 .text.clock_time
                0x00000000000010d0       0x34 obj_cc26x0-cc13x0/clock.o
                0x00000000000010d0                clock_time
 .text.clock_update
                0x0000000000001104       0x3c obj_cc26x0-cc13x0/clock.o
                0x0000000000001104                clock_update
 .text.clock_seconds
                0x0000000000001140       0x18 obj_cc26x0-cc13x0/clock.o
                0x0000000000001140                clock_seconds
 .text.rtimer_arch_init
                0x0000000000001158        0x4 obj_cc26x0-cc13x0/rtimer-arch.o
                0x0000000000001158                rtimer_arch_init
 .text.rtimer_arch_schedule
                0x000000000000115c        0x8 obj_cc26x0-cc13x0/rtimer-arch.o
                0x000000000000115c                rtimer_arch_schedule
 .text.rtimer_arch_now
                0x0000000000001164        0x4 obj_cc26x0-cc13x0/rtimer-arch.o
                0x0000000000001164                rtimer_arch_now
 .text.soc_rtc_init
                0x0000000000001168       0xa0 obj_cc26x0-cc13x0/soc-rtc.o
                0x0000000000001168                soc_rtc_init
 .text.soc_rtc_schedule_one_shot
                0x0000000000001208       0x70 obj_cc26x0-cc13x0/soc-rtc.o
                0x0000000000001208                soc_rtc_schedule_one_shot
 .text.soc_rtc_last_isr_time
                0x0000000000001278        0xc obj_cc26x0-cc13x0/soc-rtc.o
                0x0000000000001278                soc_rtc_last_isr_time
 .text.AONRTCIntHandler
                0x0000000000001284       0x88 obj_cc26x0-cc13x0/soc-rtc.o
                0x0000000000001284                AONRTCIntHandler
 .text.lock_config
                0x000000000000130c       0x18 obj_cc26x0-cc13x0/contiki-watchdog.o
 .text.unlock_config
                0x0000000000001324       0x2c obj_cc26x0-cc13x0/contiki-watchdog.o
 .text.watchdog_init
                0x0000000000001350       0x1c obj_cc26x0-cc13x0/contiki-watchdog.o
                0x0000000000001350                watchdog_init
 .text.watchdog_start
                0x000000000000136c       0x30 obj_cc26x0-cc13x0/contiki-watchdog.o
                0x000000000000136c                watchdog_start
 .text.watchdog_periodic
                0x000000000000139c       0x1c obj_cc26x0-cc13x0/contiki-watchdog.o
                0x000000000000139c                watchdog_periodic
 .text.aux_ctrl_power_up
                0x00000000000013b8       0x28 obj_cc26x0-cc13x0/aux-ctrl.o
                0x00000000000013b8                aux_ctrl_power_up
 .text.aux_ctrl_register_consumer
                0x00000000000013e0       0x40 obj_cc26x0-cc13x0/aux-ctrl.o
                0x00000000000013e0                aux_ctrl_register_consumer
 .text.aux_ctrl_power_down
                0x0000000000001420       0x6c obj_cc26x0-cc13x0/aux-ctrl.o
                0x0000000000001420                aux_ctrl_power_down
 .text.aux_ctrl_unregister_consumer
                0x000000000000148c       0x28 obj_cc26x0-cc13x0/aux-ctrl.o
                0x000000000000148c                aux_ctrl_unregister_consumer
 .text.dbg_send_bytes
                0x00000000000014b4       0x40 obj_cc26x0-cc13x0/dbg.o
                0x00000000000014b4                dbg_send_bytes
 .text.ieee_addr_cpy_to
                0x00000000000014f4       0x40 obj_cc26x0-cc13x0/ieee-addr.o
                0x00000000000014f4                ieee_addr_cpy_to
 .text.configure
                0x0000000000001534       0x34 obj_cc26x0-cc13x0/batmon-sensor.o
 .text.status   0x0000000000001568       0x14 obj_cc26x0-cc13x0/batmon-sensor.o
 .text.value    0x000000000000157c       0x24 obj_cc26x0-cc13x0/batmon-sensor.o
 .text.power_and_clock
                0x00000000000015a0       0x40 obj_cc26x0-cc13x0/cc26xx-uart.o
 .text.enable   0x00000000000015e0       0xf0 obj_cc26x0-cc13x0/cc26xx-uart.o
 .text.accessible
                0x00000000000016d0       0x24 obj_cc26x0-cc13x0/cc26xx-uart.o
 .text.lpm_drop_handler
                0x00000000000016f4       0xc8 obj_cc26x0-cc13x0/cc26xx-uart.o
 .text.cc26xx_uart_init
                0x00000000000017bc       0x28 obj_cc26x0-cc13x0/cc26xx-uart.o
                0x00000000000017bc                cc26xx_uart_init
 .text.cc26xx_uart_write_byte
                0x00000000000017e4       0x28 obj_cc26x0-cc13x0/cc26xx-uart.o
                0x00000000000017e4                cc26xx_uart_write_byte
 .text.cc26xx_uart_busy
                0x000000000000180c       0x18 obj_cc26x0-cc13x0/cc26xx-uart.o
                0x000000000000180c                cc26xx_uart_busy
 .text.UART0IntHandler
                0x0000000000001824       0x54 obj_cc26x0-cc13x0/cc26xx-uart.o
                0x0000000000001824                UART0IntHandler
 .text.lpm_sleep
                0x0000000000001878       0x14 obj_cc26x0-cc13x0/lpm.o
                0x0000000000001878                lpm_sleep
 .text.lpm_drop
                0x000000000000188c      0x25c obj_cc26x0-cc13x0/lpm.o
                0x000000000000188c                lpm_drop
 .text.lpm_register_module
                0x0000000000001ae8        0xc obj_cc26x0-cc13x0/lpm.o
                0x0000000000001ae8                lpm_register_module
 .text.lpm_unregister_module
                0x0000000000001af4        0xc obj_cc26x0-cc13x0/lpm.o
                0x0000000000001af4                lpm_unregister_module
 .text.lpm_init
                0x0000000000001b00       0x20 obj_cc26x0-cc13x0/lpm.o
                0x0000000000001b00                lpm_init
 .text.lpm_pin_set_default_state
                0x0000000000001b20       0x2c obj_cc26x0-cc13x0/lpm.o
                0x0000000000001b20                lpm_pin_set_default_state
 .text.GPIOIntHandler
                0x0000000000001b4c       0x10 obj_cc26x0-cc13x0/gpio-interrupt.o
                0x0000000000001b4c                GPIOIntHandler
 .text.gpio_hal_arch_pin_cfg_set
                0x0000000000001b5c       0x74 obj_cc26x0-cc13x0/gpio-hal-arch.o
                0x0000000000001b5c                gpio_hal_arch_pin_cfg_set
 .text.gpio_hal_arch_read_pin
                0x0000000000001bd0       0x28 obj_cc26x0-cc13x0/gpio-hal-arch.o
                0x0000000000001bd0                gpio_hal_arch_read_pin
 .text.oscillators_select_lf_xosc
                0x0000000000001bf8       0x58 obj_cc26x0-cc13x0/oscillators.o
                0x0000000000001bf8                oscillators_select_lf_xosc
 .text.oscillators_request_hf_xosc
                0x0000000000001c50       0x30 obj_cc26x0-cc13x0/oscillators.o
                0x0000000000001c50                oscillators_request_hf_xosc
 .text.oscillators_switch_to_hf_xosc
                0x0000000000001c80       0x34 obj_cc26x0-cc13x0/oscillators.o
                0x0000000000001c80                oscillators_switch_to_hf_xosc
 .text.oscillators_switch_to_hf_rc
                0x0000000000001cb4       0x38 obj_cc26x0-cc13x0/oscillators.o
                0x0000000000001cb4                oscillators_switch_to_hf_rc
 .text.process_thread_rf_core_process
                0x0000000000001cec       0x58 obj_cc26x0-cc13x0/rf-core.o
 .text.rf_core_is_accessible
                0x0000000000001d44       0x10 obj_cc26x0-cc13x0/rf-core.o
                0x0000000000001d44                rf_core_is_accessible
 .text.rf_core_send_cmd
                0x0000000000001d54       0xa4 obj_cc26x0-cc13x0/rf-core.o
                0x0000000000001d54                rf_core_send_cmd
 .text.rf_core_wait_cmd_done
                0x0000000000001df8       0x30 obj_cc26x0-cc13x0/rf-core.o
                0x0000000000001df8                rf_core_wait_cmd_done
 .text.rf_core_power_up
                0x0000000000001e28       0xcc obj_cc26x0-cc13x0/rf-core.o
                0x0000000000001e28                rf_core_power_up
 .text.rf_core_start_rat
                0x0000000000001ef4       0x70 obj_cc26x0-cc13x0/rf-core.o
                0x0000000000001ef4                rf_core_start_rat
 .text.rf_core_stop_rat
                0x0000000000001f64       0x88 obj_cc26x0-cc13x0/rf-core.o
                0x0000000000001f64                rf_core_stop_rat
 .text.rf_core_power_down
                0x0000000000001fec       0xf4 obj_cc26x0-cc13x0/rf-core.o
                0x0000000000001fec                rf_core_power_down
 .text.rf_core_set_modesel
                0x00000000000020e0       0x44 obj_cc26x0-cc13x0/rf-core.o
                0x00000000000020e0                rf_core_set_modesel
 .text.rf_core_restart_rat
                0x0000000000002124       0x18 obj_cc26x0-cc13x0/rf-core.o
                0x0000000000002124                rf_core_restart_rat
 .text.rf_core_setup_interrupts
                0x000000000000213c       0x80 obj_cc26x0-cc13x0/rf-core.o
                0x000000000000213c                rf_core_setup_interrupts
 .text.rf_core_cmd_done_en
                0x00000000000021bc       0x3c obj_cc26x0-cc13x0/rf-core.o
                0x00000000000021bc                rf_core_cmd_done_en
 .text.rf_core_cmd_done_dis
                0x00000000000021f8       0x20 obj_cc26x0-cc13x0/rf-core.o
                0x00000000000021f8                rf_core_cmd_done_dis
 .text.rf_core_get_last_radio_op
                0x0000000000002218        0xc obj_cc26x0-cc13x0/rf-core.o
                0x0000000000002218                rf_core_get_last_radio_op
 .text.rf_core_primary_mode_register
                0x0000000000002224        0xc obj_cc26x0-cc13x0/rf-core.o
                0x0000000000002224                rf_core_primary_mode_register
 .text.rf_core_rat_init
                0x0000000000002230       0x2c obj_cc26x0-cc13x0/rf-core.o
                0x0000000000002230                rf_core_rat_init
 .text.rf_core_check_rat_overflow
                0x000000000000225c       0x70 obj_cc26x0-cc13x0/rf-core.o
                0x000000000000225c                rf_core_check_rat_overflow
 .text.rat_overflow_check_timer_cb
                0x00000000000022cc       0x60 obj_cc26x0-cc13x0/rf-core.o
 .text.rf_core_convert_rat_to_rtimer
                0x000000000000232c       0xa0 obj_cc26x0-cc13x0/rf-core.o
                0x000000000000232c                rf_core_convert_rat_to_rtimer
 .text.RFCCPE1IntHandler
                0x00000000000023cc       0x54 obj_cc26x0-cc13x0/rf-core.o
                0x00000000000023cc                RFCCPE1IntHandler
 .text.RFCCPE0IntHandler
                0x0000000000002420       0x5c obj_cc26x0-cc13x0/rf-core.o
                0x0000000000002420                RFCCPE0IntHandler
 .text.rf_ble_is_active
                0x000000000000247c        0xc obj_cc26x0-cc13x0/rf-ble.o
                0x000000000000247c                rf_ble_is_active
 .text.random_rand
                0x0000000000002488        0xc obj_cc26x0-cc13x0/random.o
                0x0000000000002488                random_rand
 .text.random_init
                0x0000000000002494        0x4 obj_cc26x0-cc13x0/random.o
                0x0000000000002494                random_init
 .text.power_up
                0x0000000000002498       0x40 obj_cc26x0-cc13x0/soc-trng.o
 .text.request  0x00000000000024d8       0x14 obj_cc26x0-cc13x0/soc-trng.o
 .text.process_thread_soc_trng_process
                0x00000000000024ec       0x94 obj_cc26x0-cc13x0/soc-trng.o
 .text.accessible
                0x0000000000002580       0x24 obj_cc26x0-cc13x0/soc-trng.o
 .text.soc_trng_rand_synchronous
                0x00000000000025a4       0xc4 obj_cc26x0-cc13x0/soc-trng.o
                0x00000000000025a4                soc_trng_rand_synchronous
 .text.TRNGIntHandler
                0x0000000000002668       0x50 obj_cc26x0-cc13x0/soc-trng.o
                0x0000000000002668                TRNGIntHandler
 .text.soc_trng_init
                0x00000000000026b8       0x28 obj_cc26x0-cc13x0/soc-trng.o
                0x00000000000026b8                soc_trng_init
 .text.int_master_read_and_disable
                0x00000000000026e0       0x10 obj_cc26x0-cc13x0/int-master.o
                0x00000000000026e0                int_master_read_and_disable
 .text.int_master_status_set
                0x00000000000026f0        0x8 obj_cc26x0-cc13x0/int-master.o
                0x00000000000026f0                int_master_status_set
 .text.spi_arch_has_lock
                0x00000000000026f8       0x18 obj_cc26x0-cc13x0/spi-arch.o
                0x00000000000026f8                spi_arch_has_lock
 .text.spi_arch_lock_and_open
                0x0000000000002710      0x140 obj_cc26x0-cc13x0/spi-arch.o
                0x0000000000002710                spi_arch_lock_and_open
 .text.spi_arch_close_and_unlock
                0x0000000000002850       0xa0 obj_cc26x0-cc13x0/spi-arch.o
                0x0000000000002850                spi_arch_close_and_unlock
 .text.spi_arch_transfer
                0x00000000000028f0       0xec obj_cc26x0-cc13x0/spi-arch.o
                0x00000000000028f0                spi_arch_transfer
 .text.process_callback
                0x00000000000029dc       0x40 obj_cc26x0-cc13x0/coap-engine.o
 .text.coap_call_handlers
                0x0000000000002a1c       0x60 obj_cc26x0-cc13x0/coap-engine.o
                0x0000000000002a1c                coap_call_handlers
 .text.coap_receive
                0x0000000000002a7c      0x3d8 obj_cc26x0-cc13x0/coap-engine.o
                0x0000000000002a7c                coap_receive
 .text.coap_activate_resource
                0x0000000000002e54       0x44 obj_cc26x0-cc13x0/coap-engine.o
                0x0000000000002e54                coap_activate_resource
 .text.coap_engine_init
                0x0000000000002e98       0x44 obj_cc26x0-cc13x0/coap-engine.o
                0x0000000000002e98                coap_engine_init
 .text.coap_get_first_resource
                0x0000000000002edc        0xc obj_cc26x0-cc13x0/coap-engine.o
                0x0000000000002edc                coap_get_first_resource
 .text.coap_get_next_resource
                0x0000000000002ee8        0x4 obj_cc26x0-cc13x0/coap-engine.o
                0x0000000000002ee8                coap_get_next_resource
 .text.coap_remove_observer
                0x0000000000002eec       0x20 obj_cc26x0-cc13x0/coap-observe.o
                0x0000000000002eec                coap_remove_observer
 .text.coap_remove_observer_by_client
                0x0000000000002f0c       0x40 obj_cc26x0-cc13x0/coap-observe.o
                0x0000000000002f0c                coap_remove_observer_by_client
 .text.coap_remove_observer_by_token
                0x0000000000002f4c       0x58 obj_cc26x0-cc13x0/coap-observe.o
                0x0000000000002f4c                coap_remove_observer_by_token
 .text.coap_remove_observer_by_uri
                0x0000000000002fa4       0x5c obj_cc26x0-cc13x0/coap-observe.o
                0x0000000000002fa4                coap_remove_observer_by_uri
 .text.coap_remove_observer_by_mid
                0x0000000000003000       0x40 obj_cc26x0-cc13x0/coap-observe.o
                0x0000000000003000                coap_remove_observer_by_mid
 .text.coap_observe_handler
                0x0000000000003040       0xe0 obj_cc26x0-cc13x0/coap-observe.o
                0x0000000000003040                coap_observe_handler
 .text.update   0x0000000000003120        0xc obj_cc26x0-cc13x0/coap-timer-default.o
 .text.process_thread_coap_timer_process
                0x000000000000312c       0x90 obj_cc26x0-cc13x0/coap-timer-default.o
 .text.uptime   0x00000000000031bc       0x48 obj_cc26x0-cc13x0/coap-timer-default.o
 .text.init     0x0000000000003204        0xc obj_cc26x0-cc13x0/coap-timer-default.o
 .text.coap_new_transaction
                0x0000000000003210       0x34 obj_cc26x0-cc13x0/coap-transactions.o
                0x0000000000003210                coap_new_transaction
 .text.coap_clear_transaction
                0x0000000000003244       0x2c obj_cc26x0-cc13x0/coap-transactions.o
                0x0000000000003244                coap_clear_transaction
 .text.coap_send_transaction
                0x0000000000003270       0xb0 obj_cc26x0-cc13x0/coap-transactions.o
                0x0000000000003270                coap_send_transaction
 .text.coap_retransmit_transaction
                0x0000000000003320       0x18 obj_cc26x0-cc13x0/coap-transactions.o
 .text.coap_get_transaction_by_mid
                0x0000000000003338       0x28 obj_cc26x0-cc13x0/coap-transactions.o
                0x0000000000003338                coap_get_transaction_by_mid
 .text.well_known_core_get_handler
                0x0000000000003360      0x17c obj_cc26x0-cc13x0/coap-res-well-known-core.o
 .text.process_thread_coap_engine
                0x00000000000034dc       0xa0 obj_cc26x0-cc13x0/coap-uip.o
 .text.coap_endpoint_copy
                0x000000000000357c       0x20 obj_cc26x0-cc13x0/coap-uip.o
                0x000000000000357c                coap_endpoint_copy
 .text.coap_endpoint_cmp
                0x000000000000359c       0x2c obj_cc26x0-cc13x0/coap-uip.o
                0x000000000000359c                coap_endpoint_cmp
 .text.coap_transport_init
                0x00000000000035c8        0xc obj_cc26x0-cc13x0/coap-uip.o
                0x00000000000035c8                coap_transport_init
 .text.coap_sendto
                0x00000000000035d4       0x48 obj_cc26x0-cc13x0/coap-uip.o
                0x00000000000035d4                coap_sendto
 .text.coap_timer_init.part.0
                0x000000000000361c       0x28 obj_cc26x0-cc13x0/coap-timer.o
 .text.add_timer
                0x0000000000003644       0x90 obj_cc26x0-cc13x0/coap-timer.o
 .text.coap_timer_stop
                0x00000000000036d4       0x24 obj_cc26x0-cc13x0/coap-timer.o
                0x00000000000036d4                coap_timer_stop
 .text.coap_timer_set
                0x00000000000036f8       0x24 obj_cc26x0-cc13x0/coap-timer.o
                0x00000000000036f8                coap_timer_set
 .text.coap_timer_time_to_next_expiration
                0x000000000000371c       0x3c obj_cc26x0-cc13x0/coap-timer.o
                0x000000000000371c                coap_timer_time_to_next_expiration
 .text.coap_timer_run
                0x0000000000003758       0x68 obj_cc26x0-cc13x0/coap-timer.o
                0x0000000000003758                coap_timer_run
 .text.coap_set_option_header
                0x00000000000037c0       0x8c obj_cc26x0-cc13x0/coap.o
 .text.coap_serialize_int_option
                0x000000000000384c       0x68 obj_cc26x0-cc13x0/coap.o
 .text.coap_merge_multi_option
                0x00000000000038b4       0x34 obj_cc26x0-cc13x0/coap.o
 .text.coap_get_variable
                0x00000000000038e8       0x78 obj_cc26x0-cc13x0/coap.o
 .text.coap_serialize_array_option.part.1
                0x0000000000003960       0x20 obj_cc26x0-cc13x0/coap.o
 .text.coap_serialize_array_option
                0x0000000000003980       0x94 obj_cc26x0-cc13x0/coap.o
 .text.coap_init_connection
                0x0000000000003a14       0x10 obj_cc26x0-cc13x0/coap.o
                0x0000000000003a14                coap_init_connection
 .text.coap_get_mid
                0x0000000000003a24       0x10 obj_cc26x0-cc13x0/coap.o
                0x0000000000003a24                coap_get_mid
 .text.coap_init_message
                0x0000000000003a34       0x1c obj_cc26x0-cc13x0/coap.o
                0x0000000000003a34                coap_init_message
 .text.coap_serialize_message
                0x0000000000003a50      0x2d4 obj_cc26x0-cc13x0/coap.o
                0x0000000000003a50                coap_serialize_message
 .text.coap_parse_message
                0x0000000000003d24      0x398 obj_cc26x0-cc13x0/coap.o
                0x0000000000003d24                coap_parse_message
 .text.coap_get_post_variable
                0x00000000000040bc       0x20 obj_cc26x0-cc13x0/coap.o
                0x00000000000040bc                coap_get_post_variable
 .text.coap_set_status_code
                0x00000000000040dc        0xc obj_cc26x0-cc13x0/coap.o
                0x00000000000040dc                coap_set_status_code
 .text.coap_set_token
                0x00000000000040e8       0x18 obj_cc26x0-cc13x0/coap.o
                0x00000000000040e8                coap_set_token
 .text.coap_set_header_content_format
                0x0000000000004100       0x10 obj_cc26x0-cc13x0/coap.o
                0x0000000000004100                coap_set_header_content_format
 .text.coap_get_header_accept
                0x0000000000004110       0x14 obj_cc26x0-cc13x0/coap.o
                0x0000000000004110                coap_get_header_accept
 .text.coap_get_header_uri_path
                0x0000000000004124       0x14 obj_cc26x0-cc13x0/coap.o
                0x0000000000004124                coap_get_header_uri_path
 .text.coap_set_header_observe
                0x0000000000004138       0x10 obj_cc26x0-cc13x0/coap.o
                0x0000000000004138                coap_set_header_observe
 .text.coap_get_header_block2
                0x0000000000004148       0x34 obj_cc26x0-cc13x0/coap.o
                0x0000000000004148                coap_get_header_block2
 .text.coap_set_header_block2
                0x000000000000417c       0x3c obj_cc26x0-cc13x0/coap.o
                0x000000000000417c                coap_set_header_block2
 .text.coap_set_payload
                0x00000000000041b8       0x14 obj_cc26x0-cc13x0/coap.o
                0x00000000000041b8                coap_set_payload
 .text.startup.main
                0x00000000000041cc      0x270 obj_cc26x0-cc13x0/contiki-main.o
                0x00000000000041cc                main
 .text.stimer_set
                0x000000000000443c       0x10 obj_cc26x0-cc13x0/stimer.o
                0x000000000000443c                stimer_set
 .text.stimer_expired
                0x000000000000444c       0x20 obj_cc26x0-cc13x0/stimer.o
                0x000000000000444c                stimer_expired
 .text.log_6addr
                0x000000000000446c       0x20 obj_cc26x0-cc13x0/log.o
                0x000000000000446c                log_6addr
 .text.log_lladdr
                0x000000000000448c       0x54 obj_cc26x0-cc13x0/log.o
                0x000000000000448c                log_lladdr
 .text.autostart_start
                0x00000000000044e0       0x18 obj_cc26x0-cc13x0/autostart.o
                0x00000000000044e0                autostart_start
 .text.energest_init
                0x00000000000044f8        0x4 obj_cc26x0-cc13x0/energest.o
                0x00000000000044f8                energest_init
 .text.update_time
                0x00000000000044fc       0x44 obj_cc26x0-cc13x0/etimer.o
 .text.process_thread_etimer_process
                0x0000000000004540       0xc8 obj_cc26x0-cc13x0/etimer.o
 .text.add_timer
                0x0000000000004608       0x54 obj_cc26x0-cc13x0/etimer.o
 .text.etimer_request_poll
                0x000000000000465c        0xc obj_cc26x0-cc13x0/etimer.o
                0x000000000000465c                etimer_request_poll
 .text.etimer_set
                0x0000000000004668       0x14 obj_cc26x0-cc13x0/etimer.o
                0x0000000000004668                etimer_set
 .text.etimer_reset
                0x000000000000467c       0x14 obj_cc26x0-cc13x0/etimer.o
                0x000000000000467c                etimer_reset
 .text.etimer_expired
                0x0000000000004690        0xc obj_cc26x0-cc13x0/etimer.o
                0x0000000000004690                etimer_expired
 .text.etimer_pending
                0x000000000000469c       0x10 obj_cc26x0-cc13x0/etimer.o
                0x000000000000469c                etimer_pending
 .text.etimer_next_expiration_time
                0x00000000000046ac       0x14 obj_cc26x0-cc13x0/etimer.o
                0x00000000000046ac                etimer_next_expiration_time
 .text.etimer_stop
                0x00000000000046c0       0x4c obj_cc26x0-cc13x0/etimer.o
                0x00000000000046c0                etimer_stop
 .text.node_id_init
                0x000000000000470c       0x18 obj_cc26x0-cc13x0/node-id.o
                0x000000000000470c                node_id_init
 .text.process_thread_ctimer_process
                0x0000000000004724       0x94 obj_cc26x0-cc13x0/ctimer.o
 .text.ctimer_init
                0x00000000000047b8       0x28 obj_cc26x0-cc13x0/ctimer.o
                0x00000000000047b8                ctimer_init
 .text.ctimer_set_with_process
                0x00000000000047e0       0x4c obj_cc26x0-cc13x0/ctimer.o
                0x00000000000047e0                ctimer_set_with_process
 .text.ctimer_set
                0x000000000000482c       0x18 obj_cc26x0-cc13x0/ctimer.o
                0x000000000000482c                ctimer_set
 .text.ctimer_reset
                0x0000000000004844       0x38 obj_cc26x0-cc13x0/ctimer.o
                0x0000000000004844                ctimer_reset
 .text.ctimer_stop
                0x000000000000487c       0x34 obj_cc26x0-cc13x0/ctimer.o
                0x000000000000487c                ctimer_stop
 .text.ctimer_expired
                0x00000000000048b0       0x38 obj_cc26x0-cc13x0/ctimer.o
                0x00000000000048b0                ctimer_expired
 .text.exit_process
                0x00000000000048e8       0xb0 obj_cc26x0-cc13x0/process.o
 .text.call_process.part.0
                0x0000000000004998       0x38 obj_cc26x0-cc13x0/process.o
 .text.do_poll  0x00000000000049d0       0x3c obj_cc26x0-cc13x0/process.o
 .text.process_alloc_event
                0x0000000000004a0c       0x10 obj_cc26x0-cc13x0/process.o
                0x0000000000004a0c                process_alloc_event
 .text.process_init
                0x0000000000004a1c       0x34 obj_cc26x0-cc13x0/process.o
                0x0000000000004a1c                process_init
 .text.process_run
                0x0000000000004a50       0xac obj_cc26x0-cc13x0/process.o
                0x0000000000004a50                process_run
 .text.process_nevents
                0x0000000000004afc       0x14 obj_cc26x0-cc13x0/process.o
                0x0000000000004afc                process_nevents
 .text.process_post
                0x0000000000004b10       0x40 obj_cc26x0-cc13x0/process.o
                0x0000000000004b10                process_post
 .text.process_post_synch
                0x0000000000004b50       0x18 obj_cc26x0-cc13x0/process.o
                0x0000000000004b50                process_post_synch
 .text.process_start
                0x0000000000004b68       0x40 obj_cc26x0-cc13x0/process.o
                0x0000000000004b68                process_start
 .text.process_poll
                0x0000000000004ba8       0x18 obj_cc26x0-cc13x0/process.o
                0x0000000000004ba8                process_poll
 .text.rtimer_init
                0x0000000000004bc0        0x4 obj_cc26x0-cc13x0/rtimer.o
                0x0000000000004bc0                rtimer_init
 .text.rtimer_run_next
                0x0000000000004bc4       0x28 obj_cc26x0-cc13x0/rtimer.o
                0x0000000000004bc4                rtimer_run_next
 .text.timer_set
                0x0000000000004bec       0x10 obj_cc26x0-cc13x0/timer.o
                0x0000000000004bec                timer_set
 .text.timer_reset
                0x0000000000004bfc       0x1c obj_cc26x0-cc13x0/timer.o
                0x0000000000004bfc                timer_reset
 .text.timer_expired
                0x0000000000004c18       0x1c obj_cc26x0-cc13x0/timer.o
                0x0000000000004c18                timer_expired
 .text.stack_check_init
                0x0000000000004c34       0x3c obj_cc26x0-cc13x0/stack-check.o
                0x0000000000004c34                stack_check_init
 .text.stack_check_get_usage
                0x0000000000004c70       0x58 obj_cc26x0-cc13x0/stack-check.o
                0x0000000000004c70                stack_check_get_usage
 .text.process_thread_stack_check_process
                0x0000000000004cc8       0xa0 obj_cc26x0-cc13x0/stack-check.o
 .text.duration_exceeded_callback
                0x0000000000004d68       0x34 obj_cc26x0-cc13x0/button-hal.o
 .text.process_thread_button_hal_process
                0x0000000000004d9c       0x7c obj_cc26x0-cc13x0/button-hal.o
 .text.press_release_handler
                0x0000000000004e18       0x18 obj_cc26x0-cc13x0/button-hal.o
 .text.button_hal_get_state
                0x0000000000004e30       0x24 obj_cc26x0-cc13x0/button-hal.o
                0x0000000000004e30                button_hal_get_state
 .text.debounce_handler
                0x0000000000004e54       0x68 obj_cc26x0-cc13x0/button-hal.o
 .text.button_hal_init
                0x0000000000004ebc       0xc0 obj_cc26x0-cc13x0/button-hal.o
                0x0000000000004ebc                button_hal_init
 .text.process_thread_serial_line_process
                0x0000000000004f7c       0xac obj_cc26x0-cc13x0/serial-line.o
 .text.serial_line_init
                0x0000000000005028       0x24 obj_cc26x0-cc13x0/serial-line.o
                0x0000000000005028                serial_line_init
 .text.spi_acquire
                0x000000000000504c       0x10 obj_cc26x0-cc13x0/spi.o
                0x000000000000504c                spi_acquire
 .text.spi_release
                0x000000000000505c       0x10 obj_cc26x0-cc13x0/spi.o
                0x000000000000505c                spi_release
 .text.spi_select
                0x000000000000506c       0x20 obj_cc26x0-cc13x0/spi.o
                0x000000000000506c                spi_select
 .text.spi_deselect
                0x000000000000508c       0x14 obj_cc26x0-cc13x0/spi.o
                0x000000000000508c                spi_deselect
 .text.spi_write_byte
                0x00000000000050a0       0x38 obj_cc26x0-cc13x0/spi.o
                0x00000000000050a0                spi_write_byte
 .text.spi_write
                0x00000000000050d8       0x3c obj_cc26x0-cc13x0/spi.o
                0x00000000000050d8                spi_write
 .text.spi_read
                0x0000000000005114       0x3c obj_cc26x0-cc13x0/spi.o
                0x0000000000005114                spi_read
 .text.leds_on  0x0000000000005150       0x48 obj_cc26x0-cc13x0/leds.o
                0x0000000000005150                leds_on
 .text.leds_off
                0x0000000000005198       0x48 obj_cc26x0-cc13x0/leds.o
                0x0000000000005198                leds_off
 .text.leds_init
                0x00000000000051e0       0x28 obj_cc26x0-cc13x0/leds.o
                0x00000000000051e0                leds_init
 .text.gpio_hal_register_handler
                0x0000000000005208        0xc obj_cc26x0-cc13x0/gpio-hal.o
                0x0000000000005208                gpio_hal_register_handler
 .text.gpio_hal_event_handler
                0x0000000000005214       0x28 obj_cc26x0-cc13x0/gpio-hal.o
                0x0000000000005214                gpio_hal_event_handler
 .text.gpio_hal_init
                0x000000000000523c        0xc obj_cc26x0-cc13x0/gpio-hal.o
                0x000000000000523c                gpio_hal_init
 .text.list_init
                0x0000000000005248        0x8 obj_cc26x0-cc13x0/list.o
                0x0000000000005248                list_init
 .text.list_head
                0x0000000000005250        0x4 obj_cc26x0-cc13x0/list.o
                0x0000000000005250                list_head
 .text.list_add
                0x0000000000005254       0x48 obj_cc26x0-cc13x0/list.o
                0x0000000000005254                list_add
 .text.list_push
                0x000000000000529c       0x40 obj_cc26x0-cc13x0/list.o
                0x000000000000529c                list_push
 .text.list_remove
                0x00000000000052dc       0x2c obj_cc26x0-cc13x0/list.o
                0x00000000000052dc                list_remove
 .text.list_length
                0x0000000000005308       0x14 obj_cc26x0-cc13x0/list.o
                0x0000000000005308                list_length
 .text.list_insert
                0x000000000000531c       0x40 obj_cc26x0-cc13x0/list.o
                0x000000000000531c                list_insert
 .text.list_item_next
                0x000000000000535c        0x8 obj_cc26x0-cc13x0/list.o
                0x000000000000535c                list_item_next
 .text.memb_init
                0x0000000000005364       0x24 obj_cc26x0-cc13x0/memb.o
                0x0000000000005364                memb_init
 .text.memb_alloc
                0x0000000000005388       0x3c obj_cc26x0-cc13x0/memb.o
                0x0000000000005388                memb_alloc
 .text.memb_free
                0x00000000000053c4       0x44 obj_cc26x0-cc13x0/memb.o
                0x00000000000053c4                memb_free
 .text.memb_inmemb
                0x0000000000005408       0x1c obj_cc26x0-cc13x0/memb.o
                0x0000000000005408                memb_inmemb
 .text.memb_numfree
                0x0000000000005424       0x1c obj_cc26x0-cc13x0/memb.o
                0x0000000000005424                memb_numfree
 .text.ringbuf_init
                0x0000000000005440       0x10 obj_cc26x0-cc13x0/ringbuf.o
                0x0000000000005440                ringbuf_init
 .text.ringbuf_get
                0x0000000000005450       0x28 obj_cc26x0-cc13x0/ringbuf.o
                0x0000000000005450                ringbuf_get
 .text.queuebuf_init
                0x0000000000005478       0x1c obj_cc26x0-cc13x0/queuebuf.o
                0x0000000000005478                queuebuf_init
 .text.queuebuf_numfree
                0x0000000000005494        0xc obj_cc26x0-cc13x0/queuebuf.o
                0x0000000000005494                queuebuf_numfree
 .text.queuebuf_new_from_packetbuf
                0x00000000000054a0       0x48 obj_cc26x0-cc13x0/queuebuf.o
                0x00000000000054a0                queuebuf_new_from_packetbuf
 .text.queuebuf_update_attr_from_packetbuf
                0x00000000000054e8        0xc obj_cc26x0-cc13x0/queuebuf.o
                0x00000000000054e8                queuebuf_update_attr_from_packetbuf
 .text.queuebuf_free
                0x00000000000054f4       0x2c obj_cc26x0-cc13x0/queuebuf.o
                0x00000000000054f4                queuebuf_free
 .text.queuebuf_to_packetbuf
                0x0000000000005520       0x30 obj_cc26x0-cc13x0/queuebuf.o
                0x0000000000005520                queuebuf_to_packetbuf
 .text.queuebuf_attr
                0x0000000000005550        0xc obj_cc26x0-cc13x0/queuebuf.o
                0x0000000000005550                queuebuf_attr
 .text.nbr_set_bit
                0x000000000000555c       0x4c obj_cc26x0-cc13x0/nbr-table.o
 .text.index_from_lladdr
                0x00000000000055a8       0x50 obj_cc26x0-cc13x0/nbr-table.o
 .text.nbr_get_bit.constprop.0
                0x00000000000055f8       0x2c obj_cc26x0-cc13x0/nbr-table.o
 .text.nbr_table_register
                0x0000000000005624       0x44 obj_cc26x0-cc13x0/nbr-table.o
                0x0000000000005624                nbr_table_register
 .text.nbr_table_next
                0x0000000000005668       0x70 obj_cc26x0-cc13x0/nbr-table.o
                0x0000000000005668                nbr_table_next
 .text.nbr_table_head
                0x00000000000056d8       0x58 obj_cc26x0-cc13x0/nbr-table.o
                0x00000000000056d8                nbr_table_head
 .text.nbr_table_add_lladdr
                0x0000000000005730      0x1d8 obj_cc26x0-cc13x0/nbr-table.o
                0x0000000000005730                nbr_table_add_lladdr
 .text.nbr_table_get_from_lladdr
                0x0000000000005908       0x34 obj_cc26x0-cc13x0/nbr-table.o
                0x0000000000005908                nbr_table_get_from_lladdr
 .text.nbr_table_remove
                0x000000000000593c       0x2c obj_cc26x0-cc13x0/nbr-table.o
                0x000000000000593c                nbr_table_remove
 .text.nbr_table_lock
                0x0000000000005968       0x14 obj_cc26x0-cc13x0/nbr-table.o
                0x0000000000005968                nbr_table_lock
 .text.nbr_table_unlock
                0x000000000000597c       0x14 obj_cc26x0-cc13x0/nbr-table.o
                0x000000000000597c                nbr_table_unlock
 .text.nbr_table_get_lladdr
                0x0000000000005990       0x30 obj_cc26x0-cc13x0/nbr-table.o
                0x0000000000005990                nbr_table_get_lladdr
 .text.packetbuf_copyto
                0x00000000000059c0       0x4c obj_cc26x0-cc13x0/packetbuf.o
                0x00000000000059c0                packetbuf_copyto
 .text.packetbuf_hdralloc
                0x0000000000005a0c       0x58 obj_cc26x0-cc13x0/packetbuf.o
                0x0000000000005a0c                packetbuf_hdralloc
 .text.packetbuf_hdrreduce
                0x0000000000005a64       0x2c obj_cc26x0-cc13x0/packetbuf.o
                0x0000000000005a64                packetbuf_hdrreduce
 .text.packetbuf_set_datalen
                0x0000000000005a90        0xc obj_cc26x0-cc13x0/packetbuf.o
                0x0000000000005a90                packetbuf_set_datalen
 .text.packetbuf_dataptr
                0x0000000000005a9c       0x20 obj_cc26x0-cc13x0/packetbuf.o
                0x0000000000005a9c                packetbuf_dataptr
 .text.packetbuf_hdrptr
                0x0000000000005abc        0x8 obj_cc26x0-cc13x0/packetbuf.o
                0x0000000000005abc                packetbuf_hdrptr
 .text.packetbuf_datalen
                0x0000000000005ac4        0xc obj_cc26x0-cc13x0/packetbuf.o
                0x0000000000005ac4                packetbuf_datalen
 .text.packetbuf_totlen
                0x0000000000005ad0       0x24 obj_cc26x0-cc13x0/packetbuf.o
                0x0000000000005ad0                packetbuf_totlen
 .text.packetbuf_attr_clear
                0x0000000000005af4       0x34 obj_cc26x0-cc13x0/packetbuf.o
                0x0000000000005af4                packetbuf_attr_clear
 .text.packetbuf_clear
                0x0000000000005b28       0x20 obj_cc26x0-cc13x0/packetbuf.o
                0x0000000000005b28                packetbuf_clear
 .text.packetbuf_copyfrom
                0x0000000000005b48       0x40 obj_cc26x0-cc13x0/packetbuf.o
                0x0000000000005b48                packetbuf_copyfrom
 .text.packetbuf_attr_copyto
                0x0000000000005b88       0x24 obj_cc26x0-cc13x0/packetbuf.o
                0x0000000000005b88                packetbuf_attr_copyto
 .text.packetbuf_attr_copyfrom
                0x0000000000005bac       0x28 obj_cc26x0-cc13x0/packetbuf.o
                0x0000000000005bac                packetbuf_attr_copyfrom
 .text.packetbuf_set_attr
                0x0000000000005bd4       0x10 obj_cc26x0-cc13x0/packetbuf.o
                0x0000000000005bd4                packetbuf_set_attr
 .text.packetbuf_attr
                0x0000000000005be4        0xc obj_cc26x0-cc13x0/packetbuf.o
                0x0000000000005be4                packetbuf_attr
 .text.packetbuf_set_addr
                0x0000000000005bf0       0x18 obj_cc26x0-cc13x0/packetbuf.o
                0x0000000000005bf0                packetbuf_set_addr
 .text.packetbuf_addr
                0x0000000000005c08       0x10 obj_cc26x0-cc13x0/packetbuf.o
                0x0000000000005c08                packetbuf_addr
 .text.packetbuf_holds_broadcast
                0x0000000000005c18       0x10 obj_cc26x0-cc13x0/packetbuf.o
                0x0000000000005c18                packetbuf_holds_broadcast
 .text.netstack_process_ip_callback
                0x0000000000005c28       0x44 obj_cc26x0-cc13x0/netstack.o
                0x0000000000005c28                netstack_process_ip_callback
 .text.netstack_init
                0x0000000000005c6c       0x24 obj_cc26x0-cc13x0/netstack.o
                0x0000000000005c6c                netstack_init
 .text.linkaddr_copy
                0x0000000000005c90        0x8 obj_cc26x0-cc13x0/linkaddr.o
                0x0000000000005c90                linkaddr_copy
 .text.linkaddr_cmp
                0x0000000000005c98       0x10 obj_cc26x0-cc13x0/linkaddr.o
                0x0000000000005c98                linkaddr_cmp
 .text.periodic
                0x0000000000005ca8       0x2c obj_cc26x0-cc13x0/link-stats.o
 .text.link_stats_from_lladdr
                0x0000000000005cd4        0xc obj_cc26x0-cc13x0/link-stats.o
                0x0000000000005cd4                link_stats_from_lladdr
 .text.link_stats_is_fresh
                0x0000000000005ce0       0x28 obj_cc26x0-cc13x0/link-stats.o
                0x0000000000005ce0                link_stats_is_fresh
 .text.link_stats_packet_sent
                0x0000000000005d08       0xec obj_cc26x0-cc13x0/link-stats.o
                0x0000000000005d08                link_stats_packet_sent
 .text.link_stats_input_callback
                0x0000000000005df4       0x8c obj_cc26x0-cc13x0/link-stats.o
                0x0000000000005df4                link_stats_input_callback
 .text.link_stats_reset
                0x0000000000005e80       0x28 obj_cc26x0-cc13x0/link-stats.o
                0x0000000000005e80                link_stats_reset
 .text.link_stats_init
                0x0000000000005ea8       0x28 obj_cc26x0-cc13x0/link-stats.o
                0x0000000000005ea8                link_stats_init
 .text.mac_sequence_is_duplicate
                0x0000000000005ed0       0x4c obj_cc26x0-cc13x0/mac-sequence.o
                0x0000000000005ed0                mac_sequence_is_duplicate
 .text.mac_sequence_register_seqno
                0x0000000000005f1c       0x70 obj_cc26x0-cc13x0/mac-sequence.o
                0x0000000000005f1c                mac_sequence_register_seqno
 .text.mac_call_sent_callback
                0x0000000000005f8c       0x10 obj_cc26x0-cc13x0/mac.o
                0x0000000000005f8c                mac_call_sent_callback
 .text.parse    0x0000000000005f9c       0x94 obj_cc26x0-cc13x0/framer-802154.o
 .text.framer_802154_setup_params
                0x0000000000006030       0x80 obj_cc26x0-cc13x0/framer-802154.o
                0x0000000000006030                framer_802154_setup_params
 .text.create_frame
                0x00000000000060b0       0xe0 obj_cc26x0-cc13x0/framer-802154.o
 .text.create   0x0000000000006190        0x8 obj_cc26x0-cc13x0/framer-802154.o
 .text.hdr_length
                0x0000000000006198        0x8 obj_cc26x0-cc13x0/framer-802154.o
 .text.frame802154_get_pan_id
                0x00000000000061a0        0xc obj_cc26x0-cc13x0/frame802154.o
                0x00000000000061a0                frame802154_get_pan_id
 .text.frame802154_has_panid
                0x00000000000061ac       0xb8 obj_cc26x0-cc13x0/frame802154.o
                0x00000000000061ac                frame802154_has_panid
 .text.field_len
                0x0000000000006264       0x8c obj_cc26x0-cc13x0/frame802154.o
 .text.frame802154_is_broadcast_addr
                0x00000000000062f0       0x20 obj_cc26x0-cc13x0/frame802154.o
                0x00000000000062f0                frame802154_is_broadcast_addr
 .text.frame802154_hdrlen
                0x0000000000006310       0x34 obj_cc26x0-cc13x0/frame802154.o
                0x0000000000006310                frame802154_hdrlen
 .text.frame802154_create_fcf
                0x0000000000006344       0x64 obj_cc26x0-cc13x0/frame802154.o
                0x0000000000006344                frame802154_create_fcf
 .text.frame802154_create
                0x00000000000063a8       0xb8 obj_cc26x0-cc13x0/frame802154.o
                0x00000000000063a8                frame802154_create
 .text.frame802154_parse_fcf
                0x0000000000006460       0x68 obj_cc26x0-cc13x0/frame802154.o
                0x0000000000006460                frame802154_parse_fcf
 .text.frame802154_parse
                0x00000000000064c8      0x134 obj_cc26x0-cc13x0/frame802154.o
                0x00000000000064c8                frame802154_parse
 .text.verify_part
                0x00000000000065fc       0x74 obj_cc26x0-cc13x0/ext-flash.o
 .text.wait_ready
                0x0000000000006670       0x50 obj_cc26x0-cc13x0/ext-flash.o
 .text.ext_flash_open
                0x00000000000066c0       0x68 obj_cc26x0-cc13x0/ext-flash.o
                0x00000000000066c0                ext_flash_open
 .text.ext_flash_close
                0x0000000000006728       0x64 obj_cc26x0-cc13x0/ext-flash.o
                0x0000000000006728                ext_flash_close
 .text.ext_flash_init
                0x000000000000678c       0x18 obj_cc26x0-cc13x0/ext-flash.o
                0x000000000000678c                ext_flash_init
 .text.NOROM_AONRTCCurrentCompareValueGet
                0x00000000000067a4       0x24 obj_cc26x0-cc13x0/aon_rtc.o
                0x00000000000067a4                NOROM_AONRTCCurrentCompareValueGet
 .text.NOROM_OSCClockSourceSet
                0x00000000000067c8       0x60 obj_cc26x0-cc13x0/osc.o
                0x00000000000067c8                NOROM_OSCClockSourceSet
 .text.NOROM_OSCClockSourceGet
                0x0000000000006828       0x2c obj_cc26x0-cc13x0/osc.o
                0x0000000000006828                NOROM_OSCClockSourceGet
 .text.NOROM_I2CIntRegister
                0x0000000000006854       0x1c obj_cc26x0-cc13x0/i2c.o
                0x0000000000006854                NOROM_I2CIntRegister
 .text.SafeHapiVoid
                0x0000000000006870       0x2c obj_cc26x0-cc13x0/adi.o
                0x0000000000006870                SafeHapiVoid
 .text.NOROM_RFCRTrim
                0x000000000000689c      0x138 obj_cc26x0-cc13x0/rfc.o
                0x000000000000689c                NOROM_RFCRTrim
 .text.NOROM_RFCAdi3VcoLdoVoltageMode
                0x00000000000069d4       0x20 obj_cc26x0-cc13x0/rfc.o
                0x00000000000069d4                NOROM_RFCAdi3VcoLdoVoltageMode
 .text.NOROM_DDI32RegWrite
                0x00000000000069f4       0x34 obj_cc26x0-cc13x0/ddi.o
                0x00000000000069f4                NOROM_DDI32RegWrite
 .text.TrimAfterColdResetWakeupFromShutDown
                0x0000000000006a28       0xd8 obj_cc26x0-cc13x0/setup.o
 .text.NOROM_SetupTrimDevice
                0x0000000000006b00       0xa4 obj_cc26x0-cc13x0/setup.o
                0x0000000000006b00                NOROM_SetupTrimDevice
 .text.NOROM_AONBatMonTemperatureGetDegC
                0x0000000000006ba4       0x30 obj_cc26x0-cc13x0/aon_batmon.o
                0x0000000000006ba4                NOROM_AONBatMonTemperatureGetDegC
 .text.NOROM_SysCtrlSetRechargeBeforePowerDown
                0x0000000000006bd4      0x2b0 obj_cc26x0-cc13x0/sys_ctrl.o
                0x0000000000006bd4                NOROM_SysCtrlSetRechargeBeforePowerDown
 .text.NOROM_SysCtrlAdjustRechargeAfterPowerDown
                0x0000000000006e84       0x64 obj_cc26x0-cc13x0/sys_ctrl.o
                0x0000000000006e84                NOROM_SysCtrlAdjustRechargeAfterPowerDown
 .text.NOROM_SysCtrl_DCDC_VoltageConditionalControl
                0x0000000000006ee8       0x7c obj_cc26x0-cc13x0/sys_ctrl.o
                0x0000000000006ee8                NOROM_SysCtrl_DCDC_VoltageConditionalControl
 .text.NOROM_IntRegister
                0x0000000000006f64       0x38 obj_cc26x0-cc13x0/interrupt.o
                0x0000000000006f64                NOROM_IntRegister
 .text.NOROM_CPUcpsid
                0x0000000000006f9c        0x8 obj_cc26x0-cc13x0/cpu.o
                0x0000000000006f9c                NOROM_CPUcpsid
 .text.NOROM_CPUcpsie
                0x0000000000006fa4        0x8 obj_cc26x0-cc13x0/cpu.o
                0x0000000000006fa4                NOROM_CPUcpsie
 .text.NOROM_PowerCtrlSourceSet
                0x0000000000006fac       0x30 obj_cc26x0-cc13x0/pwr_ctrl.o
                0x0000000000006fac                NOROM_PowerCtrlSourceSet
 .text.NOROM_SetupGetTrimForXoscHfCtl.part.3
                0x0000000000006fdc       0x20 obj_cc26x0-cc13x0/setup_rom.o
 .text.NOROM_SetupGetTrimForRadcExtCfg.part.4
                0x0000000000006ffc       0x20 obj_cc26x0-cc13x0/setup_rom.o
 .text.NOROM_SetupSetVddrLevel
                0x000000000000701c       0xa4 obj_cc26x0-cc13x0/setup_rom.o
                0x000000000000701c                NOROM_SetupSetVddrLevel
 .text.NOROM_SetupAfterColdResetWakeupFromShutDownCfg1
                0x00000000000070c0       0xc0 obj_cc26x0-cc13x0/setup_rom.o
                0x00000000000070c0                NOROM_SetupAfterColdResetWakeupFromShutDownCfg1
 .text.NOROM_SetupAfterColdResetWakeupFromShutDownCfg3
                0x0000000000007180      0x194 obj_cc26x0-cc13x0/setup_rom.o
                0x0000000000007180                NOROM_SetupAfterColdResetWakeupFromShutDownCfg3
 .text.NOROM_SetupGetTrimForAnabypassValue1
                0x0000000000007314       0x64 obj_cc26x0-cc13x0/setup_rom.o
                0x0000000000007314                NOROM_SetupGetTrimForAnabypassValue1
 .text.NOROM_SetupGetTrimForAmpcompCtrl
                0x0000000000007378       0x74 obj_cc26x0-cc13x0/setup_rom.o
                0x0000000000007378                NOROM_SetupGetTrimForAmpcompCtrl
 .text.NOROM_SetupAfterColdResetWakeupFromShutDownCfg2
                0x00000000000073ec      0x19c obj_cc26x0-cc13x0/setup_rom.o
                0x00000000000073ec                NOROM_SetupAfterColdResetWakeupFromShutDownCfg2
 .text.NOROM_SetupSetCacheModeAccordingToCcfgSetting
                0x0000000000007588       0x6c obj_cc26x0-cc13x0/setup_rom.o
                0x0000000000007588                NOROM_SetupSetCacheModeAccordingToCcfgSetting
 .text.NOROM_ChipInfo_GetChipFamily
                0x00000000000075f4       0x50 obj_cc26x0-cc13x0/chipinfo.o
                0x00000000000075f4                NOROM_ChipInfo_GetChipFamily
 .text.NOROM_ChipInfo_GetChipType
                0x0000000000007644       0x30 obj_cc26x0-cc13x0/chipinfo.o
                0x0000000000007644                NOROM_ChipInfo_GetChipType
 .text.NOROM_ChipInfo_GetHwRevision
                0x0000000000007674       0x70 obj_cc26x0-cc13x0/chipinfo.o
                0x0000000000007674                NOROM_ChipInfo_GetHwRevision
 .text.NOROM_ThisCodeIsBuiltForCC13xxHwRev20AndLater_HaltIfViolated
                0x00000000000076e4       0x18 obj_cc26x0-cc13x0/chipinfo.o
                0x00000000000076e4                NOROM_ThisCodeIsBuiltForCC13xxHwRev20AndLater_HaltIfViolated
 .text.NOROM_TRNGConfigure
                0x00000000000076fc       0x38 obj_cc26x0-cc13x0/trng.o
                0x00000000000076fc                NOROM_TRNGConfigure
 .text.fill_space
                0x0000000000007734       0x3c obj_cc26x0-cc13x0/strformat.o
 .text.format_str_v
                0x0000000000007770      0x95c obj_cc26x0-cc13x0/strformat.o
                0x0000000000007770                format_str_v
 .text.write_str
                0x00000000000080cc       0x14 obj_cc26x0-cc13x0/printf.o
 .text.printf   0x00000000000080e0       0x24 obj_cc26x0-cc13x0/printf.o
                0x00000000000080e0                printf
 .text.buffer_str
                0x0000000000008104       0x28 obj_cc26x0-cc13x0/snprintf.o
 .text.snprintf
                0x000000000000812c       0x38 obj_cc26x0-cc13x0/snprintf.o
                0x000000000000812c                snprintf
 .text.on       0x0000000000008164        0xc obj_cc26x0-cc13x0/csma.o
 .text.off      0x0000000000008170        0xc obj_cc26x0-cc13x0/csma.o
 .text.input_packet
                0x000000000000817c       0xc4 obj_cc26x0-cc13x0/csma.o
 .text.send_packet
                0x0000000000008240        0x4 obj_cc26x0-cc13x0/csma.o
 .text.init     0x0000000000008244       0x14 obj_cc26x0-cc13x0/csma.o
 .text.schedule_transmission
                0x0000000000008258       0x38 obj_cc26x0-cc13x0/csma-output.o
 .text.tx_done  0x0000000000008290       0x94 obj_cc26x0-cc13x0/csma-output.o
 .text.transmit_from_queue
                0x0000000000008324      0x230 obj_cc26x0-cc13x0/csma-output.o
 .text.csma_output_packet
                0x0000000000008554      0x15c obj_cc26x0-cc13x0/csma-output.o
                0x0000000000008554                csma_output_packet
 .text.csma_output_init
                0x00000000000086b0       0x28 obj_cc26x0-cc13x0/csma-output.o
                0x00000000000086b0                csma_output_init
 .text.uipbuf_get_attr
                0x00000000000086d8       0x14 obj_cc26x0-cc13x0/uipbuf.o
                0x00000000000086d8                uipbuf_get_attr
 .text.uipbuf_clear_attr
                0x00000000000086ec       0x18 obj_cc26x0-cc13x0/uipbuf.o
                0x00000000000086ec                uipbuf_clear_attr
 .text.echo_reply_input
                0x0000000000008704       0xb4 obj_cc26x0-cc13x0/uip-icmp6.o
 .text.echo_request_input
                0x00000000000087b8       0xb8 obj_cc26x0-cc13x0/uip-icmp6.o
 .text.uip_icmp6_input
                0x0000000000008870       0x3c obj_cc26x0-cc13x0/uip-icmp6.o
                0x0000000000008870                uip_icmp6_input
 .text.uip_icmp6_register_input_handler
                0x00000000000088ac        0xc obj_cc26x0-cc13x0/uip-icmp6.o
                0x00000000000088ac                uip_icmp6_register_input_handler
 .text.uip_icmp6_error_output
                0x00000000000088b8      0x168 obj_cc26x0-cc13x0/uip-icmp6.o
                0x00000000000088b8                uip_icmp6_error_output
 .text.uip_icmp6_send
                0x0000000000008a20       0x88 obj_cc26x0-cc13x0/uip-icmp6.o
                0x0000000000008a20                uip_icmp6_send
 .text.uip_icmp6_init
                0x0000000000008aa8       0x24 obj_cc26x0-cc13x0/uip-icmp6.o
                0x0000000000008aa8                uip_icmp6_init
 .text.node_matches_address.part.0
                0x0000000000008acc       0x28 obj_cc26x0-cc13x0/uip-sr.o
 .text.uip_sr_get_node
                0x0000000000008af4       0x3c obj_cc26x0-cc13x0/uip-sr.o
                0x0000000000008af4                uip_sr_get_node
 .text.uip_sr_is_addr_reachable
                0x0000000000008b30       0x4c obj_cc26x0-cc13x0/uip-sr.o
                0x0000000000008b30                uip_sr_is_addr_reachable
 .text.uip_sr_expire_parent
                0x0000000000008b7c       0x2c obj_cc26x0-cc13x0/uip-sr.o
                0x0000000000008b7c                uip_sr_expire_parent
 .text.uip_sr_update_node
                0x0000000000008ba8       0xb0 obj_cc26x0-cc13x0/uip-sr.o
                0x0000000000008ba8                uip_sr_update_node
 .text.uip_sr_init
                0x0000000000008c58       0x24 obj_cc26x0-cc13x0/uip-sr.o
                0x0000000000008c58                uip_sr_init
 .text.uip_sr_periodic
                0x0000000000008c7c       0x88 obj_cc26x0-cc13x0/uip-sr.o
                0x0000000000008c7c                uip_sr_periodic
 .text.uip_sr_free_all
                0x0000000000008d04       0x40 obj_cc26x0-cc13x0/uip-sr.o
                0x0000000000008d04                uip_sr_free_all
 .text.uip_ds6_list_loop
                0x0000000000008d44       0x60 obj_cc26x0-cc13x0/uip-ds6.o
                0x0000000000008d44                uip_ds6_list_loop
 .text.uip_ds6_prefix_add
                0x0000000000008da4       0x6c obj_cc26x0-cc13x0/uip-ds6.o
                0x0000000000008da4                uip_ds6_prefix_add
 .text.uip_ds6_is_addr_onlink
                0x0000000000008e10       0x44 obj_cc26x0-cc13x0/uip-ds6.o
                0x0000000000008e10                uip_ds6_is_addr_onlink
 .text.uip_ds6_addr_lookup
                0x0000000000008e54       0x30 obj_cc26x0-cc13x0/uip-ds6.o
                0x0000000000008e54                uip_ds6_addr_lookup
 .text.uip_ds6_get_link_local
                0x0000000000008e84       0x44 obj_cc26x0-cc13x0/uip-ds6.o
                0x0000000000008e84                uip_ds6_get_link_local
 .text.uip_ds6_maddr_add
                0x0000000000008ec8       0x50 obj_cc26x0-cc13x0/uip-ds6.o
                0x0000000000008ec8                uip_ds6_maddr_add
 .text.uip_ds6_addr_add
                0x0000000000008f18       0xa8 obj_cc26x0-cc13x0/uip-ds6.o
                0x0000000000008f18                uip_ds6_addr_add
 .text.uip_ds6_maddr_lookup
                0x0000000000008fc0       0x30 obj_cc26x0-cc13x0/uip-ds6.o
                0x0000000000008fc0                uip_ds6_maddr_lookup
 .text.uip_ds6_addr_rm
                0x0000000000008ff0       0x48 obj_cc26x0-cc13x0/uip-ds6.o
                0x0000000000008ff0                uip_ds6_addr_rm
 .text.uip_ds6_periodic
                0x0000000000009038       0x5c obj_cc26x0-cc13x0/uip-ds6.o
                0x0000000000009038                uip_ds6_periodic
 .text.uip_ds6_select_src
                0x0000000000009094       0xf4 obj_cc26x0-cc13x0/uip-ds6.o
                0x0000000000009094                uip_ds6_select_src
 .text.uip_ds6_set_addr_iid
                0x0000000000009188       0x18 obj_cc26x0-cc13x0/uip-ds6.o
                0x0000000000009188                uip_ds6_set_addr_iid
 .text.uip_ds6_set_lladdr_from_iid
                0x00000000000091a0       0x18 obj_cc26x0-cc13x0/uip-ds6.o
                0x00000000000091a0                uip_ds6_set_lladdr_from_iid
 .text.uip_ds6_compute_reachable_time
                0x00000000000091b8       0x28 obj_cc26x0-cc13x0/uip-ds6.o
                0x00000000000091b8                uip_ds6_compute_reachable_time
 .text.uip_ds6_init
                0x00000000000091e0       0xf8 obj_cc26x0-cc13x0/uip-ds6.o
                0x00000000000091e0                uip_ds6_init
 .text.uiplib_ipaddr_snprint
                0x00000000000092d8       0xfc obj_cc26x0-cc13x0/uiplib.o
                0x00000000000092d8                uiplib_ipaddr_snprint
 .text.uip_udp_packet_send
                0x00000000000093d4       0x40 obj_cc26x0-cc13x0/uip-udp-packet.o
                0x00000000000093d4                uip_udp_packet_send
 .text.uip_udp_packet_sendto
                0x0000000000009414       0x48 obj_cc26x0-cc13x0/uip-udp-packet.o
                0x0000000000009414                uip_udp_packet_sendto
 .text.uip_ds6_route_init
                0x000000000000945c       0x1c obj_cc26x0-cc13x0/uip-ds6-route.o
                0x000000000000945c                uip_ds6_route_init
 .text.uip_ds6_route_nexthop
                0x0000000000009478        0x4 obj_cc26x0-cc13x0/uip-ds6-route.o
                0x0000000000009478                uip_ds6_route_nexthop
 .text.uip_ds6_route_lookup
                0x000000000000947c        0x4 obj_cc26x0-cc13x0/uip-ds6-route.o
                0x000000000000947c                uip_ds6_route_lookup
 .text.uip_ds6_route_rm
                0x0000000000009480        0x4 obj_cc26x0-cc13x0/uip-ds6-route.o
                0x0000000000009480                uip_ds6_route_rm
 .text.uip_ds6_defrt_rm
                0x0000000000009484       0x3c obj_cc26x0-cc13x0/uip-ds6-route.o
                0x0000000000009484                uip_ds6_defrt_rm
 .text.uip_ds6_defrt_lookup
                0x00000000000094c0       0x3c obj_cc26x0-cc13x0/uip-ds6-route.o
                0x00000000000094c0                uip_ds6_defrt_lookup
 .text.uip_ds6_defrt_add
                0x00000000000094fc       0x5c obj_cc26x0-cc13x0/uip-ds6-route.o
                0x00000000000094fc                uip_ds6_defrt_add
 .text.uip_ds6_defrt_choose
                0x0000000000009558       0x34 obj_cc26x0-cc13x0/uip-ds6-route.o
                0x0000000000009558                uip_ds6_defrt_choose
 .text.uip_ds6_defrt_periodic
                0x000000000000958c       0x3c obj_cc26x0-cc13x0/uip-ds6-route.o
                0x000000000000958c                uip_ds6_defrt_periodic
 .text.tcpip_output
                0x00000000000095c8       0x40 obj_cc26x0-cc13x0/tcpip.o
                0x00000000000095c8                tcpip_output
 .text.udp_new  0x0000000000009608       0x18 obj_cc26x0-cc13x0/tcpip.o
                0x0000000000009608                udp_new
 .text.tcpip_input
                0x0000000000009620       0x34 obj_cc26x0-cc13x0/tcpip.o
                0x0000000000009620                tcpip_input
 .text.tcpip_ipv6_output
                0x0000000000009654      0x100 obj_cc26x0-cc13x0/tcpip.o
                0x0000000000009654                tcpip_ipv6_output
 .text.packet_input.part.4
                0x0000000000009754       0x1c obj_cc26x0-cc13x0/tcpip.o
 .text.process_thread_tcpip_process
                0x0000000000009770       0xd8 obj_cc26x0-cc13x0/tcpip.o
 .text.tcpip_uipcall
                0x0000000000009848       0x2c obj_cc26x0-cc13x0/tcpip.o
                0x0000000000009848                tcpip_uipcall
 .text.chksum   0x0000000000009874       0x50 obj_cc26x0-cc13x0/uip6.o
 .text.upper_layer_chksum
                0x00000000000098c4       0x58 obj_cc26x0-cc13x0/uip6.o
 .text.ext_hdr_options_process
                0x000000000000991c       0xd8 obj_cc26x0-cc13x0/uip6.o
 .text.uip_icmp6chksum
                0x00000000000099f4        0x8 obj_cc26x0-cc13x0/uip6.o
                0x00000000000099f4                uip_icmp6chksum
 .text.uip_init
                0x00000000000099fc       0x30 obj_cc26x0-cc13x0/uip6.o
                0x00000000000099fc                uip_init
 .text.remove_ext_hdr
                0x0000000000009a2c       0x64 obj_cc26x0-cc13x0/uip6.o
                0x0000000000009a2c                remove_ext_hdr
 .text.uip_udp_new
                0x0000000000009a90       0x98 obj_cc26x0-cc13x0/uip6.o
                0x0000000000009a90                uip_udp_new
 .text.uip_process
                0x0000000000009b28      0x5bc obj_cc26x0-cc13x0/uip6.o
                0x0000000000009b28                uip_process
 .text.uip_htonl
                0x000000000000a0e4       0x14 obj_cc26x0-cc13x0/uip6.o
                0x000000000000a0e4                uip_htonl
 .text.uip_ds6_nbr_rm
                0x000000000000a0f8       0x24 obj_cc26x0-cc13x0/uip-ds6-nbr.o
                0x000000000000a0f8                uip_ds6_nbr_rm
 .text.uip_ds6_neighbors_init
                0x000000000000a11c       0x1c obj_cc26x0-cc13x0/uip-ds6-nbr.o
                0x000000000000a11c                uip_ds6_neighbors_init
 .text.uip_ds6_nbr_add
                0x000000000000a138       0x40 obj_cc26x0-cc13x0/uip-ds6-nbr.o
                0x000000000000a138                uip_ds6_nbr_add
 .text.uip_ds6_nbr_update_ll
                0x000000000000a178       0x64 obj_cc26x0-cc13x0/uip-ds6-nbr.o
                0x000000000000a178                uip_ds6_nbr_update_ll
 .text.uip_ds6_nbr_get_ll
                0x000000000000a1dc        0xc obj_cc26x0-cc13x0/uip-ds6-nbr.o
                0x000000000000a1dc                uip_ds6_nbr_get_ll
 .text.uip_ds6_nbr_head
                0x000000000000a1e8        0xc obj_cc26x0-cc13x0/uip-ds6-nbr.o
                0x000000000000a1e8                uip_ds6_nbr_head
 .text.uip_ds6_nbr_next
                0x000000000000a1f4        0xc obj_cc26x0-cc13x0/uip-ds6-nbr.o
                0x000000000000a1f4                uip_ds6_nbr_next
 .text.uip_ds6_nbr_lookup
                0x000000000000a200       0x3c obj_cc26x0-cc13x0/uip-ds6-nbr.o
                0x000000000000a200                uip_ds6_nbr_lookup
 .text.uip_ds6_nbr_ipaddr_from_lladdr
                0x000000000000a23c        0xc obj_cc26x0-cc13x0/uip-ds6-nbr.o
                0x000000000000a23c                uip_ds6_nbr_ipaddr_from_lladdr
 .text.uip_ds6_nbr_lladdr_from_ipaddr
                0x000000000000a248       0x1c obj_cc26x0-cc13x0/uip-ds6-nbr.o
                0x000000000000a248                uip_ds6_nbr_lladdr_from_ipaddr
 .text.uip_ds6_link_callback
                0x000000000000a264        0x4 obj_cc26x0-cc13x0/uip-ds6-nbr.o
                0x000000000000a264                uip_ds6_link_callback
 .text.ns_input
                0x000000000000a268      0x29c obj_cc26x0-cc13x0/uip-nd6.o
 .text.uip_nd6_init
                0x000000000000a504        0xc obj_cc26x0-cc13x0/uip-nd6.o
                0x000000000000a504                uip_nd6_init
 .text.process_thread_simple_udp_process
                0x000000000000a510       0xa8 obj_cc26x0-cc13x0/simple-udp.o
 .text.simple_udp_sendto
                0x000000000000a5b8       0x1c obj_cc26x0-cc13x0/simple-udp.o
                0x000000000000a5b8                simple_udp_sendto
 .text.simple_udp_register
                0x000000000000a5d4       0x74 obj_cc26x0-cc13x0/simple-udp.o
                0x000000000000a5d4                simple_udp_register
 .text.sicslowpan_init
                0x000000000000a648       0x18 obj_cc26x0-cc13x0/sicslowpan.o
                0x000000000000a648                sicslowpan_init
 .text.set_packet_attrs
                0x000000000000a660       0x4c obj_cc26x0-cc13x0/sicslowpan.o
 .text.compress_addr_64
                0x000000000000a6ac       0xa0 obj_cc26x0-cc13x0/sicslowpan.o
 .text.addr_context_lookup_by_prefix
                0x000000000000a74c       0x24 obj_cc26x0-cc13x0/sicslowpan.o
 .text.send_packet
                0x000000000000a770       0x24 obj_cc26x0-cc13x0/sicslowpan.o
 .text.fragment_copy_payload_and_send
                0x000000000000a794       0x6c obj_cc26x0-cc13x0/sicslowpan.o
 .text.output   0x000000000000a800      0x8dc obj_cc26x0-cc13x0/sicslowpan.o
 .text.packet_sent
                0x000000000000b0dc       0x5c obj_cc26x0-cc13x0/sicslowpan.o
 .text.store_fragment
                0x000000000000b138       0x68 obj_cc26x0-cc13x0/sicslowpan.o
 .text.add_fragment
                0x000000000000b1a0      0x19c obj_cc26x0-cc13x0/sicslowpan.o
 .text.uncompress_addr
                0x000000000000b33c       0xb0 obj_cc26x0-cc13x0/sicslowpan.o
 .text.input    0x000000000000b3ec      0x844 obj_cc26x0-cc13x0/sicslowpan.o
 .text.update_state
                0x000000000000bc30       0xa0 obj_cc26x0-cc13x0/rpl-nbr-policy.o
 .text.rpl_nbr_policy_find_removable
                0x000000000000bcd0       0x58 obj_cc26x0-cc13x0/rpl-nbr-policy.o
                0x000000000000bcd0                rpl_nbr_policy_find_removable
 .text.remove_neighbor
                0x000000000000bd28       0x3c obj_cc26x0-cc13x0/rpl-neighbor.o
 .text.rpl_neighbor_get_from_lladdr
                0x000000000000bd64       0x10 obj_cc26x0-cc13x0/rpl-neighbor.o
                0x000000000000bd64                rpl_neighbor_get_from_lladdr
 .text.rpl_neighbor_rank_via_nbr
                0x000000000000bd74       0x18 obj_cc26x0-cc13x0/rpl-neighbor.o
                0x000000000000bd74                rpl_neighbor_rank_via_nbr
 .text.rpl_neighbor_get_ipaddr
                0x000000000000bd8c       0x18 obj_cc26x0-cc13x0/rpl-neighbor.o
                0x000000000000bd8c                rpl_neighbor_get_ipaddr
 .text.rpl_neighbor_get_link_stats
                0x000000000000bda4       0x18 obj_cc26x0-cc13x0/rpl-neighbor.o
                0x000000000000bda4                rpl_neighbor_get_link_stats
 .text.best_parent
                0x000000000000bdbc       0xac obj_cc26x0-cc13x0/rpl-neighbor.o
 .text.rpl_neighbor_is_fresh
                0x000000000000be68       0x10 obj_cc26x0-cc13x0/rpl-neighbor.o
                0x000000000000be68                rpl_neighbor_is_fresh
 .text.rpl_neighbor_is_parent
                0x000000000000be78       0x18 obj_cc26x0-cc13x0/rpl-neighbor.o
                0x000000000000be78                rpl_neighbor_is_parent
 .text.rpl_neighbor_set_preferred_parent
                0x000000000000be90       0x44 obj_cc26x0-cc13x0/rpl-neighbor.o
                0x000000000000be90                rpl_neighbor_set_preferred_parent
 .text.rpl_neighbor_remove_all
                0x000000000000bed4       0x30 obj_cc26x0-cc13x0/rpl-neighbor.o
                0x000000000000bed4                rpl_neighbor_remove_all
 .text.rpl_neighbor_get_from_ipaddr
                0x000000000000bf04       0x1c obj_cc26x0-cc13x0/rpl-neighbor.o
                0x000000000000bf04                rpl_neighbor_get_from_ipaddr
 .text.rpl_neighbor_select_best
                0x000000000000bf20       0x5c obj_cc26x0-cc13x0/rpl-neighbor.o
                0x000000000000bf20                rpl_neighbor_select_best
 .text.rpl_neighbor_init
                0x000000000000bf7c       0x14 obj_cc26x0-cc13x0/rpl-neighbor.o
                0x000000000000bf7c                rpl_neighbor_init
 .text.init_dag
                0x000000000000bf90       0x7c obj_cc26x0-cc13x0/rpl-dag.o
 .text.init_dag_from_dio
                0x000000000000c00c       0x98 obj_cc26x0-cc13x0/rpl-dag.o
 .text.rpl_local_repair.part.2
                0x000000000000c0a4       0x30 obj_cc26x0-cc13x0/rpl-dag.o
 .text.rpl_global_repair.part.3
                0x000000000000c0d4       0x2c obj_cc26x0-cc13x0/rpl-dag.o
 .text.rpl_dag_update_state.part.4
                0x000000000000c100      0x144 obj_cc26x0-cc13x0/rpl-dag.o
 .text.rpl_dag_get_root_ipaddr
                0x000000000000c244       0x30 obj_cc26x0-cc13x0/rpl-dag.o
                0x000000000000c244                rpl_dag_get_root_ipaddr
 .text.rpl_dag_leave
                0x000000000000c274       0x54 obj_cc26x0-cc13x0/rpl-dag.o
                0x000000000000c274                rpl_dag_leave
 .text.rpl_dag_poison_and_leave
                0x000000000000c2c8       0x10 obj_cc26x0-cc13x0/rpl-dag.o
                0x000000000000c2c8                rpl_dag_poison_and_leave
 .text.rpl_dag_periodic
                0x000000000000c2d8       0x48 obj_cc26x0-cc13x0/rpl-dag.o
                0x000000000000c2d8                rpl_dag_periodic
 .text.rpl_is_addr_in_our_dag
                0x000000000000c320       0x28 obj_cc26x0-cc13x0/rpl-dag.o
                0x000000000000c320                rpl_is_addr_in_our_dag
 .text.rpl_global_repair
                0x000000000000c348       0x14 obj_cc26x0-cc13x0/rpl-dag.o
                0x000000000000c348                rpl_global_repair
 .text.rpl_local_repair
                0x000000000000c35c       0x10 obj_cc26x0-cc13x0/rpl-dag.o
                0x000000000000c35c                rpl_local_repair
 .text.rpl_dag_ready_to_advertise
                0x000000000000c36c       0x24 obj_cc26x0-cc13x0/rpl-dag.o
                0x000000000000c36c                rpl_dag_ready_to_advertise
 .text.rpl_dag_update_state
                0x000000000000c390       0x10 obj_cc26x0-cc13x0/rpl-dag.o
                0x000000000000c390                rpl_dag_update_state
 .text.rpl_process_dio
                0x000000000000c3a0      0x1a8 obj_cc26x0-cc13x0/rpl-dag.o
                0x000000000000c3a0                rpl_process_dio
 .text.rpl_process_dis
                0x000000000000c548       0x28 obj_cc26x0-cc13x0/rpl-dag.o
                0x000000000000c548                rpl_process_dis
 .text.rpl_process_dao
                0x000000000000c570       0x28 obj_cc26x0-cc13x0/rpl-dag.o
                0x000000000000c570                rpl_process_dao
 .text.rpl_process_hbh
                0x000000000000c598       0x2c obj_cc26x0-cc13x0/rpl-dag.o
                0x000000000000c598                rpl_process_hbh
 .text.rpl_dag_init_root
                0x000000000000c5c4       0xb8 obj_cc26x0-cc13x0/rpl-dag.o
                0x000000000000c5c4                rpl_dag_init_root
 .text.rpl_dag_init
                0x000000000000c67c       0x10 obj_cc26x0-cc13x0/rpl-dag.o
                0x000000000000c67c                rpl_dag_init
 .text.new_dio_interval
                0x000000000000c68c       0x60 obj_cc26x0-cc13x0/rpl-timers.o
 .text.handle_unicast_dio_timer
                0x000000000000c6ec       0x1c obj_cc26x0-cc13x0/rpl-timers.o
 .text.handle_leaving_timer
                0x000000000000c708       0x10 obj_cc26x0-cc13x0/rpl-timers.o
 .text.handle_state_update
                0x000000000000c718        0x4 obj_cc26x0-cc13x0/rpl-timers.o
 .text.handle_dio_timer
                0x000000000000c71c       0x9c obj_cc26x0-cc13x0/rpl-timers.o
 .text.rpl_schedule_probing.part.4
                0x000000000000c7b8       0x38 obj_cc26x0-cc13x0/rpl-timers.o
 .text.rpl_timers_schedule_periodic_dis
                0x000000000000c7f0       0x44 obj_cc26x0-cc13x0/rpl-timers.o
                0x000000000000c7f0                rpl_timers_schedule_periodic_dis
 .text.handle_dis_timer
                0x000000000000c834       0x34 obj_cc26x0-cc13x0/rpl-timers.o
 .text.handle_periodic_timer
                0x000000000000c868       0x54 obj_cc26x0-cc13x0/rpl-timers.o
 .text.rpl_timers_dio_reset
                0x000000000000c8bc       0x2c obj_cc26x0-cc13x0/rpl-timers.o
                0x000000000000c8bc                rpl_timers_dio_reset
 .text.handle_dao_timer
                0x000000000000c8e8       0x98 obj_cc26x0-cc13x0/rpl-timers.o
 .text.rpl_timers_schedule_unicast_dio
                0x000000000000c980       0x2c obj_cc26x0-cc13x0/rpl-timers.o
                0x000000000000c980                rpl_timers_schedule_unicast_dio
 .text.rpl_timers_schedule_dao
                0x000000000000c9ac       0x4c obj_cc26x0-cc13x0/rpl-timers.o
                0x000000000000c9ac                rpl_timers_schedule_dao
 .text.get_probing_target
                0x000000000000c9f8       0xe0 obj_cc26x0-cc13x0/rpl-timers.o
                0x000000000000c9f8                get_probing_target
 .text.handle_probing_timer
                0x000000000000cad8       0x30 obj_cc26x0-cc13x0/rpl-timers.o
 .text.rpl_schedule_probing
                0x000000000000cb08       0x10 obj_cc26x0-cc13x0/rpl-timers.o
                0x000000000000cb08                rpl_schedule_probing
 .text.rpl_schedule_probing_now
                0x000000000000cb18       0x2c obj_cc26x0-cc13x0/rpl-timers.o
                0x000000000000cb18                rpl_schedule_probing_now
 .text.rpl_timers_unschedule_leaving
                0x000000000000cb44       0x28 obj_cc26x0-cc13x0/rpl-timers.o
                0x000000000000cb44                rpl_timers_unschedule_leaving
 .text.rpl_timers_schedule_leaving
                0x000000000000cb6c       0x34 obj_cc26x0-cc13x0/rpl-timers.o
                0x000000000000cb6c                rpl_timers_schedule_leaving
 .text.rpl_timers_init
                0x000000000000cba0       0x20 obj_cc26x0-cc13x0/rpl-timers.o
                0x000000000000cba0                rpl_timers_init
 .text.rpl_timers_stop_dag_timers
                0x000000000000cbc0       0x3c obj_cc26x0-cc13x0/rpl-timers.o
                0x000000000000cbc0                rpl_timers_stop_dag_timers
 .text.rpl_timers_unschedule_state_update
                0x000000000000cbfc       0x14 obj_cc26x0-cc13x0/rpl-timers.o
                0x000000000000cbfc                rpl_timers_unschedule_state_update
 .text.rpl_timers_schedule_state_update
                0x000000000000cc10       0x1c obj_cc26x0-cc13x0/rpl-timers.o
                0x000000000000cc10                rpl_timers_schedule_state_update
 .text.update_hbh_header
                0x000000000000cc2c       0x64 obj_cc26x0-cc13x0/rpl-ext-header.o
 .text.rpl_ext_header_srh_get_next_hop
                0x000000000000cc90       0xdc obj_cc26x0-cc13x0/rpl-ext-header.o
                0x000000000000cc90                rpl_ext_header_srh_get_next_hop
 .text.rpl_ext_header_srh_update
                0x000000000000cd6c       0xe8 obj_cc26x0-cc13x0/rpl-ext-header.o
                0x000000000000cd6c                rpl_ext_header_srh_update
 .text.rpl_ext_header_hbh_update
                0x000000000000ce54       0xb8 obj_cc26x0-cc13x0/rpl-ext-header.o
                0x000000000000ce54                rpl_ext_header_hbh_update
 .text.rpl_ext_header_remove
                0x000000000000cf0c       0xc8 obj_cc26x0-cc13x0/rpl-ext-header.o
                0x000000000000cf0c                rpl_ext_header_remove
 .text.rpl_ext_header_update
                0x000000000000cfd4      0x360 obj_cc26x0-cc13x0/rpl-ext-header.o
                0x000000000000cfd4                rpl_ext_header_update
 .text.rpl_has_joined
                0x000000000000d334       0x18 obj_cc26x0-cc13x0/rpl.o
                0x000000000000d334                rpl_has_joined
 .text.rpl_is_reachable
                0x000000000000d34c       0x1c obj_cc26x0-cc13x0/rpl.o
                0x000000000000d34c                rpl_is_reachable
 .text.neighbor_state_changed
                0x000000000000d368        0x4 obj_cc26x0-cc13x0/rpl.o
 .text.drop_route
                0x000000000000d36c        0x4 obj_cc26x0-cc13x0/rpl.o
 .text.get_sr_node_ipaddr
                0x000000000000d370       0x30 obj_cc26x0-cc13x0/rpl.o
 .text.set_ip_from_prefix
                0x000000000000d3a0       0x2c obj_cc26x0-cc13x0/rpl.o
 .text.init     0x000000000000d3cc       0x40 obj_cc26x0-cc13x0/rpl.o
 .text.rpl_link_callback
                0x000000000000d40c       0x30 obj_cc26x0-cc13x0/rpl.o
                0x000000000000d40c                rpl_link_callback
 .text.rpl_lollipop_greater_than
                0x000000000000d43c       0x3c obj_cc26x0-cc13x0/rpl.o
                0x000000000000d43c                rpl_lollipop_greater_than
 .text.rpl_get_global_address
                0x000000000000d478       0x6c obj_cc26x0-cc13x0/rpl.o
                0x000000000000d478                rpl_get_global_address
 .text.rpl_reset_prefix
                0x000000000000d4e4       0x2c obj_cc26x0-cc13x0/rpl.o
                0x000000000000d4e4                rpl_reset_prefix
 .text.rpl_set_prefix_from_addr
                0x000000000000d510       0x78 obj_cc26x0-cc13x0/rpl.o
                0x000000000000d510                rpl_set_prefix_from_addr
 .text.rpl_get_leaf_only
                0x000000000000d588        0xc obj_cc26x0-cc13x0/rpl.o
                0x000000000000d588                rpl_get_leaf_only
 .text.reset    0x000000000000d594        0x4 obj_cc26x0-cc13x0/rpl-mrhof.o
 .text.update_metric_container
                0x000000000000d598        0xc obj_cc26x0-cc13x0/rpl-mrhof.o
 .text.nbr_link_metric
                0x000000000000d5a4       0x14 obj_cc26x0-cc13x0/rpl-mrhof.o
 .text.nbr_has_usable_link
                0x000000000000d5b8       0x18 obj_cc26x0-cc13x0/rpl-mrhof.o
 .text.nbr_path_cost.part.0
                0x000000000000d5d0       0x3c obj_cc26x0-cc13x0/rpl-mrhof.o
 .text.nbr_path_cost
                0x000000000000d60c        0xc obj_cc26x0-cc13x0/rpl-mrhof.o
 .text.within_hysteresis
                0x000000000000d618       0x4c obj_cc26x0-cc13x0/rpl-mrhof.o
 .text.rank_via_nbr
                0x000000000000d664       0x30 obj_cc26x0-cc13x0/rpl-mrhof.o
 .text.nbr_is_acceptable_parent
                0x000000000000d694       0x34 obj_cc26x0-cc13x0/rpl-mrhof.o
 .text.best_parent
                0x000000000000d6c8       0x80 obj_cc26x0-cc13x0/rpl-mrhof.o
 .text.get32    0x000000000000d748       0x20 obj_cc26x0-cc13x0/rpl-icmp6.o
 .text.dao_input
                0x000000000000d768      0x120 obj_cc26x0-cc13x0/rpl-icmp6.o
 .text.dio_input
                0x000000000000d888      0x270 obj_cc26x0-cc13x0/rpl-icmp6.o
 .text.dis_input
                0x000000000000daf8       0x40 obj_cc26x0-cc13x0/rpl-icmp6.o
 .text.rpl_icmp6_update_nbr_table
                0x000000000000db38       0x38 obj_cc26x0-cc13x0/rpl-icmp6.o
                0x000000000000db38                rpl_icmp6_update_nbr_table
 .text.rpl_icmp6_dis_output
                0x000000000000db70       0x3c obj_cc26x0-cc13x0/rpl-icmp6.o
                0x000000000000db70                rpl_icmp6_dis_output
 .text.rpl_icmp6_dio_output
                0x000000000000dbac      0x290 obj_cc26x0-cc13x0/rpl-icmp6.o
                0x000000000000dbac                rpl_icmp6_dio_output
 .text.rpl_icmp6_dao_output
                0x000000000000de3c       0xcc obj_cc26x0-cc13x0/rpl-icmp6.o
                0x000000000000de3c                rpl_icmp6_dao_output
 .text.rpl_icmp6_init
                0x000000000000df08       0x24 obj_cc26x0-cc13x0/rpl-icmp6.o
                0x000000000000df08                rpl_icmp6_init
 .text.set_global_address
                0x000000000000df2c       0x5c obj_cc26x0-cc13x0/rpl-dag-root.o
 .text.rpl_dag_root_set_prefix
                0x000000000000df88       0x18 obj_cc26x0-cc13x0/rpl-dag-root.o
                0x000000000000df88                rpl_dag_root_set_prefix
 .text.rpl_dag_root_start
                0x000000000000dfa0       0x7c obj_cc26x0-cc13x0/rpl-dag-root.o
                0x000000000000dfa0                rpl_dag_root_start
 .text.rpl_dag_root_is_root
                0x000000000000e01c       0x1c obj_cc26x0-cc13x0/rpl-dag-root.o
                0x000000000000e01c                rpl_dag_root_is_root
 .text.process_thread_report_process
                0x000000000000e038       0x58 app.o
 .text.Alarm_handler
                0x000000000000e090      0x10c app.o
 .text.I2CReciveCB
                0x000000000000e19c       0x90 app.o
 .text.HexTo2ASC
                0x000000000000e22c       0x40 app.o
                0x000000000000e22c                HexTo2ASC
 .text.HexTo4ASC
                0x000000000000e26c       0x18 app.o
                0x000000000000e26c                HexTo4ASC
 .text.protocolPackingFunc
                0x000000000000e284      0x1e0 app.o
                0x000000000000e284                protocolPackingFunc
 .text.sensorEventHandler
                0x000000000000e464      0x2d0 app.o